<!doctype html public "-//w3c//dtd html 4.0 transitional//en">
<html><head>
<title>Static Call Graph - [.\Objects\JASP_4C123.axf]</title></head>
<body><HR>
<H1>Static Call Graph for image .\Objects\JASP_4C123.axf</H1><HR>
<BR><P>#&#060CALLGRAPH&#062# ARM Linker, 5060750: Last Updated: Thu Dec 05 06:39:19 2019
<BR><P>
<H3>Maximum Stack Usage =       1040 bytes + Unknown(Functions without stacksize, Cycles, Untraceable Function Pointers)</H3><H3>
Call chain for Maximum Stack Depth:</H3>
lv_img_design &rArr; lv_draw_img &rArr; lv_img_draw_core &rArr; lv_draw_label &rArr; lv_draw_rect &rArr; lv_draw_shadow &rArr; lv_draw_shadow_full &rArr; lv_draw_get_buf &rArr; lv_debug_log_error &rArr; strlen
<P>
<H3>
Functions with no stack information
</H3><UL>
 <LI><a href="#[c3]">Reset_Handler</a>
 <LI><a href="#[2cc]">DisableInterrupts</a>
 <LI><a href="#[10c]">EnableInterrupts</a>
 <LI><a href="#[f1]">StartCritical</a>
 <LI><a href="#[f2]">EndCritical</a>
 <LI><a href="#[2cd]">WaitForInterrupt</a>
 <LI><a href="#[d8]">__user_initial_stackheap</a>
</UL>
</UL>
<P>
<H3>
Mutually Recursive functions
</H3> <LI><a href="#[19]">NMI_Handler</a>&nbsp;&nbsp;&nbsp;&rArr;&nbsp;&nbsp;&nbsp;<a href="#[19]">NMI_Handler</a><BR>
 <LI><a href="#[1a]">HardFault_Handler</a>&nbsp;&nbsp;&nbsp;&rArr;&nbsp;&nbsp;&nbsp;<a href="#[1a]">HardFault_Handler</a><BR>
 <LI><a href="#[1b]">MemManage_Handler</a>&nbsp;&nbsp;&nbsp;&rArr;&nbsp;&nbsp;&nbsp;<a href="#[1b]">MemManage_Handler</a><BR>
 <LI><a href="#[1c]">BusFault_Handler</a>&nbsp;&nbsp;&nbsp;&rArr;&nbsp;&nbsp;&nbsp;<a href="#[1c]">BusFault_Handler</a><BR>
 <LI><a href="#[1d]">UsageFault_Handler</a>&nbsp;&nbsp;&nbsp;&rArr;&nbsp;&nbsp;&nbsp;<a href="#[1d]">UsageFault_Handler</a><BR>
 <LI><a href="#[1e]">SVC_Handler</a>&nbsp;&nbsp;&nbsp;&rArr;&nbsp;&nbsp;&nbsp;<a href="#[1e]">SVC_Handler</a><BR>
 <LI><a href="#[1f]">DebugMon_Handler</a>&nbsp;&nbsp;&nbsp;&rArr;&nbsp;&nbsp;&nbsp;<a href="#[1f]">DebugMon_Handler</a><BR>
 <LI><a href="#[20]">PendSV_Handler</a>&nbsp;&nbsp;&nbsp;&rArr;&nbsp;&nbsp;&nbsp;<a href="#[20]">PendSV_Handler</a><BR>
 <LI><a href="#[21]">SysTick_Handler</a>&nbsp;&nbsp;&nbsp;&rArr;&nbsp;&nbsp;&nbsp;<a href="#[21]">SysTick_Handler</a><BR>
 <LI><a href="#[30]">ADC0Seq0_Handler</a>&nbsp;&nbsp;&nbsp;&rArr;&nbsp;&nbsp;&nbsp;<a href="#[30]">ADC0Seq0_Handler</a><BR>
 <LI><a href="#[1e6]">lv_event_send_func</a>&nbsp;&nbsp;&nbsp;&rArr;&nbsp;&nbsp;&nbsp;<a href="#[14e]">lv_event_send</a><BR>
 <LI><a href="#[14b]">delete_children</a>&nbsp;&nbsp;&nbsp;&rArr;&nbsp;&nbsp;&nbsp;<a href="#[14b]">delete_children</a><BR>
 <LI><a href="#[24b]">refresh_children_position</a>&nbsp;&nbsp;&nbsp;&rArr;&nbsp;&nbsp;&nbsp;<a href="#[24b]">refresh_children_position</a><BR>
 <LI><a href="#[24c]">refresh_children_style</a>&nbsp;&nbsp;&nbsp;&rArr;&nbsp;&nbsp;&nbsp;<a href="#[24c]">refresh_children_style</a><BR>
 <LI><a href="#[269]">lv_ta_add_text</a>&nbsp;&nbsp;&nbsp;&rArr;&nbsp;&nbsp;&nbsp;<a href="#[166]">lv_ta_add_char</a><BR>
 <LI><a href="#[267]">lv_refr_obj</a>&nbsp;&nbsp;&nbsp;&rArr;&nbsp;&nbsp;&nbsp;<a href="#[267]">lv_refr_obj</a><BR>
 <LI><a href="#[263]">lv_refr_get_top_obj</a>&nbsp;&nbsp;&nbsp;&rArr;&nbsp;&nbsp;&nbsp;<a href="#[263]">lv_refr_get_top_obj</a><BR>
 <LI><a href="#[245]">report_style_mod_core</a>&nbsp;&nbsp;&nbsp;&rArr;&nbsp;&nbsp;&nbsp;<a href="#[245]">report_style_mod_core</a><BR>
</UL>
<P>
<H3>
Function Pointers
</H3><UL>
 <LI><a href="#[30]">ADC0Seq0_Handler</a> from startup.o(RESET) referenced from startup.o(RESET)
 <LI><a href="#[31]">ADC0Seq1_Handler</a> from startup.o(RESET) referenced from startup.o(RESET)
 <LI><a href="#[32]">ADC0Seq2_Handler</a> from startup.o(RESET) referenced from startup.o(RESET)
 <LI><a href="#[33]">ADC0Seq3_Handler</a> from startup.o(RESET) referenced from startup.o(RESET)
 <LI><a href="#[52]">ADC1Seq0_Handler</a> from startup.o(RESET) referenced from startup.o(RESET)
 <LI><a href="#[53]">ADC1Seq1_Handler</a> from startup.o(RESET) referenced from startup.o(RESET)
 <LI><a href="#[54]">ADC1Seq2_Handler</a> from startup.o(RESET) referenced from startup.o(RESET)
 <LI><a href="#[55]">ADC1Seq3_Handler</a> from startup.o(RESET) referenced from startup.o(RESET)
 <LI><a href="#[1c]">BusFault_Handler</a> from startup.o(RESET) referenced from startup.o(RESET)
 <LI><a href="#[49]">CAN0_Handler</a> from startup.o(RESET) referenced from startup.o(RESET)
 <LI><a href="#[4a]">CAN1_Handler</a> from startup.o(RESET) referenced from startup.o(RESET)
 <LI><a href="#[4b]">CAN2_Handler</a> from startup.o(RESET) referenced from startup.o(RESET)
 <LI><a href="#[3b]">Comp0_Handler</a> from startup.o(RESET) referenced from startup.o(RESET)
 <LI><a href="#[3c]">Comp1_Handler</a> from startup.o(RESET) referenced from startup.o(RESET)
 <LI><a href="#[3d]">Comp2_Handler</a> from startup.o(RESET) referenced from startup.o(RESET)
 <LI><a href="#[1f]">DebugMon_Handler</a> from startup.o(RESET) referenced from startup.o(RESET)
 <LI><a href="#[4c]">Ethernet_Handler</a> from startup.o(RESET) referenced from startup.o(RESET)
 <LI><a href="#[57]">ExtBus_Handler</a> from startup.o(RESET) referenced from startup.o(RESET)
 <LI><a href="#[74]">FPU_Handler</a> from startup.o(RESET) referenced from startup.o(RESET)
 <LI><a href="#[7c]">Fan0_Handler</a> from startup.o(RESET) referenced from startup.o(RESET)
 <LI><a href="#[3f]">FlashCtl_Handler</a> from startup.o(RESET) referenced from startup.o(RESET)
 <LI><a href="#[22]">GPIOPortA_Handler</a> from startup.o(RESET) referenced from startup.o(RESET)
 <LI><a href="#[23]">GPIOPortB_Handler</a> from startup.o(RESET) referenced from startup.o(RESET)
 <LI><a href="#[24]">GPIOPortC_Handler</a> from startup.o(RESET) referenced from startup.o(RESET)
 <LI><a href="#[25]">GPIOPortD_Handler</a> from startup.o(RESET) referenced from startup.o(RESET)
 <LI><a href="#[26]">GPIOPortE_Handler</a> from startup.o(RESET) referenced from startup.o(RESET)
 <LI><a href="#[40]">GPIOPortF_Handler</a> from startup.o(RESET) referenced from startup.o(RESET)
 <LI><a href="#[41]">GPIOPortG_Handler</a> from startup.o(RESET) referenced from startup.o(RESET)
 <LI><a href="#[42]">GPIOPortH_Handler</a> from startup.o(RESET) referenced from startup.o(RESET)
 <LI><a href="#[58]">GPIOPortJ_Handler</a> from startup.o(RESET) referenced from startup.o(RESET)
 <LI><a href="#[59]">GPIOPortK_Handler</a> from startup.o(RESET) referenced from startup.o(RESET)
 <LI><a href="#[5a]">GPIOPortL_Handler</a> from startup.o(RESET) referenced from startup.o(RESET)
 <LI><a href="#[79]">GPIOPortM_Handler</a> from startup.o(RESET) referenced from startup.o(RESET)
 <LI><a href="#[7a]">GPIOPortN_Handler</a> from startup.o(RESET) referenced from startup.o(RESET)
 <LI><a href="#[7e]">GPIOPortP1_Handler</a> from startup.o(RESET) referenced from startup.o(RESET)
 <LI><a href="#[7f]">GPIOPortP2_Handler</a> from startup.o(RESET) referenced from startup.o(RESET)
 <LI><a href="#[80]">GPIOPortP3_Handler</a> from startup.o(RESET) referenced from startup.o(RESET)
 <LI><a href="#[81]">GPIOPortP4_Handler</a> from startup.o(RESET) referenced from startup.o(RESET)
 <LI><a href="#[82]">GPIOPortP5_Handler</a> from startup.o(RESET) referenced from startup.o(RESET)
 <LI><a href="#[83]">GPIOPortP6_Handler</a> from startup.o(RESET) referenced from startup.o(RESET)
 <LI><a href="#[84]">GPIOPortP7_Handler</a> from startup.o(RESET) referenced from startup.o(RESET)
 <LI><a href="#[7d]">GPIOPortP_Handler</a> from startup.o(RESET) referenced from startup.o(RESET)
 <LI><a href="#[86]">GPIOPortQ1_Handler</a> from startup.o(RESET) referenced from startup.o(RESET)
 <LI><a href="#[87]">GPIOPortQ2_Handler</a> from startup.o(RESET) referenced from startup.o(RESET)
 <LI><a href="#[88]">GPIOPortQ3_Handler</a> from startup.o(RESET) referenced from startup.o(RESET)
 <LI><a href="#[89]">GPIOPortQ4_Handler</a> from startup.o(RESET) referenced from startup.o(RESET)
 <LI><a href="#[8a]">GPIOPortQ5_Handler</a> from startup.o(RESET) referenced from startup.o(RESET)
 <LI><a href="#[8b]">GPIOPortQ6_Handler</a> from startup.o(RESET) referenced from startup.o(RESET)
 <LI><a href="#[8c]">GPIOPortQ7_Handler</a> from startup.o(RESET) referenced from startup.o(RESET)
 <LI><a href="#[85]">GPIOPortQ_Handler</a> from startup.o(RESET) referenced from startup.o(RESET)
 <LI><a href="#[8d]">GPIOPortR_Handler</a> from startup.o(RESET) referenced from startup.o(RESET)
 <LI><a href="#[8e]">GPIOPortS_Handler</a> from startup.o(RESET) referenced from startup.o(RESET)
 <LI><a href="#[1a]">HardFault_Handler</a> from startup.o(RESET) referenced from startup.o(RESET)
 <LI><a href="#[4d]">Hibernate_Handler</a> from startup.o(RESET) referenced from startup.o(RESET)
 <LI><a href="#[2a]">I2C0_Handler</a> from startup.o(RESET) referenced from startup.o(RESET)
 <LI><a href="#[47]">I2C1_Handler</a> from startup.o(RESET) referenced from startup.o(RESET)
 <LI><a href="#[62]">I2C2_Handler</a> from startup.o(RESET) referenced from startup.o(RESET)
 <LI><a href="#[63]">I2C3_Handler</a> from startup.o(RESET) referenced from startup.o(RESET)
 <LI><a href="#[77]">I2C4_Handler</a> from startup.o(RESET) referenced from startup.o(RESET)
 <LI><a href="#[78]">I2C5_Handler</a> from startup.o(RESET) referenced from startup.o(RESET)
 <LI><a href="#[56]">I2S0_Handler</a> from startup.o(RESET) referenced from startup.o(RESET)
 <LI><a href="#[76]">LPC0_Handler</a> from startup.o(RESET) referenced from startup.o(RESET)
 <LI><a href="#[1b]">MemManage_Handler</a> from startup.o(RESET) referenced from startup.o(RESET)
 <LI><a href="#[19]">NMI_Handler</a> from startup.o(RESET) referenced from startup.o(RESET)
 <LI><a href="#[75]">PECI0_Handler</a> from startup.o(RESET) referenced from startup.o(RESET)
 <LI><a href="#[2b]">PWM0Fault_Handler</a> from startup.o(RESET) referenced from startup.o(RESET)
 <LI><a href="#[2c]">PWM0Generator0_Handler</a> from startup.o(RESET) referenced from startup.o(RESET)
 <LI><a href="#[2d]">PWM0Generator1_Handler</a> from startup.o(RESET) referenced from startup.o(RESET)
 <LI><a href="#[2e]">PWM0Generator2_Handler</a> from startup.o(RESET) referenced from startup.o(RESET)
 <LI><a href="#[4f]">PWM0Generator3_Handler</a> from startup.o(RESET) referenced from startup.o(RESET)
 <LI><a href="#[93]">PWM1Fault_Handler</a> from startup.o(RESET) referenced from startup.o(RESET)
 <LI><a href="#[8f]">PWM1Generator0_Handler</a> from startup.o(RESET) referenced from startup.o(RESET)
 <LI><a href="#[90]">PWM1Generator1_Handler</a> from startup.o(RESET) referenced from startup.o(RESET)
 <LI><a href="#[91]">PWM1Generator2_Handler</a> from startup.o(RESET) referenced from startup.o(RESET)
 <LI><a href="#[92]">PWM1Generator3_Handler</a> from startup.o(RESET) referenced from startup.o(RESET)
 <LI><a href="#[20]">PendSV_Handler</a> from startup.o(RESET) referenced from startup.o(RESET)
 <LI><a href="#[2f]">Quadrature0_Handler</a> from startup.o(RESET) referenced from startup.o(RESET)
 <LI><a href="#[48]">Quadrature1_Handler</a> from startup.o(RESET) referenced from startup.o(RESET)
 <LI><a href="#[7b]">Quadrature2_Handler</a> from startup.o(RESET) referenced from startup.o(RESET)
 <LI><a href="#[c3]">Reset_Handler</a> from startup.o(RESET) referenced from startup.o(RESET)
 <LI><a href="#[29]">SSI0_Handler</a> from startup.o(RESET) referenced from startup.o(RESET)
 <LI><a href="#[44]">SSI1_Handler</a> from startup.o(RESET) referenced from startup.o(RESET)
 <LI><a href="#[5b]">SSI2_Handler</a> from startup.o(RESET) referenced from startup.o(RESET)
 <LI><a href="#[5c]">SSI3_Handler</a> from startup.o(RESET) referenced from startup.o(RESET)
 <LI><a href="#[1e]">SVC_Handler</a> from startup.o(RESET) referenced from startup.o(RESET)
 <LI><a href="#[3e]">SysCtl_Handler</a> from startup.o(RESET) referenced from startup.o(RESET)
 <LI><a href="#[21]">SysTick_Handler</a> from startup.o(RESET) referenced from startup.o(RESET)
 <LI><a href="#[35]">Timer0A_Handler</a> from ui_components.o(i.Timer0A_Handler) referenced from startup.o(RESET)
 <LI><a href="#[36]">Timer0B_Handler</a> from startup.o(RESET) referenced from startup.o(RESET)
 <LI><a href="#[37]">Timer1A_Handler</a> from main.o(i.Timer1A_Handler) referenced from startup.o(RESET)
 <LI><a href="#[38]">Timer1B_Handler</a> from startup.o(RESET) referenced from startup.o(RESET)
 <LI><a href="#[39]">Timer2A_Handler</a> from matrix.o(i.Timer2A_Handler) referenced from startup.o(RESET)
 <LI><a href="#[3a]">Timer2B_Handler</a> from startup.o(RESET) referenced from startup.o(RESET)
 <LI><a href="#[45]">Timer3A_Handler</a> from startup.o(RESET) referenced from startup.o(RESET)
 <LI><a href="#[46]">Timer3B_Handler</a> from startup.o(RESET) referenced from startup.o(RESET)
 <LI><a href="#[64]">Timer4A_Handler</a> from startup.o(RESET) referenced from startup.o(RESET)
 <LI><a href="#[65]">Timer4B_Handler</a> from startup.o(RESET) referenced from startup.o(RESET)
 <LI><a href="#[66]">Timer5A_Handler</a> from startup.o(RESET) referenced from startup.o(RESET)
 <LI><a href="#[67]">Timer5B_Handler</a> from startup.o(RESET) referenced from startup.o(RESET)
 <LI><a href="#[27]">UART0_Handler</a> from uart_putty.o(i.UART0_Handler) referenced from startup.o(RESET)
 <LI><a href="#[28]">UART1_Handler</a> from startup.o(RESET) referenced from startup.o(RESET)
 <LI><a href="#[43]">UART2_Handler</a> from startup.o(RESET) referenced from startup.o(RESET)
 <LI><a href="#[5d]">UART3_Handler</a> from startup.o(RESET) referenced from startup.o(RESET)
 <LI><a href="#[5e]">UART4_Handler</a> from startup.o(RESET) referenced from startup.o(RESET)
 <LI><a href="#[5f]">UART5_Handler</a> from uart.o(i.UART5_Handler) referenced from startup.o(RESET)
 <LI><a href="#[60]">UART6_Handler</a> from startup.o(RESET) referenced from startup.o(RESET)
 <LI><a href="#[61]">UART7_Handler</a> from startup.o(RESET) referenced from startup.o(RESET)
 <LI><a href="#[4e]">USB0_Handler</a> from startup.o(RESET) referenced from startup.o(RESET)
 <LI><a href="#[1d]">UsageFault_Handler</a> from startup.o(RESET) referenced from startup.o(RESET)
 <LI><a href="#[34]">WDT_Handler</a> from startup.o(RESET) referenced from startup.o(RESET)
 <LI><a href="#[68]">WideTimer0A_Handler</a> from startup.o(RESET) referenced from startup.o(RESET)
 <LI><a href="#[69]">WideTimer0B_Handler</a> from startup.o(RESET) referenced from startup.o(RESET)
 <LI><a href="#[6a]">WideTimer1A_Handler</a> from startup.o(RESET) referenced from startup.o(RESET)
 <LI><a href="#[6b]">WideTimer1B_Handler</a> from startup.o(RESET) referenced from startup.o(RESET)
 <LI><a href="#[6c]">WideTimer2A_Handler</a> from startup.o(RESET) referenced from startup.o(RESET)
 <LI><a href="#[6d]">WideTimer2B_Handler</a> from startup.o(RESET) referenced from startup.o(RESET)
 <LI><a href="#[6e]">WideTimer3A_Handler</a> from startup.o(RESET) referenced from startup.o(RESET)
 <LI><a href="#[6f]">WideTimer3B_Handler</a> from startup.o(RESET) referenced from startup.o(RESET)
 <LI><a href="#[70]">WideTimer4A_Handler</a> from startup.o(RESET) referenced from startup.o(RESET)
 <LI><a href="#[71]">WideTimer4B_Handler</a> from startup.o(RESET) referenced from startup.o(RESET)
 <LI><a href="#[72]">WideTimer5A_Handler</a> from startup.o(RESET) referenced from startup.o(RESET)
 <LI><a href="#[73]">WideTimer5B_Handler</a> from startup.o(RESET) referenced from startup.o(RESET)
 <LI><a href="#[98]">anim_task</a> from lv_anim.o(i.anim_task) referenced from lv_anim.o(i.lv_anim_core_init)
 <LI><a href="#[c]">callBusyDelete</a> from main.o(i.callBusyDelete) referenced 2 times from main.o(.data)
 <LI><a href="#[7]">callBusyDisplay</a> from main.o(i.callBusyDisplay) referenced 2 times from main.o(.data)
 <LI><a href="#[a]">callDelete</a> from main.o(i.callDelete) referenced 2 times from main.o(.data)
 <LI><a href="#[5]">callDisplay</a> from main.o(i.callDisplay) referenced 2 times from main.o(.data)
 <LI><a href="#[be]">cursor_blink_anim</a> from lv_ta.o(i.cursor_blink_anim) referenced from lv_ta.o(i.lv_ta_create)
 <LI><a href="#[be]">cursor_blink_anim</a> from lv_ta.o(i.cursor_blink_anim) referenced from lv_ta.o(i.lv_ta_set_cursor_pos)
 <LI><a href="#[b5]">edge_flash_anim</a> from lv_page.o(i.edge_flash_anim) referenced from lv_page.o(i.lv_page_start_edge_flash)
 <LI><a href="#[b6]">edge_flash_anim_end</a> from lv_page.o(i.edge_flash_anim_end) referenced from lv_page.o(i.lv_page_start_edge_flash)
 <LI><a href="#[97]">kern_pair_16_compare</a> from lv_font_fmt_txt.o(i.kern_pair_16_compare) referenced from lv_font_fmt_txt.o(i.get_kern_value)
 <LI><a href="#[96]">kern_pair_8_compare</a> from lv_font_fmt_txt.o(i.kern_pair_8_compare) referenced from lv_font_fmt_txt.o(i.get_kern_value)
 <LI><a href="#[a9]">lv_anim_path_linear</a> from lv_anim.o(i.lv_anim_path_linear) referenced from lv_label.o(i.lv_label_refr_text)
 <LI><a href="#[a9]">lv_anim_path_linear</a> from lv_anim.o(i.lv_anim_path_linear) referenced from lv_page.o(i.lv_page_scroll_hor)
 <LI><a href="#[a9]">lv_anim_path_linear</a> from lv_anim.o(i.lv_anim_path_linear) referenced from lv_page.o(i.lv_page_scroll_ver)
 <LI><a href="#[a9]">lv_anim_path_linear</a> from lv_anim.o(i.lv_anim_path_linear) referenced from lv_page.o(i.lv_page_start_edge_flash)
 <LI><a href="#[b9]">lv_anim_path_step</a> from lv_anim.o(i.lv_anim_path_step) referenced from lv_ta.o(i.lv_ta_add_char)
 <LI><a href="#[b9]">lv_anim_path_step</a> from lv_anim.o(i.lv_anim_path_step) referenced from lv_ta.o(i.lv_ta_add_text)
 <LI><a href="#[b9]">lv_anim_path_step</a> from lv_anim.o(i.lv_anim_path_step) referenced from lv_ta.o(i.lv_ta_create)
 <LI><a href="#[b9]">lv_anim_path_step</a> from lv_anim.o(i.lv_anim_path_step) referenced from lv_ta.o(i.lv_ta_set_cursor_pos)
 <LI><a href="#[b9]">lv_anim_path_step</a> from lv_anim.o(i.lv_anim_path_step) referenced from lv_ta.o(i.lv_ta_set_text)
 <LI><a href="#[9a]">lv_btn_design</a> from lv_btn.o(i.lv_btn_design) referenced from lv_btn.o(i.lv_btn_create)
 <LI><a href="#[99]">lv_btn_signal</a> from lv_btn.o(i.lv_btn_signal) referenced from lv_btn.o(i.lv_btn_create)
 <LI><a href="#[9b]">lv_cont_signal</a> from lv_cont.o(i.lv_cont_signal) referenced from lv_cont.o(i.lv_cont_create)
 <LI><a href="#[9c]">lv_disp_refr_task</a> from lv_refr.o(i.lv_disp_refr_task) referenced from lv_hal_disp.o(i.lv_disp_drv_register)
 <LI><a href="#[f]">lv_font_get_bitmap_fmt_txt</a> from lv_font_fmt_txt.o(i.lv_font_get_bitmap_fmt_txt) referenced 2 times from lv_font_roboto_16.o(.data)
 <LI><a href="#[e]">lv_font_get_glyph_dsc_fmt_txt</a> from lv_font_fmt_txt.o(i.lv_font_get_glyph_dsc_fmt_txt) referenced 2 times from lv_font_roboto_16.o(.data)
 <LI><a href="#[a6]">lv_img_decoder_built_in_close</a> from lv_img_decoder.o(i.lv_img_decoder_built_in_close) referenced from lv_img_decoder.o(i.lv_img_decoder_init)
 <LI><a href="#[a3]">lv_img_decoder_built_in_info</a> from lv_img_decoder.o(i.lv_img_decoder_built_in_info) referenced from lv_img_decoder.o(i.lv_img_decoder_init)
 <LI><a href="#[a4]">lv_img_decoder_built_in_open</a> from lv_img_decoder.o(i.lv_img_decoder_built_in_open) referenced from lv_img_decoder.o(i.lv_img_decoder_init)
 <LI><a href="#[a5]">lv_img_decoder_built_in_read_line</a> from lv_img_decoder.o(i.lv_img_decoder_built_in_read_line) referenced from lv_img_decoder.o(i.lv_img_decoder_init)
 <LI><a href="#[a2]">lv_img_design</a> from lv_img.o(i.lv_img_design) referenced from lv_img.o(i.lv_img_create)
 <LI><a href="#[a1]">lv_img_signal</a> from lv_img.o(i.lv_img_signal) referenced from lv_img.o(i.lv_img_create)
 <LI><a href="#[a7]">lv_label_design</a> from lv_label.o(i.lv_label_design) referenced from lv_label.o(i.lv_label_create)
 <LI><a href="#[aa]">lv_label_set_offset_x</a> from lv_label.o(i.lv_label_set_offset_x) referenced from lv_label.o(i.lv_label_refr_text)
 <LI><a href="#[aa]">lv_label_set_offset_x</a> from lv_label.o(i.lv_label_set_offset_x) referenced from lv_label.o(i.lv_label_set_long_mode)
 <LI><a href="#[ab]">lv_label_set_offset_y</a> from lv_label.o(i.lv_label_set_offset_y) referenced from lv_label.o(i.lv_label_refr_text)
 <LI><a href="#[ab]">lv_label_set_offset_y</a> from lv_label.o(i.lv_label_set_offset_y) referenced from lv_label.o(i.lv_label_set_long_mode)
 <LI><a href="#[a8]">lv_label_signal</a> from lv_label.o(i.lv_label_signal) referenced from lv_label.o(i.lv_label_create)
 <LI><a href="#[9e]">lv_ll_get_head</a> from lv_ll.o(i.lv_ll_get_head) referenced from lv_group.o(i.lv_group_focus_next)
 <LI><a href="#[9d]">lv_ll_get_next</a> from lv_ll.o(i.lv_ll_get_next) referenced from lv_group.o(i.lv_group_focus_next)
 <LI><a href="#[9f]">lv_ll_get_prev</a> from lv_ll.o(i.lv_ll_get_prev) referenced from lv_group.o(i.lv_group_focus_prev)
 <LI><a href="#[a0]">lv_ll_get_tail</a> from lv_ll.o(i.lv_ll_get_tail) referenced from lv_group.o(i.lv_group_focus_prev)
 <LI><a href="#[af]">lv_obj_design</a> from lv_obj.o(i.lv_obj_design) referenced from lv_obj.o(i.lv_obj_create)
 <LI><a href="#[ac]">lv_obj_set_x</a> from lv_obj.o(i.lv_obj_set_x) referenced from lv_label.o(i.lv_label_set_long_mode)
 <LI><a href="#[ac]">lv_obj_set_x</a> from lv_obj.o(i.lv_obj_set_x) referenced from lv_page.o(i.lv_page_scroll_hor)
 <LI><a href="#[ad]">lv_obj_set_y</a> from lv_obj.o(i.lv_obj_set_y) referenced from lv_label.o(i.lv_label_set_long_mode)
 <LI><a href="#[ad]">lv_obj_set_y</a> from lv_obj.o(i.lv_obj_set_y) referenced from lv_page.o(i.lv_page_scroll_ver)
 <LI><a href="#[ae]">lv_obj_signal</a> from lv_obj.o(i.lv_obj_signal) referenced from lv_obj.o(i.lv_obj_create)
 <LI><a href="#[b4]">lv_page_design</a> from lv_page.o(i.lv_page_design) referenced from lv_page.o(i.lv_page_create)
 <LI><a href="#[b0]">lv_page_scrollable_signal</a> from lv_page.o(i.lv_page_scrollable_signal) referenced from lv_page.o(i.lv_page_create)
 <LI><a href="#[b3]">lv_page_signal</a> from lv_page.o(i.lv_page_signal) referenced from lv_page.o(i.lv_page_create)
 <LI><a href="#[b1]">lv_scrl_design</a> from lv_page.o(i.lv_scrl_design) referenced from lv_page.o(i.lv_page_create)
 <LI><a href="#[bc]">lv_ta_design</a> from lv_ta.o(i.lv_ta_design) referenced from lv_ta.o(i.lv_ta_create)
 <LI><a href="#[bd]">lv_ta_scrollable_design</a> from lv_ta.o(i.lv_ta_scrollable_design) referenced from lv_ta.o(i.lv_ta_create)
 <LI><a href="#[bb]">lv_ta_scrollable_signal</a> from lv_ta.o(i.lv_ta_scrollable_signal) referenced from lv_ta.o(i.lv_ta_create)
 <LI><a href="#[ba]">lv_ta_signal</a> from lv_ta.o(i.lv_ta_signal) referenced from lv_ta.o(i.lv_ta_create)
 <LI><a href="#[11]">lv_txt_unicode_to_utf8</a> from lv_txt.o(i.lv_txt_unicode_to_utf8) referenced 2 times from lv_txt.o(.data)
 <LI><a href="#[12]">lv_txt_utf8_conv_wc</a> from lv_txt.o(i.lv_txt_utf8_conv_wc) referenced 2 times from lv_txt.o(.data)
 <LI><a href="#[15]">lv_txt_utf8_get_byte_id</a> from lv_txt.o(i.lv_txt_utf8_get_byte_id) referenced 2 times from lv_txt.o(.data)
 <LI><a href="#[16]">lv_txt_utf8_get_char_id</a> from lv_txt.o(i.lv_txt_utf8_get_char_id) referenced 2 times from lv_txt.o(.data)
 <LI><a href="#[17]">lv_txt_utf8_get_length</a> from lv_txt.o(i.lv_txt_utf8_get_length) referenced 2 times from lv_txt.o(.data)
 <LI><a href="#[13]">lv_txt_utf8_next</a> from lv_txt.o(i.lv_txt_utf8_next) referenced 2 times from lv_txt.o(.data)
 <LI><a href="#[14]">lv_txt_utf8_prev</a> from lv_txt.o(i.lv_txt_utf8_prev) referenced 2 times from lv_txt.o(.data)
 <LI><a href="#[10]">lv_txt_utf8_size</a> from lv_txt.o(i.lv_txt_utf8_size) referenced 2 times from lv_txt.o(.data)
 <LI><a href="#[9]">mainDelete</a> from main.o(i.mainDelete) referenced 2 times from main.o(.data)
 <LI><a href="#[4]">mainDisplay</a> from main.o(i.mainDisplay) referenced 2 times from main.o(.data)
 <LI><a href="#[94]">my_disp_flush</a> from ui_components.o(i.my_disp_flush) referenced from ui_components.o(i.LittlevGL_Init)
 <LI><a href="#[b7]">pwd_char_hider_anim</a> from lv_ta.o(i.pwd_char_hider_anim) referenced from lv_ta.o(i.lv_ta_add_char)
 <LI><a href="#[b7]">pwd_char_hider_anim</a> from lv_ta.o(i.pwd_char_hider_anim) referenced from lv_ta.o(i.lv_ta_add_text)
 <LI><a href="#[b7]">pwd_char_hider_anim</a> from lv_ta.o(i.pwd_char_hider_anim) referenced from lv_ta.o(i.lv_ta_set_text)
 <LI><a href="#[b8]">pwd_char_hider_anim_ready</a> from lv_ta.o(i.pwd_char_hider_anim_ready) referenced from lv_ta.o(i.lv_ta_add_char)
 <LI><a href="#[b8]">pwd_char_hider_anim_ready</a> from lv_ta.o(i.pwd_char_hider_anim_ready) referenced from lv_ta.o(i.lv_ta_add_text)
 <LI><a href="#[b8]">pwd_char_hider_anim_ready</a> from lv_ta.o(i.pwd_char_hider_anim_ready) referenced from lv_ta.o(i.lv_ta_set_text)
 <LI><a href="#[b2]">scrl_def_event_cb</a> from lv_page.o(i.scrl_def_event_cb) referenced from lv_page.o(i.lv_page_create)
 <LI><a href="#[bf]">style_mod</a> from lv_theme_night.o(i.style_mod) referenced from lv_theme_night.o(i.lv_theme_night_init)
 <LI><a href="#[c1]">style_mod_def</a> from lv_group.o(i.style_mod_def) referenced from lv_group.o(i.refresh_theme)
 <LI><a href="#[c0]">style_mod_edit</a> from lv_theme_night.o(i.style_mod_edit) referenced from lv_theme_night.o(i.lv_theme_night_init)
 <LI><a href="#[c2]">style_mod_edit_def</a> from lv_group.o(i.style_mod_edit_def) referenced from lv_group.o(i.refresh_theme)
 <LI><a href="#[d]">textBusyDelete</a> from main.o(i.textBusyDelete) referenced 2 times from main.o(.data)
 <LI><a href="#[8]">textBusyDisplay</a> from main.o(i.textBusyDisplay) referenced 2 times from main.o(.data)
 <LI><a href="#[b]">textDelete</a> from main.o(i.textDelete) referenced 2 times from main.o(.data)
 <LI><a href="#[6]">textDisplay</a> from main.o(i.textDisplay) referenced 2 times from main.o(.data)
 <LI><a href="#[51]">uDMA_Error</a> from startup.o(RESET) referenced from startup.o(RESET)
 <LI><a href="#[50]">uDMA_Handler</a> from startup.o(RESET) referenced from startup.o(RESET)
 <LI><a href="#[95]">unicode_list_compare</a> from lv_font_fmt_txt.o(i.unicode_list_compare) referenced from lv_font_fmt_txt.o(i.get_glyph_dsc_id)
</UL>
<P>
<H3>
Global Symbols
</H3>
<P><STRONG><a name="[c3]"></a>Reset_Handler</STRONG> (Thumb, 0 bytes, Stack size unknown bytes, startup.o(RESET))
<BR><BR>[Calls]<UL><LI><a href="#[c4]">&gt;&gt;</a>&nbsp;&nbsp;&nbsp;__main
</UL>

<P><STRONG><a name="[19]"></a>NMI_Handler</STRONG> (Thumb, 2 bytes, Stack size 0 bytes, startup.o(RESET))
<BR><BR>[Calls]<UL><LI><a href="#[19]">&gt;&gt;</a>&nbsp;&nbsp;&nbsp;NMI_Handler
</UL>
<BR>[Called By]<UL><LI><a href="#[19]">&gt;&gt;</a>&nbsp;&nbsp;&nbsp;NMI_Handler
</UL>
<BR>[Address Reference Count : 1]<UL><LI> startup.o(RESET)
</UL>
<P><STRONG><a name="[1a]"></a>HardFault_Handler</STRONG> (Thumb, 2 bytes, Stack size 0 bytes, startup.o(RESET))
<BR><BR>[Calls]<UL><LI><a href="#[1a]">&gt;&gt;</a>&nbsp;&nbsp;&nbsp;HardFault_Handler
</UL>
<BR>[Called By]<UL><LI><a href="#[1a]">&gt;&gt;</a>&nbsp;&nbsp;&nbsp;HardFault_Handler
</UL>
<BR>[Address Reference Count : 1]<UL><LI> startup.o(RESET)
</UL>
<P><STRONG><a name="[1b]"></a>MemManage_Handler</STRONG> (Thumb, 2 bytes, Stack size 0 bytes, startup.o(RESET))
<BR><BR>[Calls]<UL><LI><a href="#[1b]">&gt;&gt;</a>&nbsp;&nbsp;&nbsp;MemManage_Handler
</UL>
<BR>[Called By]<UL><LI><a href="#[1b]">&gt;&gt;</a>&nbsp;&nbsp;&nbsp;MemManage_Handler
</UL>
<BR>[Address Reference Count : 1]<UL><LI> startup.o(RESET)
</UL>
<P><STRONG><a name="[1c]"></a>BusFault_Handler</STRONG> (Thumb, 2 bytes, Stack size 0 bytes, startup.o(RESET))
<BR><BR>[Calls]<UL><LI><a href="#[1c]">&gt;&gt;</a>&nbsp;&nbsp;&nbsp;BusFault_Handler
</UL>
<BR>[Called By]<UL><LI><a href="#[1c]">&gt;&gt;</a>&nbsp;&nbsp;&nbsp;BusFault_Handler
</UL>
<BR>[Address Reference Count : 1]<UL><LI> startup.o(RESET)
</UL>
<P><STRONG><a name="[1d]"></a>UsageFault_Handler</STRONG> (Thumb, 2 bytes, Stack size 0 bytes, startup.o(RESET))
<BR><BR>[Calls]<UL><LI><a href="#[1d]">&gt;&gt;</a>&nbsp;&nbsp;&nbsp;UsageFault_Handler
</UL>
<BR>[Called By]<UL><LI><a href="#[1d]">&gt;&gt;</a>&nbsp;&nbsp;&nbsp;UsageFault_Handler
</UL>
<BR>[Address Reference Count : 1]<UL><LI> startup.o(RESET)
</UL>
<P><STRONG><a name="[1e]"></a>SVC_Handler</STRONG> (Thumb, 2 bytes, Stack size 0 bytes, startup.o(RESET))
<BR><BR>[Calls]<UL><LI><a href="#[1e]">&gt;&gt;</a>&nbsp;&nbsp;&nbsp;SVC_Handler
</UL>
<BR>[Called By]<UL><LI><a href="#[1e]">&gt;&gt;</a>&nbsp;&nbsp;&nbsp;SVC_Handler
</UL>
<BR>[Address Reference Count : 1]<UL><LI> startup.o(RESET)
</UL>
<P><STRONG><a name="[1f]"></a>DebugMon_Handler</STRONG> (Thumb, 2 bytes, Stack size 0 bytes, startup.o(RESET))
<BR><BR>[Calls]<UL><LI><a href="#[1f]">&gt;&gt;</a>&nbsp;&nbsp;&nbsp;DebugMon_Handler
</UL>
<BR>[Called By]<UL><LI><a href="#[1f]">&gt;&gt;</a>&nbsp;&nbsp;&nbsp;DebugMon_Handler
</UL>
<BR>[Address Reference Count : 1]<UL><LI> startup.o(RESET)
</UL>
<P><STRONG><a name="[20]"></a>PendSV_Handler</STRONG> (Thumb, 2 bytes, Stack size 0 bytes, startup.o(RESET))
<BR><BR>[Calls]<UL><LI><a href="#[20]">&gt;&gt;</a>&nbsp;&nbsp;&nbsp;PendSV_Handler
</UL>
<BR>[Called By]<UL><LI><a href="#[20]">&gt;&gt;</a>&nbsp;&nbsp;&nbsp;PendSV_Handler
</UL>
<BR>[Address Reference Count : 1]<UL><LI> startup.o(RESET)
</UL>
<P><STRONG><a name="[21]"></a>SysTick_Handler</STRONG> (Thumb, 2 bytes, Stack size 0 bytes, startup.o(RESET))
<BR><BR>[Calls]<UL><LI><a href="#[21]">&gt;&gt;</a>&nbsp;&nbsp;&nbsp;SysTick_Handler
</UL>
<BR>[Called By]<UL><LI><a href="#[21]">&gt;&gt;</a>&nbsp;&nbsp;&nbsp;SysTick_Handler
</UL>
<BR>[Address Reference Count : 1]<UL><LI> startup.o(RESET)
</UL>
<P><STRONG><a name="[30]"></a>ADC0Seq0_Handler</STRONG> (Thumb, 0 bytes, Stack size 0 bytes, startup.o(RESET))
<BR><BR>[Calls]<UL><LI><a href="#[30]">&gt;&gt;</a>&nbsp;&nbsp;&nbsp;ADC0Seq0_Handler
</UL>
<BR>[Called By]<UL><LI><a href="#[30]">&gt;&gt;</a>&nbsp;&nbsp;&nbsp;ADC0Seq0_Handler
</UL>
<BR>[Address Reference Count : 1]<UL><LI> startup.o(RESET)
</UL>
<P><STRONG><a name="[31]"></a>ADC0Seq1_Handler</STRONG> (Thumb, 0 bytes, Stack size 0 bytes, startup.o(RESET))
<BR>[Address Reference Count : 1]<UL><LI> startup.o(RESET)
</UL>
<P><STRONG><a name="[32]"></a>ADC0Seq2_Handler</STRONG> (Thumb, 0 bytes, Stack size 0 bytes, startup.o(RESET))
<BR>[Address Reference Count : 1]<UL><LI> startup.o(RESET)
</UL>
<P><STRONG><a name="[33]"></a>ADC0Seq3_Handler</STRONG> (Thumb, 0 bytes, Stack size 0 bytes, startup.o(RESET))
<BR>[Address Reference Count : 1]<UL><LI> startup.o(RESET)
</UL>
<P><STRONG><a name="[52]"></a>ADC1Seq0_Handler</STRONG> (Thumb, 0 bytes, Stack size 0 bytes, startup.o(RESET))
<BR>[Address Reference Count : 1]<UL><LI> startup.o(RESET)
</UL>
<P><STRONG><a name="[53]"></a>ADC1Seq1_Handler</STRONG> (Thumb, 0 bytes, Stack size 0 bytes, startup.o(RESET))
<BR>[Address Reference Count : 1]<UL><LI> startup.o(RESET)
</UL>
<P><STRONG><a name="[54]"></a>ADC1Seq2_Handler</STRONG> (Thumb, 0 bytes, Stack size 0 bytes, startup.o(RESET))
<BR>[Address Reference Count : 1]<UL><LI> startup.o(RESET)
</UL>
<P><STRONG><a name="[55]"></a>ADC1Seq3_Handler</STRONG> (Thumb, 0 bytes, Stack size 0 bytes, startup.o(RESET))
<BR>[Address Reference Count : 1]<UL><LI> startup.o(RESET)
</UL>
<P><STRONG><a name="[49]"></a>CAN0_Handler</STRONG> (Thumb, 0 bytes, Stack size 0 bytes, startup.o(RESET))
<BR>[Address Reference Count : 1]<UL><LI> startup.o(RESET)
</UL>
<P><STRONG><a name="[4a]"></a>CAN1_Handler</STRONG> (Thumb, 0 bytes, Stack size 0 bytes, startup.o(RESET))
<BR>[Address Reference Count : 1]<UL><LI> startup.o(RESET)
</UL>
<P><STRONG><a name="[4b]"></a>CAN2_Handler</STRONG> (Thumb, 0 bytes, Stack size 0 bytes, startup.o(RESET))
<BR>[Address Reference Count : 1]<UL><LI> startup.o(RESET)
</UL>
<P><STRONG><a name="[3b]"></a>Comp0_Handler</STRONG> (Thumb, 0 bytes, Stack size 0 bytes, startup.o(RESET))
<BR>[Address Reference Count : 1]<UL><LI> startup.o(RESET)
</UL>
<P><STRONG><a name="[3c]"></a>Comp1_Handler</STRONG> (Thumb, 0 bytes, Stack size 0 bytes, startup.o(RESET))
<BR>[Address Reference Count : 1]<UL><LI> startup.o(RESET)
</UL>
<P><STRONG><a name="[3d]"></a>Comp2_Handler</STRONG> (Thumb, 0 bytes, Stack size 0 bytes, startup.o(RESET))
<BR>[Address Reference Count : 1]<UL><LI> startup.o(RESET)
</UL>
<P><STRONG><a name="[4c]"></a>Ethernet_Handler</STRONG> (Thumb, 0 bytes, Stack size 0 bytes, startup.o(RESET))
<BR>[Address Reference Count : 1]<UL><LI> startup.o(RESET)
</UL>
<P><STRONG><a name="[57]"></a>ExtBus_Handler</STRONG> (Thumb, 0 bytes, Stack size 0 bytes, startup.o(RESET))
<BR>[Address Reference Count : 1]<UL><LI> startup.o(RESET)
</UL>
<P><STRONG><a name="[74]"></a>FPU_Handler</STRONG> (Thumb, 0 bytes, Stack size 0 bytes, startup.o(RESET))
<BR>[Address Reference Count : 1]<UL><LI> startup.o(RESET)
</UL>
<P><STRONG><a name="[7c]"></a>Fan0_Handler</STRONG> (Thumb, 0 bytes, Stack size 0 bytes, startup.o(RESET))
<BR>[Address Reference Count : 1]<UL><LI> startup.o(RESET)
</UL>
<P><STRONG><a name="[3f]"></a>FlashCtl_Handler</STRONG> (Thumb, 0 bytes, Stack size 0 bytes, startup.o(RESET))
<BR>[Address Reference Count : 1]<UL><LI> startup.o(RESET)
</UL>
<P><STRONG><a name="[22]"></a>GPIOPortA_Handler</STRONG> (Thumb, 0 bytes, Stack size 0 bytes, startup.o(RESET))
<BR>[Address Reference Count : 1]<UL><LI> startup.o(RESET)
</UL>
<P><STRONG><a name="[23]"></a>GPIOPortB_Handler</STRONG> (Thumb, 0 bytes, Stack size 0 bytes, startup.o(RESET))
<BR>[Address Reference Count : 1]<UL><LI> startup.o(RESET)
</UL>
<P><STRONG><a name="[24]"></a>GPIOPortC_Handler</STRONG> (Thumb, 0 bytes, Stack size 0 bytes, startup.o(RESET))
<BR>[Address Reference Count : 1]<UL><LI> startup.o(RESET)
</UL>
<P><STRONG><a name="[25]"></a>GPIOPortD_Handler</STRONG> (Thumb, 0 bytes, Stack size 0 bytes, startup.o(RESET))
<BR>[Address Reference Count : 1]<UL><LI> startup.o(RESET)
</UL>
<P><STRONG><a name="[26]"></a>GPIOPortE_Handler</STRONG> (Thumb, 0 bytes, Stack size 0 bytes, startup.o(RESET))
<BR>[Address Reference Count : 1]<UL><LI> startup.o(RESET)
</UL>
<P><STRONG><a name="[40]"></a>GPIOPortF_Handler</STRONG> (Thumb, 0 bytes, Stack size 0 bytes, startup.o(RESET))
<BR>[Address Reference Count : 1]<UL><LI> startup.o(RESET)
</UL>
<P><STRONG><a name="[41]"></a>GPIOPortG_Handler</STRONG> (Thumb, 0 bytes, Stack size 0 bytes, startup.o(RESET))
<BR>[Address Reference Count : 1]<UL><LI> startup.o(RESET)
</UL>
<P><STRONG><a name="[42]"></a>GPIOPortH_Handler</STRONG> (Thumb, 0 bytes, Stack size 0 bytes, startup.o(RESET))
<BR>[Address Reference Count : 1]<UL><LI> startup.o(RESET)
</UL>
<P><STRONG><a name="[58]"></a>GPIOPortJ_Handler</STRONG> (Thumb, 0 bytes, Stack size 0 bytes, startup.o(RESET))
<BR>[Address Reference Count : 1]<UL><LI> startup.o(RESET)
</UL>
<P><STRONG><a name="[59]"></a>GPIOPortK_Handler</STRONG> (Thumb, 0 bytes, Stack size 0 bytes, startup.o(RESET))
<BR>[Address Reference Count : 1]<UL><LI> startup.o(RESET)
</UL>
<P><STRONG><a name="[5a]"></a>GPIOPortL_Handler</STRONG> (Thumb, 0 bytes, Stack size 0 bytes, startup.o(RESET))
<BR>[Address Reference Count : 1]<UL><LI> startup.o(RESET)
</UL>
<P><STRONG><a name="[79]"></a>GPIOPortM_Handler</STRONG> (Thumb, 0 bytes, Stack size 0 bytes, startup.o(RESET))
<BR>[Address Reference Count : 1]<UL><LI> startup.o(RESET)
</UL>
<P><STRONG><a name="[7a]"></a>GPIOPortN_Handler</STRONG> (Thumb, 0 bytes, Stack size 0 bytes, startup.o(RESET))
<BR>[Address Reference Count : 1]<UL><LI> startup.o(RESET)
</UL>
<P><STRONG><a name="[7e]"></a>GPIOPortP1_Handler</STRONG> (Thumb, 0 bytes, Stack size 0 bytes, startup.o(RESET))
<BR>[Address Reference Count : 1]<UL><LI> startup.o(RESET)
</UL>
<P><STRONG><a name="[7f]"></a>GPIOPortP2_Handler</STRONG> (Thumb, 0 bytes, Stack size 0 bytes, startup.o(RESET))
<BR>[Address Reference Count : 1]<UL><LI> startup.o(RESET)
</UL>
<P><STRONG><a name="[80]"></a>GPIOPortP3_Handler</STRONG> (Thumb, 0 bytes, Stack size 0 bytes, startup.o(RESET))
<BR>[Address Reference Count : 1]<UL><LI> startup.o(RESET)
</UL>
<P><STRONG><a name="[81]"></a>GPIOPortP4_Handler</STRONG> (Thumb, 0 bytes, Stack size 0 bytes, startup.o(RESET))
<BR>[Address Reference Count : 1]<UL><LI> startup.o(RESET)
</UL>
<P><STRONG><a name="[82]"></a>GPIOPortP5_Handler</STRONG> (Thumb, 0 bytes, Stack size 0 bytes, startup.o(RESET))
<BR>[Address Reference Count : 1]<UL><LI> startup.o(RESET)
</UL>
<P><STRONG><a name="[83]"></a>GPIOPortP6_Handler</STRONG> (Thumb, 0 bytes, Stack size 0 bytes, startup.o(RESET))
<BR>[Address Reference Count : 1]<UL><LI> startup.o(RESET)
</UL>
<P><STRONG><a name="[84]"></a>GPIOPortP7_Handler</STRONG> (Thumb, 0 bytes, Stack size 0 bytes, startup.o(RESET))
<BR>[Address Reference Count : 1]<UL><LI> startup.o(RESET)
</UL>
<P><STRONG><a name="[7d]"></a>GPIOPortP_Handler</STRONG> (Thumb, 0 bytes, Stack size 0 bytes, startup.o(RESET))
<BR>[Address Reference Count : 1]<UL><LI> startup.o(RESET)
</UL>
<P><STRONG><a name="[86]"></a>GPIOPortQ1_Handler</STRONG> (Thumb, 0 bytes, Stack size 0 bytes, startup.o(RESET))
<BR>[Address Reference Count : 1]<UL><LI> startup.o(RESET)
</UL>
<P><STRONG><a name="[87]"></a>GPIOPortQ2_Handler</STRONG> (Thumb, 0 bytes, Stack size 0 bytes, startup.o(RESET))
<BR>[Address Reference Count : 1]<UL><LI> startup.o(RESET)
</UL>
<P><STRONG><a name="[88]"></a>GPIOPortQ3_Handler</STRONG> (Thumb, 0 bytes, Stack size 0 bytes, startup.o(RESET))
<BR>[Address Reference Count : 1]<UL><LI> startup.o(RESET)
</UL>
<P><STRONG><a name="[89]"></a>GPIOPortQ4_Handler</STRONG> (Thumb, 0 bytes, Stack size 0 bytes, startup.o(RESET))
<BR>[Address Reference Count : 1]<UL><LI> startup.o(RESET)
</UL>
<P><STRONG><a name="[8a]"></a>GPIOPortQ5_Handler</STRONG> (Thumb, 0 bytes, Stack size 0 bytes, startup.o(RESET))
<BR>[Address Reference Count : 1]<UL><LI> startup.o(RESET)
</UL>
<P><STRONG><a name="[8b]"></a>GPIOPortQ6_Handler</STRONG> (Thumb, 0 bytes, Stack size 0 bytes, startup.o(RESET))
<BR>[Address Reference Count : 1]<UL><LI> startup.o(RESET)
</UL>
<P><STRONG><a name="[8c]"></a>GPIOPortQ7_Handler</STRONG> (Thumb, 0 bytes, Stack size 0 bytes, startup.o(RESET))
<BR>[Address Reference Count : 1]<UL><LI> startup.o(RESET)
</UL>
<P><STRONG><a name="[85]"></a>GPIOPortQ_Handler</STRONG> (Thumb, 0 bytes, Stack size 0 bytes, startup.o(RESET))
<BR>[Address Reference Count : 1]<UL><LI> startup.o(RESET)
</UL>
<P><STRONG><a name="[8d]"></a>GPIOPortR_Handler</STRONG> (Thumb, 0 bytes, Stack size 0 bytes, startup.o(RESET))
<BR>[Address Reference Count : 1]<UL><LI> startup.o(RESET)
</UL>
<P><STRONG><a name="[8e]"></a>GPIOPortS_Handler</STRONG> (Thumb, 0 bytes, Stack size 0 bytes, startup.o(RESET))
<BR>[Address Reference Count : 1]<UL><LI> startup.o(RESET)
</UL>
<P><STRONG><a name="[4d]"></a>Hibernate_Handler</STRONG> (Thumb, 0 bytes, Stack size 0 bytes, startup.o(RESET))
<BR>[Address Reference Count : 1]<UL><LI> startup.o(RESET)
</UL>
<P><STRONG><a name="[2a]"></a>I2C0_Handler</STRONG> (Thumb, 0 bytes, Stack size 0 bytes, startup.o(RESET))
<BR>[Address Reference Count : 1]<UL><LI> startup.o(RESET)
</UL>
<P><STRONG><a name="[47]"></a>I2C1_Handler</STRONG> (Thumb, 0 bytes, Stack size 0 bytes, startup.o(RESET))
<BR>[Address Reference Count : 1]<UL><LI> startup.o(RESET)
</UL>
<P><STRONG><a name="[62]"></a>I2C2_Handler</STRONG> (Thumb, 0 bytes, Stack size 0 bytes, startup.o(RESET))
<BR>[Address Reference Count : 1]<UL><LI> startup.o(RESET)
</UL>
<P><STRONG><a name="[63]"></a>I2C3_Handler</STRONG> (Thumb, 0 bytes, Stack size 0 bytes, startup.o(RESET))
<BR>[Address Reference Count : 1]<UL><LI> startup.o(RESET)
</UL>
<P><STRONG><a name="[77]"></a>I2C4_Handler</STRONG> (Thumb, 0 bytes, Stack size 0 bytes, startup.o(RESET))
<BR>[Address Reference Count : 1]<UL><LI> startup.o(RESET)
</UL>
<P><STRONG><a name="[78]"></a>I2C5_Handler</STRONG> (Thumb, 0 bytes, Stack size 0 bytes, startup.o(RESET))
<BR>[Address Reference Count : 1]<UL><LI> startup.o(RESET)
</UL>
<P><STRONG><a name="[56]"></a>I2S0_Handler</STRONG> (Thumb, 0 bytes, Stack size 0 bytes, startup.o(RESET))
<BR>[Address Reference Count : 1]<UL><LI> startup.o(RESET)
</UL>
<P><STRONG><a name="[76]"></a>LPC0_Handler</STRONG> (Thumb, 0 bytes, Stack size 0 bytes, startup.o(RESET))
<BR>[Address Reference Count : 1]<UL><LI> startup.o(RESET)
</UL>
<P><STRONG><a name="[75]"></a>PECI0_Handler</STRONG> (Thumb, 0 bytes, Stack size 0 bytes, startup.o(RESET))
<BR>[Address Reference Count : 1]<UL><LI> startup.o(RESET)
</UL>
<P><STRONG><a name="[2b]"></a>PWM0Fault_Handler</STRONG> (Thumb, 0 bytes, Stack size 0 bytes, startup.o(RESET))
<BR>[Address Reference Count : 1]<UL><LI> startup.o(RESET)
</UL>
<P><STRONG><a name="[2c]"></a>PWM0Generator0_Handler</STRONG> (Thumb, 0 bytes, Stack size 0 bytes, startup.o(RESET))
<BR>[Address Reference Count : 1]<UL><LI> startup.o(RESET)
</UL>
<P><STRONG><a name="[2d]"></a>PWM0Generator1_Handler</STRONG> (Thumb, 0 bytes, Stack size 0 bytes, startup.o(RESET))
<BR>[Address Reference Count : 1]<UL><LI> startup.o(RESET)
</UL>
<P><STRONG><a name="[2e]"></a>PWM0Generator2_Handler</STRONG> (Thumb, 0 bytes, Stack size 0 bytes, startup.o(RESET))
<BR>[Address Reference Count : 1]<UL><LI> startup.o(RESET)
</UL>
<P><STRONG><a name="[4f]"></a>PWM0Generator3_Handler</STRONG> (Thumb, 0 bytes, Stack size 0 bytes, startup.o(RESET))
<BR>[Address Reference Count : 1]<UL><LI> startup.o(RESET)
</UL>
<P><STRONG><a name="[93]"></a>PWM1Fault_Handler</STRONG> (Thumb, 0 bytes, Stack size 0 bytes, startup.o(RESET))
<BR>[Address Reference Count : 1]<UL><LI> startup.o(RESET)
</UL>
<P><STRONG><a name="[8f]"></a>PWM1Generator0_Handler</STRONG> (Thumb, 0 bytes, Stack size 0 bytes, startup.o(RESET))
<BR>[Address Reference Count : 1]<UL><LI> startup.o(RESET)
</UL>
<P><STRONG><a name="[90]"></a>PWM1Generator1_Handler</STRONG> (Thumb, 0 bytes, Stack size 0 bytes, startup.o(RESET))
<BR>[Address Reference Count : 1]<UL><LI> startup.o(RESET)
</UL>
<P><STRONG><a name="[91]"></a>PWM1Generator2_Handler</STRONG> (Thumb, 0 bytes, Stack size 0 bytes, startup.o(RESET))
<BR>[Address Reference Count : 1]<UL><LI> startup.o(RESET)
</UL>
<P><STRONG><a name="[92]"></a>PWM1Generator3_Handler</STRONG> (Thumb, 0 bytes, Stack size 0 bytes, startup.o(RESET))
<BR>[Address Reference Count : 1]<UL><LI> startup.o(RESET)
</UL>
<P><STRONG><a name="[2f]"></a>Quadrature0_Handler</STRONG> (Thumb, 0 bytes, Stack size 0 bytes, startup.o(RESET))
<BR>[Address Reference Count : 1]<UL><LI> startup.o(RESET)
</UL>
<P><STRONG><a name="[48]"></a>Quadrature1_Handler</STRONG> (Thumb, 0 bytes, Stack size 0 bytes, startup.o(RESET))
<BR>[Address Reference Count : 1]<UL><LI> startup.o(RESET)
</UL>
<P><STRONG><a name="[7b]"></a>Quadrature2_Handler</STRONG> (Thumb, 0 bytes, Stack size 0 bytes, startup.o(RESET))
<BR>[Address Reference Count : 1]<UL><LI> startup.o(RESET)
</UL>
<P><STRONG><a name="[29]"></a>SSI0_Handler</STRONG> (Thumb, 0 bytes, Stack size 0 bytes, startup.o(RESET))
<BR>[Address Reference Count : 1]<UL><LI> startup.o(RESET)
</UL>
<P><STRONG><a name="[44]"></a>SSI1_Handler</STRONG> (Thumb, 0 bytes, Stack size 0 bytes, startup.o(RESET))
<BR>[Address Reference Count : 1]<UL><LI> startup.o(RESET)
</UL>
<P><STRONG><a name="[5b]"></a>SSI2_Handler</STRONG> (Thumb, 0 bytes, Stack size 0 bytes, startup.o(RESET))
<BR>[Address Reference Count : 1]<UL><LI> startup.o(RESET)
</UL>
<P><STRONG><a name="[5c]"></a>SSI3_Handler</STRONG> (Thumb, 0 bytes, Stack size 0 bytes, startup.o(RESET))
<BR>[Address Reference Count : 1]<UL><LI> startup.o(RESET)
</UL>
<P><STRONG><a name="[3e]"></a>SysCtl_Handler</STRONG> (Thumb, 0 bytes, Stack size 0 bytes, startup.o(RESET))
<BR>[Address Reference Count : 1]<UL><LI> startup.o(RESET)
</UL>
<P><STRONG><a name="[36]"></a>Timer0B_Handler</STRONG> (Thumb, 0 bytes, Stack size 0 bytes, startup.o(RESET))
<BR>[Address Reference Count : 1]<UL><LI> startup.o(RESET)
</UL>
<P><STRONG><a name="[38]"></a>Timer1B_Handler</STRONG> (Thumb, 0 bytes, Stack size 0 bytes, startup.o(RESET))
<BR>[Address Reference Count : 1]<UL><LI> startup.o(RESET)
</UL>
<P><STRONG><a name="[3a]"></a>Timer2B_Handler</STRONG> (Thumb, 0 bytes, Stack size 0 bytes, startup.o(RESET))
<BR>[Address Reference Count : 1]<UL><LI> startup.o(RESET)
</UL>
<P><STRONG><a name="[45]"></a>Timer3A_Handler</STRONG> (Thumb, 0 bytes, Stack size 0 bytes, startup.o(RESET))
<BR>[Address Reference Count : 1]<UL><LI> startup.o(RESET)
</UL>
<P><STRONG><a name="[46]"></a>Timer3B_Handler</STRONG> (Thumb, 0 bytes, Stack size 0 bytes, startup.o(RESET))
<BR>[Address Reference Count : 1]<UL><LI> startup.o(RESET)
</UL>
<P><STRONG><a name="[64]"></a>Timer4A_Handler</STRONG> (Thumb, 0 bytes, Stack size 0 bytes, startup.o(RESET))
<BR>[Address Reference Count : 1]<UL><LI> startup.o(RESET)
</UL>
<P><STRONG><a name="[65]"></a>Timer4B_Handler</STRONG> (Thumb, 0 bytes, Stack size 0 bytes, startup.o(RESET))
<BR>[Address Reference Count : 1]<UL><LI> startup.o(RESET)
</UL>
<P><STRONG><a name="[66]"></a>Timer5A_Handler</STRONG> (Thumb, 0 bytes, Stack size 0 bytes, startup.o(RESET))
<BR>[Address Reference Count : 1]<UL><LI> startup.o(RESET)
</UL>
<P><STRONG><a name="[67]"></a>Timer5B_Handler</STRONG> (Thumb, 0 bytes, Stack size 0 bytes, startup.o(RESET))
<BR>[Address Reference Count : 1]<UL><LI> startup.o(RESET)
</UL>
<P><STRONG><a name="[28]"></a>UART1_Handler</STRONG> (Thumb, 0 bytes, Stack size 0 bytes, startup.o(RESET))
<BR>[Address Reference Count : 1]<UL><LI> startup.o(RESET)
</UL>
<P><STRONG><a name="[43]"></a>UART2_Handler</STRONG> (Thumb, 0 bytes, Stack size 0 bytes, startup.o(RESET))
<BR>[Address Reference Count : 1]<UL><LI> startup.o(RESET)
</UL>
<P><STRONG><a name="[5d]"></a>UART3_Handler</STRONG> (Thumb, 0 bytes, Stack size 0 bytes, startup.o(RESET))
<BR>[Address Reference Count : 1]<UL><LI> startup.o(RESET)
</UL>
<P><STRONG><a name="[5e]"></a>UART4_Handler</STRONG> (Thumb, 0 bytes, Stack size 0 bytes, startup.o(RESET))
<BR>[Address Reference Count : 1]<UL><LI> startup.o(RESET)
</UL>
<P><STRONG><a name="[60]"></a>UART6_Handler</STRONG> (Thumb, 0 bytes, Stack size 0 bytes, startup.o(RESET))
<BR>[Address Reference Count : 1]<UL><LI> startup.o(RESET)
</UL>
<P><STRONG><a name="[61]"></a>UART7_Handler</STRONG> (Thumb, 0 bytes, Stack size 0 bytes, startup.o(RESET))
<BR>[Address Reference Count : 1]<UL><LI> startup.o(RESET)
</UL>
<P><STRONG><a name="[4e]"></a>USB0_Handler</STRONG> (Thumb, 0 bytes, Stack size 0 bytes, startup.o(RESET))
<BR>[Address Reference Count : 1]<UL><LI> startup.o(RESET)
</UL>
<P><STRONG><a name="[34]"></a>WDT_Handler</STRONG> (Thumb, 0 bytes, Stack size 0 bytes, startup.o(RESET))
<BR>[Address Reference Count : 1]<UL><LI> startup.o(RESET)
</UL>
<P><STRONG><a name="[68]"></a>WideTimer0A_Handler</STRONG> (Thumb, 0 bytes, Stack size 0 bytes, startup.o(RESET))
<BR>[Address Reference Count : 1]<UL><LI> startup.o(RESET)
</UL>
<P><STRONG><a name="[69]"></a>WideTimer0B_Handler</STRONG> (Thumb, 0 bytes, Stack size 0 bytes, startup.o(RESET))
<BR>[Address Reference Count : 1]<UL><LI> startup.o(RESET)
</UL>
<P><STRONG><a name="[6a]"></a>WideTimer1A_Handler</STRONG> (Thumb, 0 bytes, Stack size 0 bytes, startup.o(RESET))
<BR>[Address Reference Count : 1]<UL><LI> startup.o(RESET)
</UL>
<P><STRONG><a name="[6b]"></a>WideTimer1B_Handler</STRONG> (Thumb, 0 bytes, Stack size 0 bytes, startup.o(RESET))
<BR>[Address Reference Count : 1]<UL><LI> startup.o(RESET)
</UL>
<P><STRONG><a name="[6c]"></a>WideTimer2A_Handler</STRONG> (Thumb, 0 bytes, Stack size 0 bytes, startup.o(RESET))
<BR>[Address Reference Count : 1]<UL><LI> startup.o(RESET)
</UL>
<P><STRONG><a name="[6d]"></a>WideTimer2B_Handler</STRONG> (Thumb, 0 bytes, Stack size 0 bytes, startup.o(RESET))
<BR>[Address Reference Count : 1]<UL><LI> startup.o(RESET)
</UL>
<P><STRONG><a name="[6e]"></a>WideTimer3A_Handler</STRONG> (Thumb, 0 bytes, Stack size 0 bytes, startup.o(RESET))
<BR>[Address Reference Count : 1]<UL><LI> startup.o(RESET)
</UL>
<P><STRONG><a name="[6f]"></a>WideTimer3B_Handler</STRONG> (Thumb, 0 bytes, Stack size 0 bytes, startup.o(RESET))
<BR>[Address Reference Count : 1]<UL><LI> startup.o(RESET)
</UL>
<P><STRONG><a name="[70]"></a>WideTimer4A_Handler</STRONG> (Thumb, 0 bytes, Stack size 0 bytes, startup.o(RESET))
<BR>[Address Reference Count : 1]<UL><LI> startup.o(RESET)
</UL>
<P><STRONG><a name="[71]"></a>WideTimer4B_Handler</STRONG> (Thumb, 0 bytes, Stack size 0 bytes, startup.o(RESET))
<BR>[Address Reference Count : 1]<UL><LI> startup.o(RESET)
</UL>
<P><STRONG><a name="[72]"></a>WideTimer5A_Handler</STRONG> (Thumb, 0 bytes, Stack size 0 bytes, startup.o(RESET))
<BR>[Address Reference Count : 1]<UL><LI> startup.o(RESET)
</UL>
<P><STRONG><a name="[73]"></a>WideTimer5B_Handler</STRONG> (Thumb, 0 bytes, Stack size 0 bytes, startup.o(RESET))
<BR>[Address Reference Count : 1]<UL><LI> startup.o(RESET)
</UL>
<P><STRONG><a name="[51]"></a>uDMA_Error</STRONG> (Thumb, 0 bytes, Stack size 0 bytes, startup.o(RESET))
<BR>[Address Reference Count : 1]<UL><LI> startup.o(RESET)
</UL>
<P><STRONG><a name="[50]"></a>uDMA_Handler</STRONG> (Thumb, 0 bytes, Stack size 0 bytes, startup.o(RESET))
<BR>[Address Reference Count : 1]<UL><LI> startup.o(RESET)
</UL>
<P><STRONG><a name="[c4]"></a>__main</STRONG> (Thumb, 8 bytes, Stack size 0 bytes, __main.o(!!!main))
<BR><BR>[Calls]<UL><LI><a href="#[c5]">&gt;&gt;</a>&nbsp;&nbsp;&nbsp;__scatterload
<LI><a href="#[c6]">&gt;&gt;</a>&nbsp;&nbsp;&nbsp;__rt_entry
</UL>
<BR>[Called By]<UL><LI><a href="#[c3]">&gt;&gt;</a>&nbsp;&nbsp;&nbsp;Reset_Handler
</UL>

<P><STRONG><a name="[c5]"></a>__scatterload</STRONG> (Thumb, 0 bytes, Stack size unknown bytes, __scatter.o(!!!scatter))
<BR><BR>[Called By]<UL><LI><a href="#[c4]">&gt;&gt;</a>&nbsp;&nbsp;&nbsp;__main
</UL>

<P><STRONG><a name="[c7]"></a>__scatterload_rt2</STRONG> (Thumb, 44 bytes, Stack size unknown bytes, __scatter.o(!!!scatter), UNUSED)
<BR><BR>[Calls]<UL><LI><a href="#[c6]">&gt;&gt;</a>&nbsp;&nbsp;&nbsp;__rt_entry
</UL>

<P><STRONG><a name="[2a7]"></a>__scatterload_rt2_thumb_only</STRONG> (Thumb, 0 bytes, Stack size unknown bytes, __scatter.o(!!!scatter), UNUSED)

<P><STRONG><a name="[2a8]"></a>__scatterload_null</STRONG> (Thumb, 0 bytes, Stack size unknown bytes, __scatter.o(!!!scatter), UNUSED)

<P><STRONG><a name="[2a9]"></a>__decompress</STRONG> (Thumb, 90 bytes, Stack size unknown bytes, __dczerorl2.o(!!dczerorl2), UNUSED)

<P><STRONG><a name="[2aa]"></a>__decompress1</STRONG> (Thumb, 0 bytes, Stack size unknown bytes, __dczerorl2.o(!!dczerorl2), UNUSED)

<P><STRONG><a name="[2ab]"></a>__scatterload_zeroinit</STRONG> (Thumb, 28 bytes, Stack size unknown bytes, __scatter_zi.o(!!handler_zi), UNUSED)

<P><STRONG><a name="[cb]"></a>__rt_lib_init</STRONG> (Thumb, 0 bytes, Stack size unknown bytes, libinit.o(.ARM.Collect$$libinit$$00000000))
<BR><BR>[Called By]<UL><LI><a href="#[ca]">&gt;&gt;</a>&nbsp;&nbsp;&nbsp;__rt_entry_li
</UL>

<P><STRONG><a name="[2ac]"></a>__rt_lib_init_alloca_1</STRONG> (Thumb, 0 bytes, Stack size unknown bytes, libinit2.o(.ARM.Collect$$libinit$$0000002E))

<P><STRONG><a name="[2ad]"></a>__rt_lib_init_argv_1</STRONG> (Thumb, 0 bytes, Stack size unknown bytes, libinit2.o(.ARM.Collect$$libinit$$0000002C))

<P><STRONG><a name="[2ae]"></a>__rt_lib_init_atexit_1</STRONG> (Thumb, 0 bytes, Stack size unknown bytes, libinit2.o(.ARM.Collect$$libinit$$0000001B))

<P><STRONG><a name="[2af]"></a>__rt_lib_init_clock_1</STRONG> (Thumb, 0 bytes, Stack size unknown bytes, libinit2.o(.ARM.Collect$$libinit$$00000021))

<P><STRONG><a name="[2b0]"></a>__rt_lib_init_cpp_1</STRONG> (Thumb, 0 bytes, Stack size unknown bytes, libinit2.o(.ARM.Collect$$libinit$$00000032))

<P><STRONG><a name="[2b1]"></a>__rt_lib_init_exceptions_1</STRONG> (Thumb, 0 bytes, Stack size unknown bytes, libinit2.o(.ARM.Collect$$libinit$$00000030))

<P><STRONG><a name="[2b2]"></a>__rt_lib_init_fp_1</STRONG> (Thumb, 0 bytes, Stack size unknown bytes, libinit2.o(.ARM.Collect$$libinit$$00000002))

<P><STRONG><a name="[2b3]"></a>__rt_lib_init_fp_trap_1</STRONG> (Thumb, 0 bytes, Stack size unknown bytes, libinit2.o(.ARM.Collect$$libinit$$0000001F))

<P><STRONG><a name="[2b4]"></a>__rt_lib_init_getenv_1</STRONG> (Thumb, 0 bytes, Stack size unknown bytes, libinit2.o(.ARM.Collect$$libinit$$00000023))

<P><STRONG><a name="[2b5]"></a>__rt_lib_init_heap_1</STRONG> (Thumb, 0 bytes, Stack size unknown bytes, libinit2.o(.ARM.Collect$$libinit$$0000000A))

<P><STRONG><a name="[2b6]"></a>__rt_lib_init_lc_collate_1</STRONG> (Thumb, 0 bytes, Stack size unknown bytes, libinit2.o(.ARM.Collect$$libinit$$00000011))

<P><STRONG><a name="[2b7]"></a>__rt_lib_init_lc_ctype_1</STRONG> (Thumb, 0 bytes, Stack size unknown bytes, libinit2.o(.ARM.Collect$$libinit$$00000013))

<P><STRONG><a name="[2b8]"></a>__rt_lib_init_lc_monetary_1</STRONG> (Thumb, 0 bytes, Stack size unknown bytes, libinit2.o(.ARM.Collect$$libinit$$00000015))

<P><STRONG><a name="[2b9]"></a>__rt_lib_init_lc_numeric_1</STRONG> (Thumb, 0 bytes, Stack size unknown bytes, libinit2.o(.ARM.Collect$$libinit$$00000017))

<P><STRONG><a name="[2ba]"></a>__rt_lib_init_lc_time_1</STRONG> (Thumb, 0 bytes, Stack size unknown bytes, libinit2.o(.ARM.Collect$$libinit$$00000019))

<P><STRONG><a name="[2bb]"></a>__rt_lib_init_preinit_1</STRONG> (Thumb, 0 bytes, Stack size unknown bytes, libinit2.o(.ARM.Collect$$libinit$$00000004))

<P><STRONG><a name="[2bc]"></a>__rt_lib_init_rand_1</STRONG> (Thumb, 0 bytes, Stack size unknown bytes, libinit2.o(.ARM.Collect$$libinit$$0000000E))

<P><STRONG><a name="[2bd]"></a>__rt_lib_init_return</STRONG> (Thumb, 0 bytes, Stack size unknown bytes, libinit2.o(.ARM.Collect$$libinit$$00000033))

<P><STRONG><a name="[2be]"></a>__rt_lib_init_signal_1</STRONG> (Thumb, 0 bytes, Stack size unknown bytes, libinit2.o(.ARM.Collect$$libinit$$0000001D))

<P><STRONG><a name="[2bf]"></a>__rt_lib_init_stdio_1</STRONG> (Thumb, 0 bytes, Stack size unknown bytes, libinit2.o(.ARM.Collect$$libinit$$00000025))

<P><STRONG><a name="[2c0]"></a>__rt_lib_init_user_alloc_1</STRONG> (Thumb, 0 bytes, Stack size unknown bytes, libinit2.o(.ARM.Collect$$libinit$$0000000C))

<P><STRONG><a name="[d0]"></a>__rt_lib_shutdown</STRONG> (Thumb, 0 bytes, Stack size unknown bytes, libshutdown.o(.ARM.Collect$$libshutdown$$00000000))
<BR><BR>[Called By]<UL><LI><a href="#[cf]">&gt;&gt;</a>&nbsp;&nbsp;&nbsp;__rt_exit_ls
</UL>

<P><STRONG><a name="[2c1]"></a>__rt_lib_shutdown_cpp_1</STRONG> (Thumb, 0 bytes, Stack size unknown bytes, libshutdown2.o(.ARM.Collect$$libshutdown$$00000002))

<P><STRONG><a name="[2c2]"></a>__rt_lib_shutdown_fp_trap_1</STRONG> (Thumb, 0 bytes, Stack size unknown bytes, libshutdown2.o(.ARM.Collect$$libshutdown$$00000007))

<P><STRONG><a name="[2c3]"></a>__rt_lib_shutdown_heap_1</STRONG> (Thumb, 0 bytes, Stack size unknown bytes, libshutdown2.o(.ARM.Collect$$libshutdown$$0000000F))

<P><STRONG><a name="[2c4]"></a>__rt_lib_shutdown_return</STRONG> (Thumb, 0 bytes, Stack size unknown bytes, libshutdown2.o(.ARM.Collect$$libshutdown$$00000010))

<P><STRONG><a name="[2c5]"></a>__rt_lib_shutdown_signal_1</STRONG> (Thumb, 0 bytes, Stack size unknown bytes, libshutdown2.o(.ARM.Collect$$libshutdown$$0000000A))

<P><STRONG><a name="[2c6]"></a>__rt_lib_shutdown_stdio_1</STRONG> (Thumb, 0 bytes, Stack size unknown bytes, libshutdown2.o(.ARM.Collect$$libshutdown$$00000004))

<P><STRONG><a name="[2c7]"></a>__rt_lib_shutdown_user_alloc_1</STRONG> (Thumb, 0 bytes, Stack size unknown bytes, libshutdown2.o(.ARM.Collect$$libshutdown$$0000000C))

<P><STRONG><a name="[c6]"></a>__rt_entry</STRONG> (Thumb, 0 bytes, Stack size unknown bytes, __rtentry.o(.ARM.Collect$$rtentry$$00000000))
<BR><BR>[Called By]<UL><LI><a href="#[c7]">&gt;&gt;</a>&nbsp;&nbsp;&nbsp;__scatterload_rt2
<LI><a href="#[c4]">&gt;&gt;</a>&nbsp;&nbsp;&nbsp;__main
</UL>

<P><STRONG><a name="[2c8]"></a>__rt_entry_presh_1</STRONG> (Thumb, 0 bytes, Stack size unknown bytes, __rtentry2.o(.ARM.Collect$$rtentry$$00000002))

<P><STRONG><a name="[c8]"></a>__rt_entry_sh</STRONG> (Thumb, 0 bytes, Stack size unknown bytes, __rtentry4.o(.ARM.Collect$$rtentry$$00000004))
<BR><BR>[Stack]<UL><LI>Max Depth = 8 + Unknown Stack Size
<LI>Call Chain = __rt_entry_sh &rArr; __user_setup_stackheap
</UL>
<BR>[Calls]<UL><LI><a href="#[c9]">&gt;&gt;</a>&nbsp;&nbsp;&nbsp;__user_setup_stackheap
</UL>

<P><STRONG><a name="[ca]"></a>__rt_entry_li</STRONG> (Thumb, 0 bytes, Stack size unknown bytes, __rtentry2.o(.ARM.Collect$$rtentry$$0000000A))
<BR><BR>[Calls]<UL><LI><a href="#[cb]">&gt;&gt;</a>&nbsp;&nbsp;&nbsp;__rt_lib_init
</UL>

<P><STRONG><a name="[2c9]"></a>__rt_entry_postsh_1</STRONG> (Thumb, 0 bytes, Stack size unknown bytes, __rtentry2.o(.ARM.Collect$$rtentry$$00000009))

<P><STRONG><a name="[cc]"></a>__rt_entry_main</STRONG> (Thumb, 0 bytes, Stack size unknown bytes, __rtentry2.o(.ARM.Collect$$rtentry$$0000000D))
<BR><BR>[Stack]<UL><LI>Max Depth = 856 + Unknown Stack Size
<LI>Call Chain = __rt_entry_main &rArr; main &rArr; handleInput &rArr; lv_ta_add_char &rArr; lv_ta_add_text &rArr;  lv_ta_add_char (Cycle)
</UL>
<BR>[Calls]<UL><LI><a href="#[cd]">&gt;&gt;</a>&nbsp;&nbsp;&nbsp;main
<LI><a href="#[ce]">&gt;&gt;</a>&nbsp;&nbsp;&nbsp;exit
</UL>

<P><STRONG><a name="[2ca]"></a>__rt_entry_postli_1</STRONG> (Thumb, 0 bytes, Stack size unknown bytes, __rtentry2.o(.ARM.Collect$$rtentry$$0000000C))

<P><STRONG><a name="[d9]"></a>__rt_exit</STRONG> (Thumb, 0 bytes, Stack size unknown bytes, rtexit.o(.ARM.Collect$$rtexit$$00000000))
<BR><BR>[Called By]<UL><LI><a href="#[ce]">&gt;&gt;</a>&nbsp;&nbsp;&nbsp;exit
</UL>

<P><STRONG><a name="[cf]"></a>__rt_exit_ls</STRONG> (Thumb, 0 bytes, Stack size unknown bytes, rtexit2.o(.ARM.Collect$$rtexit$$00000003))
<BR><BR>[Calls]<UL><LI><a href="#[d0]">&gt;&gt;</a>&nbsp;&nbsp;&nbsp;__rt_lib_shutdown
</UL>

<P><STRONG><a name="[2cb]"></a>__rt_exit_prels_1</STRONG> (Thumb, 0 bytes, Stack size unknown bytes, rtexit2.o(.ARM.Collect$$rtexit$$00000002))

<P><STRONG><a name="[d1]"></a>__rt_exit_exit</STRONG> (Thumb, 0 bytes, Stack size unknown bytes, rtexit2.o(.ARM.Collect$$rtexit$$00000004))
<BR><BR>[Calls]<UL><LI><a href="#[d2]">&gt;&gt;</a>&nbsp;&nbsp;&nbsp;_sys_exit
</UL>

<P><STRONG><a name="[2cc]"></a>DisableInterrupts</STRONG> (Thumb, 0 bytes, Stack size unknown bytes, startup.o(.text), UNUSED)

<P><STRONG><a name="[10c]"></a>EnableInterrupts</STRONG> (Thumb, 0 bytes, Stack size unknown bytes, startup.o(.text))
<BR><BR>[Called By]<UL><LI><a href="#[ff]">&gt;&gt;</a>&nbsp;&nbsp;&nbsp;UART5_Init
<LI><a href="#[10b]">&gt;&gt;</a>&nbsp;&nbsp;&nbsp;UART0_Init
</UL>

<P><STRONG><a name="[f1]"></a>StartCritical</STRONG> (Thumb, 0 bytes, Stack size unknown bytes, startup.o(.text))
<BR><BR>[Called By]<UL><LI><a href="#[107]">&gt;&gt;</a>&nbsp;&nbsp;&nbsp;TxFifo_Init
<LI><a href="#[f9]">&gt;&gt;</a>&nbsp;&nbsp;&nbsp;RxFifo_Init
<LI><a href="#[f0]">&gt;&gt;</a>&nbsp;&nbsp;&nbsp;MatrixFifo_Init
</UL>

<P><STRONG><a name="[f2]"></a>EndCritical</STRONG> (Thumb, 0 bytes, Stack size unknown bytes, startup.o(.text))
<BR><BR>[Called By]<UL><LI><a href="#[107]">&gt;&gt;</a>&nbsp;&nbsp;&nbsp;TxFifo_Init
<LI><a href="#[f9]">&gt;&gt;</a>&nbsp;&nbsp;&nbsp;RxFifo_Init
<LI><a href="#[f0]">&gt;&gt;</a>&nbsp;&nbsp;&nbsp;MatrixFifo_Init
</UL>

<P><STRONG><a name="[2cd]"></a>WaitForInterrupt</STRONG> (Thumb, 0 bytes, Stack size unknown bytes, startup.o(.text), UNUSED)

<P><STRONG><a name="[d8]"></a>__user_initial_stackheap</STRONG> (Thumb, 0 bytes, Stack size unknown bytes, startup.o(.text))
<BR><BR>[Called By]<UL><LI><a href="#[c9]">&gt;&gt;</a>&nbsp;&nbsp;&nbsp;__user_setup_stackheap
</UL>

<P><STRONG><a name="[15f]"></a>strcpy</STRONG> (Thumb, 72 bytes, Stack size 12 bytes, strcpy.o(.text))
<BR><BR>[Stack]<UL><LI>Max Depth = 12<LI>Call Chain = strcpy
</UL>
<BR>[Called By]<UL><LI><a href="#[136]">&gt;&gt;</a>&nbsp;&nbsp;&nbsp;lv_label_set_text
<LI><a href="#[15c]">&gt;&gt;</a>&nbsp;&nbsp;&nbsp;getDisplayTime
<LI><a href="#[13a]">&gt;&gt;</a>&nbsp;&nbsp;&nbsp;lv_ta_set_text
<LI><a href="#[134]">&gt;&gt;</a>&nbsp;&nbsp;&nbsp;lv_img_set_src
<LI><a href="#[1fe]">&gt;&gt;</a>&nbsp;&nbsp;&nbsp;lv_img_decoder_open
</UL>

<P><STRONG><a name="[1a4]"></a>strlen</STRONG> (Thumb, 62 bytes, Stack size 8 bytes, strlen.o(.text))
<BR><BR>[Stack]<UL><LI>Max Depth = 8<LI>Call Chain = strlen
</UL>
<BR>[Called By]<UL><LI><a href="#[168]">&gt;&gt;</a>&nbsp;&nbsp;&nbsp;numpad2TextInput
<LI><a href="#[169]">&gt;&gt;</a>&nbsp;&nbsp;&nbsp;lv_ta_del_char
<LI><a href="#[166]">&gt;&gt;</a>&nbsp;&nbsp;&nbsp;lv_ta_add_char
<LI><a href="#[136]">&gt;&gt;</a>&nbsp;&nbsp;&nbsp;lv_label_set_text
<LI><a href="#[174]">&gt;&gt;</a>&nbsp;&nbsp;&nbsp;lv_debug_log_error
<LI><a href="#[13a]">&gt;&gt;</a>&nbsp;&nbsp;&nbsp;lv_ta_set_text
<LI><a href="#[135]">&gt;&gt;</a>&nbsp;&nbsp;&nbsp;lv_label_create
<LI><a href="#[134]">&gt;&gt;</a>&nbsp;&nbsp;&nbsp;lv_img_set_src
<LI><a href="#[1eb]">&gt;&gt;</a>&nbsp;&nbsp;&nbsp;lv_fs_get_ext
<LI><a href="#[1fe]">&gt;&gt;</a>&nbsp;&nbsp;&nbsp;lv_img_decoder_open
<LI><a href="#[22e]">&gt;&gt;</a>&nbsp;&nbsp;&nbsp;lv_txt_ins
<LI><a href="#[27a]">&gt;&gt;</a>&nbsp;&nbsp;&nbsp;lv_txt_cut
<LI><a href="#[269]">&gt;&gt;</a>&nbsp;&nbsp;&nbsp;lv_ta_add_text
<LI><a href="#[22d]">&gt;&gt;</a>&nbsp;&nbsp;&nbsp;lv_label_ins_text
</UL>

<P><STRONG><a name="[121]"></a>strcat</STRONG> (Thumb, 24 bytes, Stack size 0 bytes, strcat.o(.text))
<BR><BR>[Called By]<UL><LI><a href="#[8]">&gt;&gt;</a>&nbsp;&nbsp;&nbsp;textBusyDisplay
<LI><a href="#[165]">&gt;&gt;</a>&nbsp;&nbsp;&nbsp;handleInput
<LI><a href="#[15c]">&gt;&gt;</a>&nbsp;&nbsp;&nbsp;getDisplayTime
<LI><a href="#[7]">&gt;&gt;</a>&nbsp;&nbsp;&nbsp;callBusyDisplay
</UL>

<P><STRONG><a name="[1a5]"></a>__aeabi_memcpy</STRONG> (Thumb, 0 bytes, Stack size 0 bytes, rt_memcpy_v6.o(.text))
<BR><BR>[Called By]<UL><LI><a href="#[174]">&gt;&gt;</a>&nbsp;&nbsp;&nbsp;lv_debug_log_error
<LI><a href="#[139]">&gt;&gt;</a>&nbsp;&nbsp;&nbsp;lv_ta_create
<LI><a href="#[135]">&gt;&gt;</a>&nbsp;&nbsp;&nbsp;lv_label_create
<LI><a href="#[1c0]">&gt;&gt;</a>&nbsp;&nbsp;&nbsp;lv_mem_realloc
<LI><a href="#[1d0]">&gt;&gt;</a>&nbsp;&nbsp;&nbsp;sw_mem_blend
<LI><a href="#[1be]">&gt;&gt;</a>&nbsp;&nbsp;&nbsp;sw_color_fill
<LI><a href="#[9c]">&gt;&gt;</a>&nbsp;&nbsp;&nbsp;lv_disp_refr_task
<LI><a href="#[22e]">&gt;&gt;</a>&nbsp;&nbsp;&nbsp;lv_txt_ins
<LI><a href="#[237]">&gt;&gt;</a>&nbsp;&nbsp;&nbsp;node_set_prev
<LI><a href="#[238]">&gt;&gt;</a>&nbsp;&nbsp;&nbsp;node_set_next
<LI><a href="#[223]">&gt;&gt;</a>&nbsp;&nbsp;&nbsp;lv_label_set_dot_tmp
<LI><a href="#[bd]">&gt;&gt;</a>&nbsp;&nbsp;&nbsp;lv_ta_scrollable_design
</UL>

<P><STRONG><a name="[d3]"></a>__rt_memcpy</STRONG> (Thumb, 138 bytes, Stack size 0 bytes, rt_memcpy_v6.o(.text), UNUSED)
<BR><BR>[Calls]<UL><LI><a href="#[d4]">&gt;&gt;</a>&nbsp;&nbsp;&nbsp;__aeabi_memcpy4
</UL>

<P><STRONG><a name="[2ce]"></a>_memcpy_lastbytes</STRONG> (Thumb, 0 bytes, Stack size unknown bytes, rt_memcpy_v6.o(.text), UNUSED)

<P><STRONG><a name="[d4]"></a>__aeabi_memcpy4</STRONG> (Thumb, 0 bytes, Stack size 8 bytes, rt_memcpy_w.o(.text))
<BR><BR>[Stack]<UL><LI>Max Depth = 8<LI>Call Chain = __aeabi_memcpy4
</UL>
<BR>[Called By]<UL><LI><a href="#[8]">&gt;&gt;</a>&nbsp;&nbsp;&nbsp;textBusyDisplay
<LI><a href="#[7]">&gt;&gt;</a>&nbsp;&nbsp;&nbsp;callBusyDisplay
<LI><a href="#[118]">&gt;&gt;</a>&nbsp;&nbsp;&nbsp;lv_style_copy
<LI><a href="#[ef]">&gt;&gt;</a>&nbsp;&nbsp;&nbsp;lv_disp_drv_register
<LI><a href="#[130]">&gt;&gt;</a>&nbsp;&nbsp;&nbsp;lv_btn_create
<LI><a href="#[171]">&gt;&gt;</a>&nbsp;&nbsp;&nbsp;lv_anim_create
<LI><a href="#[112]">&gt;&gt;</a>&nbsp;&nbsp;&nbsp;anim_ready_handler
<LI><a href="#[d3]">&gt;&gt;</a>&nbsp;&nbsp;&nbsp;__rt_memcpy
</UL>

<P><STRONG><a name="[2cf]"></a>__aeabi_memcpy8</STRONG> (Thumb, 0 bytes, Stack size 8 bytes, rt_memcpy_w.o(.text), UNUSED)

<P><STRONG><a name="[2d0]"></a>__rt_memcpy_w</STRONG> (Thumb, 100 bytes, Stack size 8 bytes, rt_memcpy_w.o(.text), UNUSED)

<P><STRONG><a name="[2d1]"></a>_memcpy_lastbytes_aligned</STRONG> (Thumb, 0 bytes, Stack size unknown bytes, rt_memcpy_w.o(.text), UNUSED)

<P><STRONG><a name="[1a7]"></a>__aeabi_memclr</STRONG> (Thumb, 0 bytes, Stack size 0 bytes, rt_memclr.o(.text))
<BR><BR>[Called By]<UL><LI><a href="#[ef]">&gt;&gt;</a>&nbsp;&nbsp;&nbsp;lv_disp_drv_register
<LI><a href="#[1e3]">&gt;&gt;</a>&nbsp;&nbsp;&nbsp;lv_draw_shadow_full
<LI><a href="#[9c]">&gt;&gt;</a>&nbsp;&nbsp;&nbsp;lv_disp_refr_task
<LI><a href="#[237]">&gt;&gt;</a>&nbsp;&nbsp;&nbsp;node_set_prev
<LI><a href="#[238]">&gt;&gt;</a>&nbsp;&nbsp;&nbsp;node_set_next
</UL>

<P><STRONG><a name="[d5]"></a>__rt_memclr</STRONG> (Thumb, 68 bytes, Stack size 0 bytes, rt_memclr.o(.text), UNUSED)
<BR><BR>[Calls]<UL><LI><a href="#[d6]">&gt;&gt;</a>&nbsp;&nbsp;&nbsp;_memset_w
</UL>

<P><STRONG><a name="[2d2]"></a>_memset</STRONG> (Thumb, 0 bytes, Stack size unknown bytes, rt_memclr.o(.text), UNUSED)

<P><STRONG><a name="[1a6]"></a>__aeabi_memclr4</STRONG> (Thumb, 0 bytes, Stack size 4 bytes, rt_memclr_w.o(.text))
<BR><BR>[Stack]<UL><LI>Max Depth = 4<LI>Call Chain = __aeabi_memclr4
</UL>
<BR>[Called By]<UL><LI><a href="#[ef]">&gt;&gt;</a>&nbsp;&nbsp;&nbsp;lv_disp_drv_register
<LI><a href="#[ee]">&gt;&gt;</a>&nbsp;&nbsp;&nbsp;lv_disp_drv_init
<LI><a href="#[ed]">&gt;&gt;</a>&nbsp;&nbsp;&nbsp;lv_disp_buf_init
<LI><a href="#[1ff]">&gt;&gt;</a>&nbsp;&nbsp;&nbsp;lv_img_cache_set_size
<LI><a href="#[1fb]">&gt;&gt;</a>&nbsp;&nbsp;&nbsp;lv_img_cache_open
<LI><a href="#[9c]">&gt;&gt;</a>&nbsp;&nbsp;&nbsp;lv_disp_refr_task
<LI><a href="#[1fe]">&gt;&gt;</a>&nbsp;&nbsp;&nbsp;lv_img_decoder_open
<LI><a href="#[1f9]">&gt;&gt;</a>&nbsp;&nbsp;&nbsp;lv_img_cache_invalidate_src
</UL>

<P><STRONG><a name="[2d3]"></a>__aeabi_memclr8</STRONG> (Thumb, 0 bytes, Stack size 4 bytes, rt_memclr_w.o(.text), UNUSED)

<P><STRONG><a name="[2d4]"></a>__rt_memclr_w</STRONG> (Thumb, 78 bytes, Stack size 4 bytes, rt_memclr_w.o(.text), UNUSED)

<P><STRONG><a name="[d6]"></a>_memset_w</STRONG> (Thumb, 0 bytes, Stack size unknown bytes, rt_memclr_w.o(.text), UNUSED)
<BR><BR>[Called By]<UL><LI><a href="#[d5]">&gt;&gt;</a>&nbsp;&nbsp;&nbsp;__rt_memclr
</UL>

<P><STRONG><a name="[1fd]"></a>strcmp</STRONG> (Thumb, 128 bytes, Stack size 0 bytes, strcmpv7m.o(.text))
<BR><BR>[Called By]<UL><LI><a href="#[169]">&gt;&gt;</a>&nbsp;&nbsp;&nbsp;lv_ta_del_char
<LI><a href="#[166]">&gt;&gt;</a>&nbsp;&nbsp;&nbsp;lv_ta_add_char
<LI><a href="#[1fb]">&gt;&gt;</a>&nbsp;&nbsp;&nbsp;lv_img_cache_open
<LI><a href="#[a4]">&gt;&gt;</a>&nbsp;&nbsp;&nbsp;lv_img_decoder_built_in_open
<LI><a href="#[269]">&gt;&gt;</a>&nbsp;&nbsp;&nbsp;lv_ta_add_text
</UL>

<P><STRONG><a name="[2d5]"></a>__use_two_region_memory</STRONG> (Thumb, 2 bytes, Stack size 0 bytes, heapauxi.o(.text), UNUSED)

<P><STRONG><a name="[2d6]"></a>__rt_heap_escrow$2region</STRONG> (Thumb, 2 bytes, Stack size 0 bytes, heapauxi.o(.text), UNUSED)

<P><STRONG><a name="[2d7]"></a>__rt_heap_expand$2region</STRONG> (Thumb, 2 bytes, Stack size 0 bytes, heapauxi.o(.text), UNUSED)

<P><STRONG><a name="[c9]"></a>__user_setup_stackheap</STRONG> (Thumb, 74 bytes, Stack size 8 bytes, sys_stackheap_outer.o(.text))
<BR><BR>[Stack]<UL><LI>Max Depth = 8 + Unknown Stack Size
<LI>Call Chain = __user_setup_stackheap
</UL>
<BR>[Calls]<UL><LI><a href="#[d8]">&gt;&gt;</a>&nbsp;&nbsp;&nbsp;__user_initial_stackheap
<LI><a href="#[d7]">&gt;&gt;</a>&nbsp;&nbsp;&nbsp;__user_perproc_libspace
</UL>
<BR>[Called By]<UL><LI><a href="#[c8]">&gt;&gt;</a>&nbsp;&nbsp;&nbsp;__rt_entry_sh
</UL>

<P><STRONG><a name="[ce]"></a>exit</STRONG> (Thumb, 18 bytes, Stack size 8 bytes, exit.o(.text))
<BR><BR>[Stack]<UL><LI>Max Depth = 8 + Unknown Stack Size
<LI>Call Chain = exit
</UL>
<BR>[Calls]<UL><LI><a href="#[d9]">&gt;&gt;</a>&nbsp;&nbsp;&nbsp;__rt_exit
</UL>
<BR>[Called By]<UL><LI><a href="#[cc]">&gt;&gt;</a>&nbsp;&nbsp;&nbsp;__rt_entry_main
</UL>

<P><STRONG><a name="[2d8]"></a>__user_libspace</STRONG> (Thumb, 8 bytes, Stack size 0 bytes, libspace.o(.text), UNUSED)

<P><STRONG><a name="[d7]"></a>__user_perproc_libspace</STRONG> (Thumb, 0 bytes, Stack size 0 bytes, libspace.o(.text))
<BR><BR>[Called By]<UL><LI><a href="#[c9]">&gt;&gt;</a>&nbsp;&nbsp;&nbsp;__user_setup_stackheap
</UL>

<P><STRONG><a name="[2d9]"></a>__user_perthread_libspace</STRONG> (Thumb, 0 bytes, Stack size 0 bytes, libspace.o(.text), UNUSED)

<P><STRONG><a name="[d2]"></a>_sys_exit</STRONG> (Thumb, 8 bytes, Stack size 0 bytes, sys_exit.o(.text))
<BR><BR>[Called By]<UL><LI><a href="#[d1]">&gt;&gt;</a>&nbsp;&nbsp;&nbsp;__rt_exit_exit
</UL>

<P><STRONG><a name="[2da]"></a>__I$use$semihosting</STRONG> (Thumb, 0 bytes, Stack size 0 bytes, use_no_semi.o(.text), UNUSED)

<P><STRONG><a name="[2db]"></a>__use_no_semihosting_swi</STRONG> (Thumb, 2 bytes, Stack size 0 bytes, use_no_semi.o(.text), UNUSED)

<P><STRONG><a name="[12a]"></a>Delay1ms</STRONG> (Thumb, 32 bytes, Stack size 8 bytes, ili9341.o(i.Delay1ms))
<BR><BR>[Stack]<UL><LI>Max Depth = 8<LI>Call Chain = Delay1ms
</UL>
<BR>[Called By]<UL><LI><a href="#[e4]">&gt;&gt;</a>&nbsp;&nbsp;&nbsp;commonInit
<LI><a href="#[e5]">&gt;&gt;</a>&nbsp;&nbsp;&nbsp;commandList
</UL>

<P><STRONG><a name="[2dc]"></a>__semihosting_library_function</STRONG> (Thumb, 0 bytes, Stack size 8 bytes, indicate_semi.o(.text), UNUSED)

<P><STRONG><a name="[fd]"></a>Fifo_Get</STRONG> (Thumb, 54 bytes, Stack size 0 bytes, fifo_custom.o(i.Fifo_Get))
<BR><BR>[Called By]<UL><LI><a href="#[101]">&gt;&gt;</a>&nbsp;&nbsp;&nbsp;SIM800H_SendText
<LI><a href="#[fe]">&gt;&gt;</a>&nbsp;&nbsp;&nbsp;SIM800H_Init
<LI><a href="#[fa]">&gt;&gt;</a>&nbsp;&nbsp;&nbsp;SIM800H_CheckSignalStrength
</UL>

<P><STRONG><a name="[111]"></a>Fifo_Init</STRONG> (Thumb, 12 bytes, Stack size 0 bytes, fifo_custom.o(i.Fifo_Init))
<BR><BR>[Called By]<UL><LI><a href="#[ff]">&gt;&gt;</a>&nbsp;&nbsp;&nbsp;UART5_Init
</UL>

<P><STRONG><a name="[110]"></a>Fifo_Put</STRONG> (Thumb, 66 bytes, Stack size 0 bytes, fifo_custom.o(i.Fifo_Put))
<BR><BR>[Called By]<UL><LI><a href="#[5f]">&gt;&gt;</a>&nbsp;&nbsp;&nbsp;UART5_Handler
</UL>

<P><STRONG><a name="[215]"></a>Heap_Init</STRONG> (Thumb, 16 bytes, Stack size 0 bytes, heap.o(i.Heap_Init))
<BR><BR>[Called By]<UL><LI><a href="#[ea]">&gt;&gt;</a>&nbsp;&nbsp;&nbsp;lv_init
</UL>

<P><STRONG><a name="[da]"></a>I2C_RTC_Recv_List</STRONG> (Thumb, 234 bytes, Stack size 24 bytes, pcf8523.o(i.I2C_RTC_Recv_List))
<BR><BR>[Stack]<UL><LI>Max Depth = 24<LI>Call Chain = I2C_RTC_Recv_List
</UL>
<BR>[Calls]<UL><LI><a href="#[db]">&gt;&gt;</a>&nbsp;&nbsp;&nbsp;checkError
</UL>
<BR>[Called By]<UL><LI><a href="#[15d]">&gt;&gt;</a>&nbsp;&nbsp;&nbsp;getTimeAndDate
</UL>

<P><STRONG><a name="[dc]"></a>I2C_RTC_Send</STRONG> (Thumb, 130 bytes, Stack size 8 bytes, pcf8523.o(i.I2C_RTC_Send))
<BR><BR>[Stack]<UL><LI>Max Depth = 8<LI>Call Chain = I2C_RTC_Send
</UL>
<BR>[Calls]<UL><LI><a href="#[db]">&gt;&gt;</a>&nbsp;&nbsp;&nbsp;checkError
</UL>
<BR>[Called By]<UL><LI><a href="#[f8]">&gt;&gt;</a>&nbsp;&nbsp;&nbsp;PCF8523_I2C0_Init
</UL>

<P><STRONG><a name="[dd]"></a>ILI9341_DrawPixel</STRONG> (Thumb, 64 bytes, Stack size 24 bytes, ili9341.o(i.ILI9341_DrawPixel))
<BR><BR>[Stack]<UL><LI>Max Depth = 64<LI>Call Chain = ILI9341_DrawPixel &rArr; setAddrWindow
</UL>
<BR>[Calls]<UL><LI><a href="#[de]">&gt;&gt;</a>&nbsp;&nbsp;&nbsp;setAddrWindow
<LI><a href="#[df]">&gt;&gt;</a>&nbsp;&nbsp;&nbsp;pushColor
</UL>
<BR>[Called By]<UL><LI><a href="#[94]">&gt;&gt;</a>&nbsp;&nbsp;&nbsp;my_disp_flush
</UL>

<P><STRONG><a name="[e0]"></a>ILI9341_FillRect</STRONG> (Thumb, 164 bytes, Stack size 32 bytes, ili9341.o(i.ILI9341_FillRect))
<BR><BR>[Stack]<UL><LI>Max Depth = 72<LI>Call Chain = ILI9341_FillRect &rArr; setAddrWindow
</UL>
<BR>[Calls]<UL><LI><a href="#[e1]">&gt;&gt;</a>&nbsp;&nbsp;&nbsp;writedata
<LI><a href="#[de]">&gt;&gt;</a>&nbsp;&nbsp;&nbsp;setAddrWindow
</UL>
<BR>[Called By]<UL><LI><a href="#[e2]">&gt;&gt;</a>&nbsp;&nbsp;&nbsp;ILI9341_FillScreen
</UL>

<P><STRONG><a name="[e2]"></a>ILI9341_FillScreen</STRONG> (Thumb, 28 bytes, Stack size 16 bytes, ili9341.o(i.ILI9341_FillScreen))
<BR><BR>[Stack]<UL><LI>Max Depth = 88<LI>Call Chain = ILI9341_FillScreen &rArr; ILI9341_FillRect &rArr; setAddrWindow
</UL>
<BR>[Calls]<UL><LI><a href="#[e0]">&gt;&gt;</a>&nbsp;&nbsp;&nbsp;ILI9341_FillRect
</UL>
<BR>[Called By]<UL><LI><a href="#[e3]">&gt;&gt;</a>&nbsp;&nbsp;&nbsp;ILI9341_InitR
</UL>

<P><STRONG><a name="[e3]"></a>ILI9341_InitR</STRONG> (Thumb, 90 bytes, Stack size 8 bytes, ili9341.o(i.ILI9341_InitR))
<BR><BR>[Stack]<UL><LI>Max Depth = 96<LI>Call Chain = ILI9341_InitR &rArr; ILI9341_FillScreen &rArr; ILI9341_FillRect &rArr; setAddrWindow
</UL>
<BR>[Calls]<UL><LI><a href="#[e7]">&gt;&gt;</a>&nbsp;&nbsp;&nbsp;ILI9341_SetCursor
<LI><a href="#[e2]">&gt;&gt;</a>&nbsp;&nbsp;&nbsp;ILI9341_FillScreen
<LI><a href="#[e1]">&gt;&gt;</a>&nbsp;&nbsp;&nbsp;writedata
<LI><a href="#[e6]">&gt;&gt;</a>&nbsp;&nbsp;&nbsp;writecommand
<LI><a href="#[e4]">&gt;&gt;</a>&nbsp;&nbsp;&nbsp;commonInit
<LI><a href="#[e5]">&gt;&gt;</a>&nbsp;&nbsp;&nbsp;commandList
</UL>
<BR>[Called By]<UL><LI><a href="#[cd]">&gt;&gt;</a>&nbsp;&nbsp;&nbsp;main
</UL>

<P><STRONG><a name="[e7]"></a>ILI9341_SetCursor</STRONG> (Thumb, 22 bytes, Stack size 0 bytes, ili9341.o(i.ILI9341_SetCursor))
<BR><BR>[Called By]<UL><LI><a href="#[e3]">&gt;&gt;</a>&nbsp;&nbsp;&nbsp;ILI9341_InitR
</UL>

<P><STRONG><a name="[e8]"></a>LittlevGL_Init</STRONG> (Thumb, 66 bytes, Stack size 8 bytes, ui_components.o(i.LittlevGL_Init))
<BR><BR>[Stack]<UL><LI>Max Depth = 552<LI>Call Chain = LittlevGL_Init &rArr; lv_disp_drv_register &rArr; lv_obj_create &rArr; lv_group_add_obj &rArr; lv_group_refocus &rArr; lv_group_focus_prev &rArr; focus_next_core &rArr; obj_to_foreground &rArr; lv_obj_move_foreground &rArr; lv_obj_invalidate &rArr; lv_obj_get_disp &rArr; lv_obj_get_screen &rArr; lv_obj_get_parent &rArr; lv_debug_log_error &rArr; strlen
</UL>
<BR>[Calls]<UL><LI><a href="#[ec]">&gt;&gt;</a>&nbsp;&nbsp;&nbsp;lv_theme_set_current
<LI><a href="#[eb]">&gt;&gt;</a>&nbsp;&nbsp;&nbsp;lv_theme_night_init
<LI><a href="#[ea]">&gt;&gt;</a>&nbsp;&nbsp;&nbsp;lv_init
<LI><a href="#[ef]">&gt;&gt;</a>&nbsp;&nbsp;&nbsp;lv_disp_drv_register
<LI><a href="#[ee]">&gt;&gt;</a>&nbsp;&nbsp;&nbsp;lv_disp_drv_init
<LI><a href="#[ed]">&gt;&gt;</a>&nbsp;&nbsp;&nbsp;lv_disp_buf_init
<LI><a href="#[e9]">&gt;&gt;</a>&nbsp;&nbsp;&nbsp;LvGL_Timer0_Init
</UL>
<BR>[Called By]<UL><LI><a href="#[cd]">&gt;&gt;</a>&nbsp;&nbsp;&nbsp;main
</UL>

<P><STRONG><a name="[e9]"></a>LvGL_Timer0_Init</STRONG> (Thumb, 88 bytes, Stack size 8 bytes, ui_components.o(i.LvGL_Timer0_Init))
<BR><BR>[Stack]<UL><LI>Max Depth = 8<LI>Call Chain = LvGL_Timer0_Init
</UL>
<BR>[Called By]<UL><LI><a href="#[e8]">&gt;&gt;</a>&nbsp;&nbsp;&nbsp;LittlevGL_Init
</UL>

<P><STRONG><a name="[f4]"></a>MatrixFifo_Get</STRONG> (Thumb, 46 bytes, Stack size 0 bytes, matrix.o(i.MatrixFifo_Get))
<BR><BR>[Called By]<UL><LI><a href="#[f3]">&gt;&gt;</a>&nbsp;&nbsp;&nbsp;Matrix_InChar
</UL>

<P><STRONG><a name="[f0]"></a>MatrixFifo_Init</STRONG> (Thumb, 26 bytes, Stack size 8 bytes, matrix.o(i.MatrixFifo_Init))
<BR><BR>[Stack]<UL><LI>Max Depth = 8 + Unknown Stack Size
<LI>Call Chain = MatrixFifo_Init
</UL>
<BR>[Calls]<UL><LI><a href="#[f2]">&gt;&gt;</a>&nbsp;&nbsp;&nbsp;EndCritical
<LI><a href="#[f1]">&gt;&gt;</a>&nbsp;&nbsp;&nbsp;StartCritical
</UL>
<BR>[Called By]<UL><LI><a href="#[f5]">&gt;&gt;</a>&nbsp;&nbsp;&nbsp;Matrix_Init
</UL>

<P><STRONG><a name="[106]"></a>MatrixFifo_Put</STRONG> (Thumb, 48 bytes, Stack size 0 bytes, matrix.o(i.MatrixFifo_Put))
<BR><BR>[Called By]<UL><LI><a href="#[39]">&gt;&gt;</a>&nbsp;&nbsp;&nbsp;Timer2A_Handler
</UL>

<P><STRONG><a name="[f6]"></a>MatrixKeypad_Init</STRONG> (Thumb, 160 bytes, Stack size 0 bytes, matrix.o(i.MatrixKeypad_Init))
<BR><BR>[Called By]<UL><LI><a href="#[f5]">&gt;&gt;</a>&nbsp;&nbsp;&nbsp;Matrix_Init
</UL>

<P><STRONG><a name="[105]"></a>MatrixKeypad_Scan</STRONG> (Thumb, 172 bytes, Stack size 20 bytes, matrix.o(i.MatrixKeypad_Scan))
<BR><BR>[Stack]<UL><LI>Max Depth = 20<LI>Call Chain = MatrixKeypad_Scan
</UL>
<BR>[Called By]<UL><LI><a href="#[39]">&gt;&gt;</a>&nbsp;&nbsp;&nbsp;Timer2A_Handler
</UL>

<P><STRONG><a name="[f3]"></a>Matrix_InChar</STRONG> (Thumb, 20 bytes, Stack size 8 bytes, matrix.o(i.Matrix_InChar))
<BR><BR>[Stack]<UL><LI>Max Depth = 8<LI>Call Chain = Matrix_InChar
</UL>
<BR>[Calls]<UL><LI><a href="#[f4]">&gt;&gt;</a>&nbsp;&nbsp;&nbsp;MatrixFifo_Get
</UL>
<BR>[Called By]<UL><LI><a href="#[cd]">&gt;&gt;</a>&nbsp;&nbsp;&nbsp;main
</UL>

<P><STRONG><a name="[f5]"></a>Matrix_Init</STRONG> (Thumb, 24 bytes, Stack size 8 bytes, matrix.o(i.Matrix_Init))
<BR><BR>[Stack]<UL><LI>Max Depth = 20 + Unknown Stack Size
<LI>Call Chain = Matrix_Init &rArr; Timer2A_MatrixCheck_Init
</UL>
<BR>[Calls]<UL><LI><a href="#[f7]">&gt;&gt;</a>&nbsp;&nbsp;&nbsp;Timer2A_MatrixCheck_Init
<LI><a href="#[f6]">&gt;&gt;</a>&nbsp;&nbsp;&nbsp;MatrixKeypad_Init
<LI><a href="#[f0]">&gt;&gt;</a>&nbsp;&nbsp;&nbsp;MatrixFifo_Init
</UL>
<BR>[Called By]<UL><LI><a href="#[cd]">&gt;&gt;</a>&nbsp;&nbsp;&nbsp;main
</UL>

<P><STRONG><a name="[f8]"></a>PCF8523_I2C0_Init</STRONG> (Thumb, 138 bytes, Stack size 4 bytes, pcf8523.o(i.PCF8523_I2C0_Init))
<BR><BR>[Stack]<UL><LI>Max Depth = 12<LI>Call Chain = PCF8523_I2C0_Init &rArr; I2C_RTC_Send
</UL>
<BR>[Calls]<UL><LI><a href="#[dc]">&gt;&gt;</a>&nbsp;&nbsp;&nbsp;I2C_RTC_Send
</UL>
<BR>[Called By]<UL><LI><a href="#[cd]">&gt;&gt;</a>&nbsp;&nbsp;&nbsp;main
</UL>

<P><STRONG><a name="[29f]"></a>PLL_Init</STRONG> (Thumb, 120 bytes, Stack size 0 bytes, pll.o(i.PLL_Init))
<BR><BR>[Called By]<UL><LI><a href="#[cd]">&gt;&gt;</a>&nbsp;&nbsp;&nbsp;main
</UL>

<P><STRONG><a name="[f9]"></a>RxFifo_Init</STRONG> (Thumb, 26 bytes, Stack size 8 bytes, uart_putty.o(i.RxFifo_Init))
<BR><BR>[Stack]<UL><LI>Max Depth = 8 + Unknown Stack Size
<LI>Call Chain = RxFifo_Init
</UL>
<BR>[Calls]<UL><LI><a href="#[f2]">&gt;&gt;</a>&nbsp;&nbsp;&nbsp;EndCritical
<LI><a href="#[f1]">&gt;&gt;</a>&nbsp;&nbsp;&nbsp;StartCritical
</UL>
<BR>[Called By]<UL><LI><a href="#[10b]">&gt;&gt;</a>&nbsp;&nbsp;&nbsp;UART0_Init
</UL>

<P><STRONG><a name="[12b]"></a>RxFifo_Put</STRONG> (Thumb, 48 bytes, Stack size 0 bytes, uart_putty.o(i.RxFifo_Put))
<BR><BR>[Called By]<UL><LI><a href="#[10a]">&gt;&gt;</a>&nbsp;&nbsp;&nbsp;copyHardwareToSoftware
</UL>

<P><STRONG><a name="[12c]"></a>RxFifo_Size</STRONG> (Thumb, 12 bytes, Stack size 0 bytes, uart_putty.o(i.RxFifo_Size))
<BR><BR>[Called By]<UL><LI><a href="#[10a]">&gt;&gt;</a>&nbsp;&nbsp;&nbsp;copyHardwareToSoftware
</UL>

<P><STRONG><a name="[fa]"></a>SIM800H_CheckSignalStrength</STRONG> (Thumb, 34 bytes, Stack size 8 bytes, sim800h.o(i.SIM800H_CheckSignalStrength))
<BR><BR>[Stack]<UL><LI>Max Depth = 16<LI>Call Chain = SIM800H_CheckSignalStrength &rArr; SysTick_Wait10ms
</UL>
<BR>[Calls]<UL><LI><a href="#[fb]">&gt;&gt;</a>&nbsp;&nbsp;&nbsp;UART5_OutString
<LI><a href="#[fc]">&gt;&gt;</a>&nbsp;&nbsp;&nbsp;SysTick_Wait10ms
<LI><a href="#[fd]">&gt;&gt;</a>&nbsp;&nbsp;&nbsp;Fifo_Get
</UL>
<BR>[Called By]<UL><LI><a href="#[fe]">&gt;&gt;</a>&nbsp;&nbsp;&nbsp;SIM800H_Init
</UL>

<P><STRONG><a name="[fe]"></a>SIM800H_Init</STRONG> (Thumb, 174 bytes, Stack size 8 bytes, sim800h.o(i.SIM800H_Init))
<BR><BR>[Stack]<UL><LI>Max Depth = 24 + Unknown Stack Size
<LI>Call Chain = SIM800H_Init &rArr; SIM800H_CheckSignalStrength &rArr; SysTick_Wait10ms
</UL>
<BR>[Calls]<UL><LI><a href="#[fb]">&gt;&gt;</a>&nbsp;&nbsp;&nbsp;UART5_OutString
<LI><a href="#[ff]">&gt;&gt;</a>&nbsp;&nbsp;&nbsp;UART5_Init
<LI><a href="#[fc]">&gt;&gt;</a>&nbsp;&nbsp;&nbsp;SysTick_Wait10ms
<LI><a href="#[100]">&gt;&gt;</a>&nbsp;&nbsp;&nbsp;SysTick_Init
<LI><a href="#[fd]">&gt;&gt;</a>&nbsp;&nbsp;&nbsp;Fifo_Get
<LI><a href="#[fa]">&gt;&gt;</a>&nbsp;&nbsp;&nbsp;SIM800H_CheckSignalStrength
</UL>
<BR>[Called By]<UL><LI><a href="#[cd]">&gt;&gt;</a>&nbsp;&nbsp;&nbsp;main
</UL>

<P><STRONG><a name="[101]"></a>SIM800H_SendText</STRONG> (Thumb, 138 bytes, Stack size 40 bytes, sim800h.o(i.SIM800H_SendText))
<BR><BR>[Stack]<UL><LI>Max Depth = 48<LI>Call Chain = SIM800H_SendText &rArr; SysTick_Wait10ms
</UL>
<BR>[Calls]<UL><LI><a href="#[fb]">&gt;&gt;</a>&nbsp;&nbsp;&nbsp;UART5_OutString
<LI><a href="#[102]">&gt;&gt;</a>&nbsp;&nbsp;&nbsp;UART5_OutChar
<LI><a href="#[fc]">&gt;&gt;</a>&nbsp;&nbsp;&nbsp;SysTick_Wait10ms
<LI><a href="#[fd]">&gt;&gt;</a>&nbsp;&nbsp;&nbsp;Fifo_Get
</UL>
<BR>[Called By]<UL><LI><a href="#[165]">&gt;&gt;</a>&nbsp;&nbsp;&nbsp;handleInput
</UL>

<P><STRONG><a name="[100]"></a>SysTick_Init</STRONG> (Thumb, 22 bytes, Stack size 0 bytes, systick.o(i.SysTick_Init))
[...]
</UL>
<P><STRONG><a name="[270]"></a>placeholder_update</STRONG> (Thumb, 116 bytes, Stack size 32 bytes, lv_ta.o(i.placeholder_update))
<BR><BR>[Stack]<UL><LI>Max Depth = 576<LI>Call Chain = placeholder_update &rArr; lv_obj_set_width &rArr; lv_obj_set_size &rArr; lv_obj_realign &rArr; lv_obj_align &rArr; lv_obj_set_pos &rArr; lv_obj_invalidate &rArr; lv_obj_get_disp &rArr; lv_obj_get_screen &rArr; lv_obj_get_parent &rArr; lv_debug_log_error &rArr; strlen
</UL>
<BR>[Calls]<UL><LI><a href="#[129]">&gt;&gt;</a>&nbsp;&nbsp;&nbsp;lv_ta_get_text
<LI><a href="#[24d]">&gt;&gt;</a>&nbsp;&nbsp;&nbsp;lv_obj_set_width
<LI><a href="#[140]">&gt;&gt;</a>&nbsp;&nbsp;&nbsp;lv_obj_set_pos
<LI><a href="#[249]">&gt;&gt;</a>&nbsp;&nbsp;&nbsp;lv_obj_set_hidden
<LI><a href="#[161]">&gt;&gt;</a>&nbsp;&nbsp;&nbsp;lv_obj_get_style
<LI><a href="#[128]">&gt;&gt;</a>&nbsp;&nbsp;&nbsp;lv_obj_get_ext_attr
<LI><a href="#[256]">&gt;&gt;</a>&nbsp;&nbsp;&nbsp;lv_page_get_scrl
<LI><a href="#[255]">&gt;&gt;</a>&nbsp;&nbsp;&nbsp;lv_page_get_fit_width
</UL>
<BR>[Called By]<UL><LI><a href="#[169]">&gt;&gt;</a>&nbsp;&nbsp;&nbsp;lv_ta_del_char
<LI><a href="#[166]">&gt;&gt;</a>&nbsp;&nbsp;&nbsp;lv_ta_add_char
<LI><a href="#[13a]">&gt;&gt;</a>&nbsp;&nbsp;&nbsp;lv_ta_set_text
<LI><a href="#[13b]">&gt;&gt;</a>&nbsp;&nbsp;&nbsp;lv_ta_set_placeholder_text
<LI><a href="#[269]">&gt;&gt;</a>&nbsp;&nbsp;&nbsp;lv_ta_add_text
<LI><a href="#[273]">&gt;&gt;</a>&nbsp;&nbsp;&nbsp;lv_ta_set_one_line
</UL>

<P><STRONG><a name="[26c]"></a>pwd_char_hider</STRONG> (Thumb, 92 bytes, Stack size 32 bytes, lv_ta.o(i.pwd_char_hider))
<BR><BR>[Stack]<UL><LI>Max Depth = 680<LI>Call Chain = pwd_char_hider &rArr; lv_label_set_text &rArr; lv_label_refr_text &rArr; lv_obj_set_height &rArr; lv_obj_set_size &rArr; lv_obj_realign &rArr; lv_obj_align &rArr; lv_obj_set_pos &rArr; lv_obj_invalidate &rArr; lv_obj_get_disp &rArr; lv_obj_get_screen &rArr; lv_obj_get_parent &rArr; lv_debug_log_error &rArr; strlen
</UL>
<BR>[Calls]<UL><LI><a href="#[136]">&gt;&gt;</a>&nbsp;&nbsp;&nbsp;lv_label_set_text
<LI><a href="#[128]">&gt;&gt;</a>&nbsp;&nbsp;&nbsp;lv_obj_get_ext_attr
<LI><a href="#[221]">&gt;&gt;</a>&nbsp;&nbsp;&nbsp;lv_label_get_text
</UL>
<BR>[Called By]<UL><LI><a href="#[166]">&gt;&gt;</a>&nbsp;&nbsp;&nbsp;lv_ta_add_char
<LI><a href="#[139]">&gt;&gt;</a>&nbsp;&nbsp;&nbsp;lv_ta_create
<LI><a href="#[269]">&gt;&gt;</a>&nbsp;&nbsp;&nbsp;lv_ta_add_text
<LI><a href="#[b8]">&gt;&gt;</a>&nbsp;&nbsp;&nbsp;pwd_char_hider_anim_ready
</UL>

<P><STRONG><a name="[b7]"></a>pwd_char_hider_anim</STRONG> (Thumb, 2 bytes, Stack size 0 bytes, lv_ta.o(i.pwd_char_hider_anim))
<BR>[Address Reference Count : 3]<UL><LI> lv_ta.o(i.lv_ta_add_char)
<LI> lv_ta.o(i.lv_ta_add_text)
<LI> lv_ta.o(i.lv_ta_set_text)
</UL>
<P><STRONG><a name="[b8]"></a>pwd_char_hider_anim_ready</STRONG> (Thumb, 14 bytes, Stack size 16 bytes, lv_ta.o(i.pwd_char_hider_anim_ready))
<BR><BR>[Stack]<UL><LI>Max Depth = 696<LI>Call Chain = pwd_char_hider_anim_ready &rArr; pwd_char_hider &rArr; lv_label_set_text &rArr; lv_label_refr_text &rArr; lv_obj_set_height &rArr; lv_obj_set_size &rArr; lv_obj_realign &rArr; lv_obj_align &rArr; lv_obj_set_pos &rArr; lv_obj_invalidate &rArr; lv_obj_get_disp &rArr; lv_obj_get_screen &rArr; lv_obj_get_parent &rArr; lv_debug_log_error &rArr; strlen
</UL>
<BR>[Calls]<UL><LI><a href="#[26c]">&gt;&gt;</a>&nbsp;&nbsp;&nbsp;pwd_char_hider
</UL>
<BR>[Address Reference Count : 3]<UL><LI> lv_ta.o(i.lv_ta_add_char)
<LI> lv_ta.o(i.lv_ta_add_text)
<LI> lv_ta.o(i.lv_ta_set_text)
</UL>
<P><STRONG><a name="[280]"></a>refr_cursor_area</STRONG> (Thumb, 838 bytes, Stack size 128 bytes, lv_ta.o(i.refr_cursor_area))
<BR><BR>[Stack]<UL><LI>Max Depth = 552<LI>Call Chain = refr_cursor_area &rArr; lv_label_get_letter_pos &rArr; lv_obj_get_style &rArr; lv_obj_get_group &rArr; lv_debug_log_error &rArr; strlen
</UL>
<BR>[Calls]<UL><LI><a href="#[141]">&gt;&gt;</a>&nbsp;&nbsp;&nbsp;lv_obj_get_disp
<LI><a href="#[143]">&gt;&gt;</a>&nbsp;&nbsp;&nbsp;lv_inv_area
<LI><a href="#[161]">&gt;&gt;</a>&nbsp;&nbsp;&nbsp;lv_obj_get_style
<LI><a href="#[128]">&gt;&gt;</a>&nbsp;&nbsp;&nbsp;lv_obj_get_ext_attr
<LI><a href="#[1ca]">&gt;&gt;</a>&nbsp;&nbsp;&nbsp;lv_font_get_glyph_width
<LI><a href="#[221]">&gt;&gt;</a>&nbsp;&nbsp;&nbsp;lv_label_get_text
<LI><a href="#[26e]">&gt;&gt;</a>&nbsp;&nbsp;&nbsp;lv_ta_get_cursor_pos
<LI><a href="#[220]">&gt;&gt;</a>&nbsp;&nbsp;&nbsp;lv_label_get_align
<LI><a href="#[22c]">&gt;&gt;</a>&nbsp;&nbsp;&nbsp;lv_label_get_letter_pos
<LI><a href="#[276]">&gt;&gt;</a>&nbsp;&nbsp;&nbsp;lv_font_get_line_height
<LI><a href="#[142]">&gt;&gt;</a>&nbsp;&nbsp;&nbsp;lv_area_copy
<LI><a href="#[160]">&gt;&gt;</a>&nbsp;&nbsp;&nbsp;get_cursor_style
</UL>
<BR>[Called By]<UL><LI><a href="#[124]">&gt;&gt;</a>&nbsp;&nbsp;&nbsp;lv_ta_set_cursor_type
<LI><a href="#[13c]">&gt;&gt;</a>&nbsp;&nbsp;&nbsp;lv_ta_set_style
<LI><a href="#[26f]">&gt;&gt;</a>&nbsp;&nbsp;&nbsp;lv_ta_set_cursor_pos
<LI><a href="#[273]">&gt;&gt;</a>&nbsp;&nbsp;&nbsp;lv_ta_set_one_line
<LI><a href="#[282]">&gt;&gt;</a>&nbsp;&nbsp;&nbsp;lv_ta_set_text_align
<LI><a href="#[ba]">&gt;&gt;</a>&nbsp;&nbsp;&nbsp;lv_ta_signal
<LI><a href="#[bb]">&gt;&gt;</a>&nbsp;&nbsp;&nbsp;lv_ta_scrollable_signal
</UL>

<P><STRONG><a name="[281]"></a>update_cursor_position_on_click</STRONG> (Thumb, 210 bytes, Stack size 48 bytes, lv_ta.o(i.update_cursor_position_on_click))
<BR><BR>[Stack]<UL><LI>Max Depth = 696<LI>Call Chain = update_cursor_position_on_click &rArr; lv_ta_set_cursor_pos &rArr; refr_cursor_area &rArr; lv_label_get_letter_pos &rArr; lv_obj_get_style &rArr; lv_obj_get_group &rArr; lv_debug_log_error &rArr; strlen
</UL>
<BR>[Calls]<UL><LI><a href="#[128]">&gt;&gt;</a>&nbsp;&nbsp;&nbsp;lv_obj_get_ext_attr
<LI><a href="#[196]">&gt;&gt;</a>&nbsp;&nbsp;&nbsp;lv_obj_get_width
<LI><a href="#[19e]">&gt;&gt;</a>&nbsp;&nbsp;&nbsp;lv_obj_get_coords
<LI><a href="#[25a]">&gt;&gt;</a>&nbsp;&nbsp;&nbsp;lv_indev_get_vect
<LI><a href="#[284]">&gt;&gt;</a>&nbsp;&nbsp;&nbsp;lv_indev_get_type
<LI><a href="#[2a6]">&gt;&gt;</a>&nbsp;&nbsp;&nbsp;lv_indev_get_point
<LI><a href="#[26f]">&gt;&gt;</a>&nbsp;&nbsp;&nbsp;lv_ta_set_cursor_pos
<LI><a href="#[22a]">&gt;&gt;</a>&nbsp;&nbsp;&nbsp;lv_label_get_letter_on
</UL>
<BR>[Called By]<UL><LI><a href="#[ba]">&gt;&gt;</a>&nbsp;&nbsp;&nbsp;lv_ta_signal
<LI><a href="#[bb]">&gt;&gt;</a>&nbsp;&nbsp;&nbsp;lv_ta_scrollable_signal
</UL>

<P><STRONG><a name="[117]"></a>arc_init</STRONG> (Thumb, 86 bytes, Stack size 8 bytes, lv_theme_night.o(i.arc_init))
<BR><BR>[Stack]<UL><LI>Max Depth = 76<LI>Call Chain = arc_init &rArr; lv_color_hsv_to_rgb &rArr; lv_color_make
</UL>
<BR>[Calls]<UL><LI><a href="#[118]">&gt;&gt;</a>&nbsp;&nbsp;&nbsp;lv_style_copy
<LI><a href="#[119]">&gt;&gt;</a>&nbsp;&nbsp;&nbsp;lv_color_hsv_to_rgb
</UL>
<BR>[Called By]<UL><LI><a href="#[eb]">&gt;&gt;</a>&nbsp;&nbsp;&nbsp;lv_theme_night_init
</UL>

<P><STRONG><a name="[11a]"></a>bar_init</STRONG> (Thumb, 140 bytes, Stack size 8 bytes, lv_theme_night.o(i.bar_init))
<BR><BR>[Stack]<UL><LI>Max Depth = 76<LI>Call Chain = bar_init &rArr; lv_color_hsv_to_rgb &rArr; lv_color_make
</UL>
<BR>[Calls]<UL><LI><a href="#[118]">&gt;&gt;</a>&nbsp;&nbsp;&nbsp;lv_style_copy
<LI><a href="#[119]">&gt;&gt;</a>&nbsp;&nbsp;&nbsp;lv_color_hsv_to_rgb
</UL>
<BR>[Called By]<UL><LI><a href="#[eb]">&gt;&gt;</a>&nbsp;&nbsp;&nbsp;lv_theme_night_init
</UL>

<P><STRONG><a name="[11b]"></a>basic_init</STRONG> (Thumb, 358 bytes, Stack size 8 bytes, lv_theme_night.o(i.basic_init))
<BR><BR>[Stack]<UL><LI>Max Depth = 76<LI>Call Chain = basic_init &rArr; lv_color_hsv_to_rgb &rArr; lv_color_make
</UL>
<BR>[Calls]<UL><LI><a href="#[118]">&gt;&gt;</a>&nbsp;&nbsp;&nbsp;lv_style_copy
<LI><a href="#[119]">&gt;&gt;</a>&nbsp;&nbsp;&nbsp;lv_color_hsv_to_rgb
</UL>
<BR>[Called By]<UL><LI><a href="#[eb]">&gt;&gt;</a>&nbsp;&nbsp;&nbsp;lv_theme_night_init
</UL>

<P><STRONG><a name="[11c]"></a>btn_init</STRONG> (Thumb, 508 bytes, Stack size 8 bytes, lv_theme_night.o(i.btn_init))
<BR><BR>[Stack]<UL><LI>Max Depth = 76<LI>Call Chain = btn_init &rArr; lv_color_hsv_to_rgb &rArr; lv_color_make
</UL>
<BR>[Calls]<UL><LI><a href="#[118]">&gt;&gt;</a>&nbsp;&nbsp;&nbsp;lv_style_copy
<LI><a href="#[119]">&gt;&gt;</a>&nbsp;&nbsp;&nbsp;lv_color_hsv_to_rgb
<LI><a href="#[11d]">&gt;&gt;</a>&nbsp;&nbsp;&nbsp;lv_color_hex3
</UL>
<BR>[Called By]<UL><LI><a href="#[eb]">&gt;&gt;</a>&nbsp;&nbsp;&nbsp;lv_theme_night_init
</UL>

<P><STRONG><a name="[11e]"></a>btnm_init</STRONG> (Thumb, 234 bytes, Stack size 8 bytes, lv_theme_night.o(i.btnm_init))
<BR><BR>[Stack]<UL><LI>Max Depth = 32<LI>Call Chain = btnm_init &rArr; lv_style_copy &rArr; __aeabi_memcpy4
</UL>
<BR>[Calls]<UL><LI><a href="#[118]">&gt;&gt;</a>&nbsp;&nbsp;&nbsp;lv_style_copy
</UL>
<BR>[Called By]<UL><LI><a href="#[eb]">&gt;&gt;</a>&nbsp;&nbsp;&nbsp;lv_theme_night_init
</UL>

<P><STRONG><a name="[11f]"></a>calendar_init</STRONG> (Thumb, 424 bytes, Stack size 8 bytes, lv_theme_night.o(i.calendar_init))
<BR><BR>[Stack]<UL><LI>Max Depth = 76<LI>Call Chain = calendar_init &rArr; lv_color_hsv_to_rgb &rArr; lv_color_make
</UL>
<BR>[Calls]<UL><LI><a href="#[118]">&gt;&gt;</a>&nbsp;&nbsp;&nbsp;lv_style_copy
<LI><a href="#[119]">&gt;&gt;</a>&nbsp;&nbsp;&nbsp;lv_color_hsv_to_rgb
<LI><a href="#[11d]">&gt;&gt;</a>&nbsp;&nbsp;&nbsp;lv_color_hex3
</UL>
<BR>[Called By]<UL><LI><a href="#[eb]">&gt;&gt;</a>&nbsp;&nbsp;&nbsp;lv_theme_night_init
</UL>

<P><STRONG><a name="[126]"></a>cb_init</STRONG> (Thumb, 406 bytes, Stack size 8 bytes, lv_theme_night.o(i.cb_init))
<BR><BR>[Stack]<UL><LI>Max Depth = 76<LI>Call Chain = cb_init &rArr; lv_color_hsv_to_rgb &rArr; lv_color_make
</UL>
<BR>[Calls]<UL><LI><a href="#[118]">&gt;&gt;</a>&nbsp;&nbsp;&nbsp;lv_style_copy
<LI><a href="#[119]">&gt;&gt;</a>&nbsp;&nbsp;&nbsp;lv_color_hsv_to_rgb
<LI><a href="#[11d]">&gt;&gt;</a>&nbsp;&nbsp;&nbsp;lv_color_hex3
</UL>
<BR>[Called By]<UL><LI><a href="#[eb]">&gt;&gt;</a>&nbsp;&nbsp;&nbsp;lv_theme_night_init
</UL>

<P><STRONG><a name="[293]"></a>chart_init</STRONG> (Thumb, 10 bytes, Stack size 0 bytes, lv_theme_night.o(i.chart_init))
<BR><BR>[Called By]<UL><LI><a href="#[eb]">&gt;&gt;</a>&nbsp;&nbsp;&nbsp;lv_theme_night_init
</UL>

<P><STRONG><a name="[28d]"></a>cont_init</STRONG> (Thumb, 8 bytes, Stack size 0 bytes, lv_theme_night.o(i.cont_init))
<BR><BR>[Called By]<UL><LI><a href="#[eb]">&gt;&gt;</a>&nbsp;&nbsp;&nbsp;lv_theme_night_init
</UL>

<P><STRONG><a name="[144]"></a>ddlist_init</STRONG> (Thumb, 112 bytes, Stack size 8 bytes, lv_theme_night.o(i.ddlist_init))
<BR><BR>[Stack]<UL><LI>Max Depth = 76<LI>Call Chain = ddlist_init &rArr; lv_color_hsv_to_rgb &rArr; lv_color_make
</UL>
<BR>[Calls]<UL><LI><a href="#[118]">&gt;&gt;</a>&nbsp;&nbsp;&nbsp;lv_style_copy
<LI><a href="#[119]">&gt;&gt;</a>&nbsp;&nbsp;&nbsp;lv_color_hsv_to_rgb
</UL>
<BR>[Called By]<UL><LI><a href="#[eb]">&gt;&gt;</a>&nbsp;&nbsp;&nbsp;lv_theme_night_init
</UL>

<P><STRONG><a name="[15b]"></a>gauge_init</STRONG> (Thumb, 88 bytes, Stack size 8 bytes, lv_theme_night.o(i.gauge_init))
<BR><BR>[Stack]<UL><LI>Max Depth = 76<LI>Call Chain = gauge_init &rArr; lv_color_hsv_to_rgb &rArr; lv_color_make
</UL>
<BR>[Calls]<UL><LI><a href="#[118]">&gt;&gt;</a>&nbsp;&nbsp;&nbsp;lv_style_copy
<LI><a href="#[119]">&gt;&gt;</a>&nbsp;&nbsp;&nbsp;lv_color_hsv_to_rgb
<LI><a href="#[11d]">&gt;&gt;</a>&nbsp;&nbsp;&nbsp;lv_color_hex3
</UL>
<BR>[Called By]<UL><LI><a href="#[eb]">&gt;&gt;</a>&nbsp;&nbsp;&nbsp;lv_theme_night_init
</UL>

<P><STRONG><a name="[28e]"></a>img_init</STRONG> (Thumb, 14 bytes, Stack size 0 bytes, lv_theme_night.o(i.img_init))
<BR><BR>[Called By]<UL><LI><a href="#[eb]">&gt;&gt;</a>&nbsp;&nbsp;&nbsp;lv_theme_night_init
</UL>

<P><STRONG><a name="[294]"></a>kb_init</STRONG> (Thumb, 42 bytes, Stack size 0 bytes, lv_theme_night.o(i.kb_init))
<BR><BR>[Called By]<UL><LI><a href="#[eb]">&gt;&gt;</a>&nbsp;&nbsp;&nbsp;lv_theme_night_init
</UL>

<P><STRONG><a name="[16a]"></a>label_init</STRONG> (Thumb, 110 bytes, Stack size 8 bytes, lv_theme_night.o(i.label_init))
<BR><BR>[Stack]<UL><LI>Max Depth = 76<LI>Call Chain = label_init &rArr; lv_color_hsv_to_rgb &rArr; lv_color_make
</UL>
<BR>[Calls]<UL><LI><a href="#[118]">&gt;&gt;</a>&nbsp;&nbsp;&nbsp;lv_style_copy
<LI><a href="#[119]">&gt;&gt;</a>&nbsp;&nbsp;&nbsp;lv_color_hsv_to_rgb
</UL>
<BR>[Called By]<UL><LI><a href="#[eb]">&gt;&gt;</a>&nbsp;&nbsp;&nbsp;lv_theme_night_init
</UL>

<P><STRONG><a name="[16b]"></a>led_init</STRONG> (Thumb, 124 bytes, Stack size 8 bytes, lv_theme_night.o(i.led_init))
<BR><BR>[Stack]<UL><LI>Max Depth = 76<LI>Call Chain = led_init &rArr; lv_color_hsv_to_rgb &rArr; lv_color_make
</UL>
<BR>[Calls]<UL><LI><a href="#[118]">&gt;&gt;</a>&nbsp;&nbsp;&nbsp;lv_style_copy
<LI><a href="#[119]">&gt;&gt;</a>&nbsp;&nbsp;&nbsp;lv_color_hsv_to_rgb
</UL>
<BR>[Called By]<UL><LI><a href="#[eb]">&gt;&gt;</a>&nbsp;&nbsp;&nbsp;lv_theme_night_init
</UL>

<P><STRONG><a name="[28f]"></a>line_init</STRONG> (Thumb, 8 bytes, Stack size 0 bytes, lv_theme_night.o(i.line_init))
<BR><BR>[Called By]<UL><LI><a href="#[eb]">&gt;&gt;</a>&nbsp;&nbsp;&nbsp;lv_theme_night_init
</UL>

<P><STRONG><a name="[16c]"></a>list_init</STRONG> (Thumb, 460 bytes, Stack size 8 bytes, lv_theme_night.o(i.list_init))
<BR><BR>[Stack]<UL><LI>Max Depth = 76<LI>Call Chain = list_init &rArr; lv_color_hsv_to_rgb &rArr; lv_color_make
</UL>
<BR>[Calls]<UL><LI><a href="#[118]">&gt;&gt;</a>&nbsp;&nbsp;&nbsp;lv_style_copy
<LI><a href="#[119]">&gt;&gt;</a>&nbsp;&nbsp;&nbsp;lv_color_hsv_to_rgb
</UL>
<BR>[Called By]<UL><LI><a href="#[eb]">&gt;&gt;</a>&nbsp;&nbsp;&nbsp;lv_theme_night_init
</UL>

<P><STRONG><a name="[16d]"></a>lmeter_init</STRONG> (Thumb, 124 bytes, Stack size 8 bytes, lv_theme_night.o(i.lmeter_init))
<BR><BR>[Stack]<UL><LI>Max Depth = 76<LI>Call Chain = lmeter_init &rArr; lv_color_hsv_to_rgb &rArr; lv_color_make
</UL>
<BR>[Calls]<UL><LI><a href="#[118]">&gt;&gt;</a>&nbsp;&nbsp;&nbsp;lv_style_copy
<LI><a href="#[119]">&gt;&gt;</a>&nbsp;&nbsp;&nbsp;lv_color_hsv_to_rgb
<LI><a href="#[11d]">&gt;&gt;</a>&nbsp;&nbsp;&nbsp;lv_color_hex3
</UL>
<BR>[Called By]<UL><LI><a href="#[eb]">&gt;&gt;</a>&nbsp;&nbsp;&nbsp;lv_theme_night_init
</UL>

<P><STRONG><a name="[11d]"></a>lv_color_hex3</STRONG> (Thumb, 92 bytes, Stack size 20 bytes, lv_theme_night.o(i.lv_color_hex3))
<BR><BR>[Stack]<UL><LI>Max Depth = 20<LI>Call Chain = lv_color_hex3
</UL>
<BR>[Called By]<UL><LI><a href="#[29d]">&gt;&gt;</a>&nbsp;&nbsp;&nbsp;win_init
<LI><a href="#[296]">&gt;&gt;</a>&nbsp;&nbsp;&nbsp;page_init
<LI><a href="#[295]">&gt;&gt;</a>&nbsp;&nbsp;&nbsp;mbox_init
<LI><a href="#[16d]">&gt;&gt;</a>&nbsp;&nbsp;&nbsp;lmeter_init
<LI><a href="#[15b]">&gt;&gt;</a>&nbsp;&nbsp;&nbsp;gauge_init
<LI><a href="#[126]">&gt;&gt;</a>&nbsp;&nbsp;&nbsp;cb_init
<LI><a href="#[11f]">&gt;&gt;</a>&nbsp;&nbsp;&nbsp;calendar_init
<LI><a href="#[11c]">&gt;&gt;</a>&nbsp;&nbsp;&nbsp;btn_init
</UL>

<P><STRONG><a name="[295]"></a>mbox_init</STRONG> (Thumb, 134 bytes, Stack size 8 bytes, lv_theme_night.o(i.mbox_init))
<BR><BR>[Stack]<UL><LI>Max Depth = 76<LI>Call Chain = mbox_init &rArr; lv_color_hsv_to_rgb &rArr; lv_color_make
</UL>
<BR>[Calls]<UL><LI><a href="#[118]">&gt;&gt;</a>&nbsp;&nbsp;&nbsp;lv_style_copy
<LI><a href="#[119]">&gt;&gt;</a>&nbsp;&nbsp;&nbsp;lv_color_hsv_to_rgb
<LI><a href="#[11d]">&gt;&gt;</a>&nbsp;&nbsp;&nbsp;lv_color_hex3
</UL>
<BR>[Called By]<UL><LI><a href="#[eb]">&gt;&gt;</a>&nbsp;&nbsp;&nbsp;lv_theme_night_init
</UL>

<P><STRONG><a name="[296]"></a>page_init</STRONG> (Thumb, 104 bytes, Stack size 8 bytes, lv_theme_night.o(i.page_init))
<BR><BR>[Stack]<UL><LI>Max Depth = 76<LI>Call Chain = page_init &rArr; lv_color_hsv_to_rgb &rArr; lv_color_make
</UL>
<BR>[Calls]<UL><LI><a href="#[118]">&gt;&gt;</a>&nbsp;&nbsp;&nbsp;lv_style_copy
<LI><a href="#[119]">&gt;&gt;</a>&nbsp;&nbsp;&nbsp;lv_color_hsv_to_rgb
<LI><a href="#[11d]">&gt;&gt;</a>&nbsp;&nbsp;&nbsp;lv_color_hex3
</UL>
<BR>[Called By]<UL><LI><a href="#[eb]">&gt;&gt;</a>&nbsp;&nbsp;&nbsp;lv_theme_night_init
</UL>

<P><STRONG><a name="[292]"></a>preload_init</STRONG> (Thumb, 10 bytes, Stack size 0 bytes, lv_theme_night.o(i.preload_init))
<BR><BR>[Called By]<UL><LI><a href="#[eb]">&gt;&gt;</a>&nbsp;&nbsp;&nbsp;lv_theme_night_init
</UL>

<P><STRONG><a name="[299]"></a>roller_init</STRONG> (Thumb, 104 bytes, Stack size 8 bytes, lv_theme_night.o(i.roller_init))
<BR><BR>[Stack]<UL><LI>Max Depth = 76<LI>Call Chain = roller_init &rArr; lv_color_hsv_to_rgb &rArr; lv_color_make
</UL>
<BR>[Calls]<UL><LI><a href="#[118]">&gt;&gt;</a>&nbsp;&nbsp;&nbsp;lv_style_copy
<LI><a href="#[119]">&gt;&gt;</a>&nbsp;&nbsp;&nbsp;lv_color_hsv_to_rgb
</UL>
<BR>[Called By]<UL><LI><a href="#[eb]">&gt;&gt;</a>&nbsp;&nbsp;&nbsp;lv_theme_night_init
</UL>

<P><STRONG><a name="[290]"></a>slider_init</STRONG> (Thumb, 40 bytes, Stack size 8 bytes, lv_theme_night.o(i.slider_init))
<BR><BR>[Stack]<UL><LI>Max Depth = 32<LI>Call Chain = slider_init &rArr; lv_style_copy &rArr; __aeabi_memcpy4
</UL>
<BR>[Calls]<UL><LI><a href="#[118]">&gt;&gt;</a>&nbsp;&nbsp;&nbsp;lv_style_copy
</UL>
<BR>[Called By]<UL><LI><a href="#[eb]">&gt;&gt;</a>&nbsp;&nbsp;&nbsp;lv_theme_night_init
</UL>

<P><STRONG><a name="[298]"></a>spinbox_init</STRONG> (Thumb, 28 bytes, Stack size 0 bytes, lv_theme_night.o(i.spinbox_init))
<BR><BR>[Called By]<UL><LI><a href="#[eb]">&gt;&gt;</a>&nbsp;&nbsp;&nbsp;lv_theme_night_init
</UL>

<P><STRONG><a name="[bf]"></a>style_mod</STRONG> (Thumb, 46 bytes, Stack size 16 bytes, lv_theme_night.o(i.style_mod))
<BR><BR>[Stack]<UL><LI>Max Depth = 84<LI>Call Chain = style_mod &rArr; lv_color_hsv_to_rgb &rArr; lv_color_make
</UL>
<BR>[Calls]<UL><LI><a href="#[119]">&gt;&gt;</a>&nbsp;&nbsp;&nbsp;lv_color_hsv_to_rgb
</UL>
<BR>[Address Reference Count : 1]<UL><LI> lv_theme_night.o(i.lv_theme_night_init)
</UL>
<P><STRONG><a name="[c0]"></a>style_mod_edit</STRONG> (Thumb, 36 bytes, Stack size 8 bytes, lv_theme_night.o(i.style_mod_edit))
<BR><BR>[Stack]<UL><LI>Max Depth = 8<LI>Call Chain = style_mod_edit
</UL>
<BR>[Address Reference Count : 1]<UL><LI> lv_theme_night.o(i.lv_theme_night_init)
</UL>
<P><STRONG><a name="[291]"></a>sw_init</STRONG> (Thumb, 28 bytes, Stack size 0 bytes, lv_theme_night.o(i.sw_init))
<BR><BR>[Called By]<UL><LI><a href="#[eb]">&gt;&gt;</a>&nbsp;&nbsp;&nbsp;lv_theme_night_init
</UL>

<P><STRONG><a name="[297]"></a>ta_init</STRONG> (Thumb, 30 bytes, Stack size 0 bytes, lv_theme_night.o(i.ta_init))
<BR><BR>[Called By]<UL><LI><a href="#[eb]">&gt;&gt;</a>&nbsp;&nbsp;&nbsp;lv_theme_night_init
</UL>

<P><STRONG><a name="[29c]"></a>table_init</STRONG> (Thumb, 48 bytes, Stack size 8 bytes, lv_theme_night.o(i.table_init))
<BR><BR>[Stack]<UL><LI>Max Depth = 32<LI>Call Chain = table_init &rArr; lv_style_copy &rArr; __aeabi_memcpy4
</UL>
<BR>[Calls]<UL><LI><a href="#[118]">&gt;&gt;</a>&nbsp;&nbsp;&nbsp;lv_style_copy
</UL>
<BR>[Called By]<UL><LI><a href="#[eb]">&gt;&gt;</a>&nbsp;&nbsp;&nbsp;lv_theme_night_init
</UL>

<P><STRONG><a name="[29a]"></a>tabview_init</STRONG> (Thumb, 46 bytes, Stack size 0 bytes, lv_theme_night.o(i.tabview_init))
<BR><BR>[Called By]<UL><LI><a href="#[eb]">&gt;&gt;</a>&nbsp;&nbsp;&nbsp;lv_theme_night_init
</UL>

<P><STRONG><a name="[29b]"></a>tileview_init</STRONG> (Thumb, 26 bytes, Stack size 0 bytes, lv_theme_night.o(i.tileview_init))
<BR><BR>[Called By]<UL><LI><a href="#[eb]">&gt;&gt;</a>&nbsp;&nbsp;&nbsp;lv_theme_night_init
</UL>

<P><STRONG><a name="[29d]"></a>win_init</STRONG> (Thumb, 224 bytes, Stack size 8 bytes, lv_theme_night.o(i.win_init))
<BR><BR>[Stack]<UL><LI>Max Depth = 76<LI>Call Chain = win_init &rArr; lv_color_hsv_to_rgb &rArr; lv_color_make
</UL>
<BR>[Calls]<UL><LI><a href="#[118]">&gt;&gt;</a>&nbsp;&nbsp;&nbsp;lv_style_copy
<LI><a href="#[119]">&gt;&gt;</a>&nbsp;&nbsp;&nbsp;lv_color_hsv_to_rgb
<LI><a href="#[11d]">&gt;&gt;</a>&nbsp;&nbsp;&nbsp;lv_color_hex3
</UL>
<BR>[Called By]<UL><LI><a href="#[eb]">&gt;&gt;</a>&nbsp;&nbsp;&nbsp;lv_theme_night_init
</UL>
<P>
<H3>
Undefined Global Symbols
</H3><HR></body></html>
