<html>
<body>
<pre>
<h1>µVision Build Log</h1>
<h2>Tool Versions:</h2>
IDE-Version: µVision V5.26.2.0
Copyright (C) 2018 ARM Ltd and ARM Germany GmbH. All rights reserved.
License Information: Arjun Ramesh, UT Austin, LIC=X1EQD-S24SU-GRTCG-VGBNZ-YXSRG-4KU7E
 
Tool Versions:
Toolchain:       MDK-ARM Professional  Version: 5.26.2.0
Toolchain Path:  C:\Keil_v5\ARM\ARMCC\Bin
C Compiler:      Armcc.exe V5.06 update 6 (build 750)
Assembler:       Armasm.exe V5.06 update 6 (build 750)
Linker/Locator:  ArmLink.exe V5.06 update 6 (build 750)
Library Manager: ArmAr.exe V5.06 update 6 (build 750)
Hex Converter:   FromElf.exe V5.06 update 6 (build 750)
CPU DLL:         SARMCM3.DLL V5.26.2.0
Dialog DLL:      DCM.DLL V1.17.2.0
Target DLL:      lmidk-agdi.dll V???
Dialog DLL:      TCM.DLL V1.36.1.0
 
<h2>Project:</h2>
C:\Keil\ValvanoWareTM4C123\JASP_Phone_4C123\JASP_4C123.uvprojx
Project File Date:  12/03/2019

<h2>Output:</h2>
*** Using Compiler 'V5.06 update 6 (build 750)', folder: 'C:\Keil_v5\ARM\ARMCC\Bin'
Build target 'JASP_Phone'
compiling UI_Components.c...
UI\../lvgl/src/lv_hal/../lv_misc/lv_color.h(378): warning:  #111-D: statement is unreachable
      return 0;
UI\UI_Components.c(46): warning:  #167-D: argument of type "lv_disp_t *" is incompatible with parameter of type "lv_disp_drv_t *"
      lv_disp_flush_ready(disp);         /* Indicate you are ready with the flushing*/
UI\UI_Components.c(60): warning:  #513-D: a value of type "void (*)(lv_disp_t *, const lv_area_t *, lv_color_t *)" cannot be assigned to an entity of type "void (*)(struct _disp_drv_t *, const lv_area_t *, lv_color_t *)"
  	disp_drv.flush_cb = my_disp_flush;    /*Set your driver function*/
UI\UI_Components.c: 3 warnings, 0 errors
linking...
Program Size: Code=80976 RO-data=81936 RW-data=668 ZI-data=25276  
".\Objects\JASP_4C123.axf" - 0 Error(s), 3 Warning(s).

<h2>Software Packages used:</h2>

Package Vendor: Keil
                http://www.keil.com/pack/Keil.TM4C_DFP.1.1.0.pack
                Keil.TM4C_DFP.1.1.0
                Texas Instruments Tiva C Series Device Support and Examples

<h2>Collection of Component include folders:</h2>
  .\RTE\_JASP_Phone
  C:\Keil_v5\ARM\PACK\Keil\TM4C_DFP\1.1.0\Device\Include\TM4C123

<h2>Collection of Component Files used:</h2>
Build Time Elapsed:  00:00:03
</pre>
</body>
</html>
