Component: ARM Compiler 5.06 update 6 (build 750) Tool: armlink [4d35ed]

==============================================================================

Section Cross References

    startup.o(STACK) refers (Special) to heapauxi.o(.text) for __use_two_region_memory
    startup.o(HEAP) refers (Special) to heapauxi.o(.text) for __use_two_region_memory
    startup.o(RESET) refers (Special) to heapauxi.o(.text) for __use_two_region_memory
    startup.o(RESET) refers to startup.o(STACK) for StackMem
    startup.o(RESET) refers to uart.o(i.UART0_Handler) for UART0_Handler
    startup.o(RESET) refers to main.o(i.Timer0A_Handler) for Timer0A_Handler
    startup.o(RESET) refers to __main.o(!!!main) for __main
    startup.o(.text) refers (Special) to heapauxi.o(.text) for __use_two_region_memory
    startup.o(.text) refers to startup.o(HEAP) for HeapMem
    startup.o(.text) refers to startup.o(STACK) for StackMem
    main.o(i.LittlevGL_Init) refers to main.o(i.Timer0_Init) for Timer0_Init
    main.o(i.LittlevGL_Init) refers to lv_obj.o(i.lv_init) for lv_init
    main.o(i.LittlevGL_Init) refers to lv_theme_material.o(i.lv_theme_material_init) for lv_theme_material_init
    main.o(i.LittlevGL_Init) refers to lv_theme.o(i.lv_theme_set_current) for lv_theme_set_current
    main.o(i.LittlevGL_Init) refers to lv_hal_disp.o(i.lv_disp_buf_init) for lv_disp_buf_init
    main.o(i.LittlevGL_Init) refers to lv_hal_disp.o(i.lv_disp_drv_init) for lv_disp_drv_init
    main.o(i.LittlevGL_Init) refers to lv_hal_disp.o(i.lv_disp_drv_register) for lv_disp_drv_register
    main.o(i.LittlevGL_Init) refers to main.o(.bss) for buf
    main.o(i.LittlevGL_Init) refers to main.o(i.my_disp_flush) for my_disp_flush
    main.o(i.Timer0A_Handler) refers to lv_hal_tick.o(i.lv_tick_inc) for lv_tick_inc
    main.o(i.Timer0A_Handler) refers to main.o(.data) for isDisplayed
    main.o(i.createButton) refers to main.o(i.lv_scr_act) for lv_scr_act
    main.o(i.createButton) refers to lv_btn.o(i.lv_btn_create) for lv_btn_create
    main.o(i.createButton) refers to lv_obj.o(i.lv_obj_set_pos) for lv_obj_set_pos
    main.o(i.createButton) refers to lv_obj.o(i.lv_obj_set_size) for lv_obj_set_size
    main.o(i.createButton) refers to lv_label.o(i.lv_label_create) for lv_label_create
    main.o(i.createButton) refers to lv_label.o(i.lv_label_set_text) for lv_label_set_text
    main.o(i.createSlider) refers to main.o(i.lv_scr_act) for lv_scr_act
    main.o(i.createSlider) refers to lv_slider.o(i.lv_slider_create) for lv_slider_create
    main.o(i.createSlider) refers to lv_obj.o(i.lv_obj_set_width) for lv_obj_set_width
    main.o(i.createSlider) refers to lv_obj.o(i.lv_obj_align) for lv_obj_align
    main.o(i.lv_scr_act) refers to lv_hal_disp.o(i.lv_disp_get_default) for lv_disp_get_default
    main.o(i.lv_scr_act) refers to lv_disp.o(i.lv_disp_get_scr_act) for lv_disp_get_scr_act
    main.o(i.main) refers to pll.o(i.PLL_Init) for PLL_Init
    main.o(i.main) refers to uart.o(i.UART_Init) for UART_Init
    main.o(i.main) refers to uart.o(i.UART_OutString) for UART_OutString
    main.o(i.main) refers to pcf8523.o(i.PCF8523_I2C0_Init) for PCF8523_I2C0_Init
    main.o(i.main) refers to ili9341.o(i.ILI9341_InitR) for ILI9341_InitR
    main.o(i.main) refers to main.o(i.LittlevGL_Init) for LittlevGL_Init
    main.o(i.main) refers to main.o(i.createButton) for createButton
    main.o(i.main) refers to lv_task.o(i.lv_task_handler) for lv_task_handler
    main.o(i.main) refers to pcf8523.o(i.setTimeAndDate) for setTimeAndDate
    main.o(i.main) refers to uart.o(i.UART_OutUDec) for UART_OutUDec
    main.o(i.main) refers to pcf8523.o(i.getTimeAndDate) for getTimeAndDate
    main.o(i.main) refers to pcf8523.o(i.bcd2arr) for bcd2arr
    main.o(i.main) refers to main.o(.emb_text) for Delay
    main.o(i.main) refers to main.o(.data) for isDisplayed
    main.o(i.main) refers to main.o(.bss) for dateTime
    main.o(i.main) refers to pcf8523.o(.data) for ack_ct
    main.o(i.my_disp_flush) refers to ili9341.o(i.vGL2ILI_Color) for vGL2ILI_Color
    main.o(i.my_disp_flush) refers to ili9341.o(i.ILI9341_DrawPixel) for ILI9341_DrawPixel
    main.o(i.my_disp_flush) refers to lv_hal_disp.o(i.lv_disp_flush_ready) for lv_disp_flush_ready
    pcf8523.o(i.I2C_RTC_Recv) refers to pcf8523.o(i.checkError) for checkError
    pcf8523.o(i.I2C_RTC_Recv) refers to pcf8523.o(.data) for ack_ct
    pcf8523.o(i.I2C_RTC_Recv_List) refers to pcf8523.o(i.checkError) for checkError
    pcf8523.o(i.I2C_RTC_Recv_List) refers to pcf8523.o(.data) for ack_ct
    pcf8523.o(i.I2C_RTC_Send) refers to pcf8523.o(i.checkError) for checkError
    pcf8523.o(i.I2C_RTC_Send) refers to pcf8523.o(.data) for ack_ct
    pcf8523.o(i.I2C_RTC_Send_List) refers to pcf8523.o(i.checkError) for checkError
    pcf8523.o(i.I2C_RTC_Send_List) refers to pcf8523.o(.data) for ack_ct
    pcf8523.o(i.getTimeAndDate) refers to pcf8523.o(i.I2C_RTC_Recv_List) for I2C_RTC_Recv_List
[...]
    EndCritical                              0x00000359   Thumb Code     0  startup.o(.text)
    WaitForInterrupt                         0x0000035f   Thumb Code     0  startup.o(.text)
    __user_initial_stackheap                 0x00000363   Thumb Code     0  startup.o(.text)
    strcpy                                   0x00000379   Thumb Code    72  strcpy.o(.text)
    strlen                                   0x000003c1   Thumb Code    62  strlen.o(.text)
    __aeabi_memcpy                           0x000003ff   Thumb Code     0  rt_memcpy_v6.o(.text)
    __rt_memcpy                              0x000003ff   Thumb Code   138  rt_memcpy_v6.o(.text)
    _memcpy_lastbytes                        0x00000465   Thumb Code     0  rt_memcpy_v6.o(.text)
    __aeabi_memcpy4                          0x00000489   Thumb Code     0  rt_memcpy_w.o(.text)
    __aeabi_memcpy8                          0x00000489   Thumb Code     0  rt_memcpy_w.o(.text)
    __rt_memcpy_w                            0x00000489   Thumb Code   100  rt_memcpy_w.o(.text)
    _memcpy_lastbytes_aligned                0x000004d1   Thumb Code     0  rt_memcpy_w.o(.text)
    __aeabi_memclr                           0x000004ed   Thumb Code     0  rt_memclr.o(.text)
    __rt_memclr                              0x000004ed   Thumb Code    68  rt_memclr.o(.text)
    _memset                                  0x000004f1   Thumb Code     0  rt_memclr.o(.text)
    __aeabi_memclr4                          0x00000531   Thumb Code     0  rt_memclr_w.o(.text)
    __aeabi_memclr8                          0x00000531   Thumb Code     0  rt_memclr_w.o(.text)
    __rt_memclr_w                            0x00000531   Thumb Code    78  rt_memclr_w.o(.text)
    _memset_w                                0x00000535   Thumb Code     0  rt_memclr_w.o(.text)
    strcmp                                   0x00000581   Thumb Code   128  strcmpv7m.o(.text)
    __use_two_region_memory                  0x00000601   Thumb Code     2  heapauxi.o(.text)
    __rt_heap_escrow$2region                 0x00000603   Thumb Code     2  heapauxi.o(.text)
    __rt_heap_expand$2region                 0x00000605   Thumb Code     2  heapauxi.o(.text)
    __user_setup_stackheap                   0x00000607   Thumb Code    74  sys_stackheap_outer.o(.text)
    exit                                     0x00000651   Thumb Code    18  exit.o(.text)
    __user_libspace                          0x00000665   Thumb Code     8  libspace.o(.text)
    __user_perproc_libspace                  0x00000665   Thumb Code     0  libspace.o(.text)
    __user_perthread_libspace                0x00000665   Thumb Code     0  libspace.o(.text)
    _sys_exit                                0x0000066d   Thumb Code     8  sys_exit.o(.text)
    __I$use$semihosting                      0x00000679   Thumb Code     0  use_no_semi.o(.text)
    __use_no_semihosting_swi                 0x00000679   Thumb Code     2  use_no_semi.o(.text)
    Delay1ms                                 0x0000067b   Thumb Code    32  ili9341.o(i.Delay1ms)
    __semihosting_library_function           0x0000067b   Thumb Code     0  indicate_semi.o(.text)
    Heap_Free                                0x0000069d   Thumb Code   140  heap.o(i.Heap_Free)
    Heap_Init                                0x0000072d   Thumb Code    14  heap.o(i.Heap_Init)
    Heap_Malloc                              0x00000749   Thumb Code    78  heap.o(i.Heap_Malloc)
    I2C_RTC_Recv_List                        0x0000079d   Thumb Code   234  pcf8523.o(i.I2C_RTC_Recv_List)
    I2C_RTC_Send_List                        0x00000895   Thumb Code   192  pcf8523.o(i.I2C_RTC_Send_List)
    ILI9341_DrawPixel                        0x00000961   Thumb Code    64  ili9341.o(i.ILI9341_DrawPixel)
    ILI9341_FillRect                         0x000009a9   Thumb Code   164  ili9341.o(i.ILI9341_FillRect)
    ILI9341_FillScreen                       0x00000a55   Thumb Code    28  ili9341.o(i.ILI9341_FillScreen)
    ILI9341_InitR                            0x00000a79   Thumb Code    90  ili9341.o(i.ILI9341_InitR)
    ILI9341_SetCursor                        0x00000af5   Thumb Code    22  ili9341.o(i.ILI9341_SetCursor)
    LittlevGL_Init                           0x00000b15   Thumb Code    66  main.o(i.LittlevGL_Init)
    PCF8523_I2C0_Init                        0x00000b6d   Thumb Code   126  pcf8523.o(i.PCF8523_I2C0_Init)
    PLL_Init                                 0x00000c01   Thumb Code   120  pll.o(i.PLL_Init)
    RxFifo_Init                              0x00000c7d   Thumb Code    26  uart.o(i.RxFifo_Init)
    RxFifo_Put                               0x00000ca1   Thumb Code    48  uart.o(i.RxFifo_Put)
    RxFifo_Size                              0x00000cdd   Thumb Code    12  uart.o(i.RxFifo_Size)
    Timer0A_Handler                          0x00000cf1   Thumb Code    22  main.o(i.Timer0A_Handler)
    Timer0_Init                              0x00000d11   Thumb Code    88  main.o(i.Timer0_Init)
    TxFifo_Get                               0x00000d79   Thumb Code    46  uart.o(i.TxFifo_Get)
    TxFifo_Init                              0x00000db5   Thumb Code    26  uart.o(i.TxFifo_Init)
    TxFifo_Put                               0x00000dd9   Thumb Code    48  uart.o(i.TxFifo_Put)
    TxFifo_Size                              0x00000e15   Thumb Code    12  uart.o(i.TxFifo_Size)
    UART0_Handler                            0x00000e29   Thumb Code    82  uart.o(i.UART0_Handler)
    UART_Init                                0x00000e81   Thumb Code   180  uart.o(i.UART_Init)
    UART_OutChar                             0x00000f4d   Thumb Code    46  uart.o(i.UART_OutChar)
    UART_OutString                           0x00000f81   Thumb Code    22  uart.o(i.UART_OutString)
    UART_OutUDec                             0x00000f97   Thumb Code    42  uart.o(i.UART_OutUDec)
    bcd2arr                                  0x000013c5   Thumb Code    22  pcf8523.o(i.bcd2arr)
    checkError                               0x00001989   Thumb Code    30  pcf8523.o(i.checkError)
    createButton                             0x00001bf1   Thumb Code    74  main.o(i.createButton)
    getTimeAndDate                           0x00001ef1   Thumb Code    76  pcf8523.o(i.getTimeAndDate)
    lv_anim_core_init                        0x0000263d   Thumb Code    32  lv_anim.o(i.lv_anim_core_init)
    lv_anim_create                           0x00002669   Thumb Code    96  lv_anim.o(i.lv_anim_create)
    lv_anim_del                              0x000026e1   Thumb Code    80  lv_anim.o(i.lv_anim_del)
    lv_anim_path_linear                      0x00002739   Thumb Code    52  lv_anim.o(i.lv_anim_path_linear)
    lv_anim_speed_to_time                    0x0000276d   Thumb Code    48  lv_anim.o(i.lv_anim_speed_to_time)
    lv_area_get_size                         0x000027ef   Thumb Code    34  lv_area.o(i.lv_area_get_size)
    lv_area_intersect                        0x00002857   Thumb Code   130  lv_area.o(i.lv_area_intersect)
    lv_area_is_in                            0x000028d9   Thumb Code    58  lv_area.o(i.lv_area_is_in)
    lv_area_is_on                            0x00002913   Thumb Code    58  lv_area.o(i.lv_area_is_on)
    lv_area_join                             0x0000294d   Thumb Code   100  lv_area.o(i.lv_area_join)
    lv_area_set                              0x000029b1   Thumb Code    14  lv_area.o(i.lv_area_set)
    lv_btn_create                            0x000029c1   Thumb Code   326  lv_btn.o(i.lv_btn_create)
    lv_btn_get_toggle                        0x00002b75   Thumb Code    42  lv_btn.o(i.lv_btn_get_toggle)
    lv_btn_set_state                         0x00002bb1   Thumb Code    68  lv_btn.o(i.lv_btn_set_state)
    lv_btn_set_style                         0x00002c05   Thumb Code    98  lv_btn.o(i.lv_btn_set_style)
    lv_circ_cont                             0x00002e8d   Thumb Code    22  lv_circ.o(i.lv_circ_cont)
    lv_circ_init                             0x00002ea3   Thumb Code    16  lv_circ.o(i.lv_circ_init)
    lv_circ_next                             0x00002eb3   Thumb Code    60  lv_circ.o(i.lv_circ_next)
    lv_color_hsv_to_rgb                      0x00002f43   Thumb Code   254  lv_color.o(i.lv_color_hsv_to_rgb)
    lv_cont_create                           0x00003301   Thumb Code   272  lv_cont.o(i.lv_cont_create)
    lv_cont_get_layout                       0x0000342d   Thumb Code    42  lv_cont.o(i.lv_cont_get_layout)
    lv_cont_set_layout                       0x00003e45   Thumb Code    70  lv_cont.o(i.lv_cont_set_layout)
    lv_debug_check_null                      0x00003f59   Thumb Code    12  lv_debug.o(i.lv_debug_check_null)
    lv_debug_check_style                     0x00003f65   Thumb Code    24  lv_debug.o(i.lv_debug_check_style)
    lv_debug_log_error                       0x00003f81   Thumb Code   120  lv_debug.o(i.lv_debug_log_error)
    lv_disp_buf_init                         0x00003ffd   Thumb Code    34  lv_hal_disp.o(i.lv_disp_buf_init)
    lv_disp_drv_init                         0x00004021   Thumb Code    70  lv_hal_disp.o(i.lv_disp_drv_init)
    lv_disp_drv_register                     0x0000406d   Thumb Code   216  lv_hal_disp.o(i.lv_disp_drv_register)
    lv_disp_flush_ready                      0x00004165   Thumb Code    14  lv_hal_disp.o(i.lv_disp_flush_ready)
    lv_disp_get_antialiasing                 0x00004173   Thumb Code    26  lv_hal_disp.o(i.lv_disp_get_antialiasing)
    lv_disp_get_buf                          0x0000418d   Thumb Code     6  lv_hal_disp.o(i.lv_disp_get_buf)
    lv_disp_get_default                      0x00004195   Thumb Code     6  lv_hal_disp.o(i.lv_disp_get_default)
    lv_disp_get_hor_res                      0x000041a1   Thumb Code    38  lv_hal_disp.o(i.lv_disp_get_hor_res)
    lv_disp_get_layer_sys                    0x000041c7   Thumb Code    22  lv_disp.o(i.lv_disp_get_layer_sys)
    lv_disp_get_layer_top                    0x000041dd   Thumb Code    22  lv_disp.o(i.lv_disp_get_layer_top)
    lv_disp_get_next                         0x000041f5   Thumb Code    24  lv_hal_disp.o(i.lv_disp_get_next)
    lv_disp_get_scr_act                      0x00004211   Thumb Code    22  lv_disp.o(i.lv_disp_get_scr_act)
    lv_disp_get_ver_res                      0x00004227   Thumb Code    40  lv_hal_disp.o(i.lv_disp_get_ver_res)
    lv_disp_is_double_buf                    0x0000424f   Thumb Code    22  lv_hal_disp.o(i.lv_disp_is_double_buf)
    lv_disp_is_true_double_buf               0x00004265   Thumb Code    36  lv_hal_disp.o(i.lv_disp_is_true_double_buf)
    lv_disp_refr_task                        0x00004289   Thumb Code   344  lv_refr.o(i.lv_disp_refr_task)
    lv_draw_aa_get_opa                       0x000043e9   Thumb Code    48  lv_draw.o(i.lv_draw_aa_get_opa)
    lv_draw_fill                             0x00004461   Thumb Code   474  lv_draw_basic.o(i.lv_draw_fill)
    lv_draw_free_buf                         0x00004645   Thumb Code    28  lv_draw.o(i.lv_draw_free_buf)
    lv_draw_get_buf                          0x00004669   Thumb Code   116  lv_draw.o(i.lv_draw_get_buf)
    lv_draw_label                            0x000046f5   Thumb Code  1324  lv_draw_label.o(i.lv_draw_label)
    lv_draw_letter                           0x00004c31   Thumb Code  1454  lv_draw_basic.o(i.lv_draw_letter)
    lv_draw_px                               0x000051df   Thumb Code   214  lv_draw_basic.o(i.lv_draw_px)
    lv_draw_rect                             0x000052b5   Thumb Code   144  lv_draw_rect.o(i.lv_draw_rect)
    lv_event_send                            0x00007ead   Thumb Code    58  lv_obj.o(i.lv_event_send)
    lv_event_send_func                       0x00007ef9   Thumb Code   168  lv_obj.o(i.lv_event_send_func)
    lv_font_get_bitmap_fmt_txt               0x00007fb9   Thumb Code   226  lv_font_fmt_txt.o(i.lv_font_get_bitmap_fmt_txt)
    lv_font_get_glyph_bitmap                 0x000080b1   Thumb Code    16  lv_font.o(i.lv_font_get_glyph_bitmap)
    lv_font_get_glyph_dsc                    0x000080c1   Thumb Code    30  lv_font.o(i.lv_font_get_glyph_dsc)
    lv_font_get_glyph_dsc_fmt_txt            0x000080df   Thumb Code   132  lv_font_fmt_txt.o(i.lv_font_get_glyph_dsc_fmt_txt)
    lv_font_get_glyph_width                  0x00008163   Thumb Code    38  lv_font.o(i.lv_font_get_glyph_width)
    lv_fs_close                              0x0000818f   Thumb Code    50  lv_fs.o(i.lv_fs_close)
    lv_fs_get_drv                            0x000081c1   Thumb Code    42  lv_fs.o(i.lv_fs_get_drv)
    lv_fs_get_ext                            0x000081f1   Thumb Code    54  lv_fs.o(i.lv_fs_get_ext)
    lv_fs_init                               0x00008255   Thumb Code    12  lv_fs.o(i.lv_fs_init)
    lv_fs_open                               0x00008265   Thumb Code   170  lv_fs.o(i.lv_fs_open)
    lv_fs_read                               0x00008321   Thumb Code    72  lv_fs.o(i.lv_fs_read)
    lv_fs_seek                               0x00008369   Thumb Code    40  lv_fs.o(i.lv_fs_seek)
    lv_group_add_obj                         0x00008391   Thumb Code   122  lv_group.o(i.lv_group_add_obj)
    lv_group_focus_next                      0x0000841d   Thumb Code    16  lv_group.o(i.lv_group_focus_next)
    lv_group_focus_prev                      0x00008435   Thumb Code    16  lv_group.o(i.lv_group_focus_prev)
    lv_group_get_focused                     0x0000844d   Thumb Code    22  lv_group.o(i.lv_group_get_focused)
    lv_group_init                            0x00008465   Thumb Code    12  lv_group.o(i.lv_group_init)
    lv_group_mod_style                       0x00008475   Thumb Code    62  lv_group.o(i.lv_group_mod_style)
    lv_group_report_style_mod                0x000084f9   Thumb Code    58  lv_group.o(i.lv_group_report_style_mod)
    lv_img_cache_invalidate_src              0x00008539   Thumb Code    94  lv_img_cache.o(i.lv_img_cache_invalidate_src)
    lv_img_cache_set_size                    0x000085a1   Thumb Code   138  lv_img_cache.o(i.lv_img_cache_set_size)
    lv_img_color_format_get_px_size          0x00008645   Thumb Code    76  lv_draw_img.o(i.lv_img_color_format_get_px_size)
    lv_img_decoder_built_in_close            0x00008691   Thumb Code    48  lv_img_decoder.o(i.lv_img_decoder_built_in_close)
    lv_img_decoder_built_in_info             0x000086c1   Thumb Code   186  lv_img_decoder.o(i.lv_img_decoder_built_in_info)
    lv_img_decoder_built_in_open             0x00008b75   Thumb Code   510  lv_img_decoder.o(i.lv_img_decoder_built_in_open)
    lv_img_decoder_built_in_read_line        0x00008d89   Thumb Code   200  lv_img_decoder.o(i.lv_img_decoder_built_in_read_line)
    lv_img_decoder_close                     0x00008e51   Thumb Code    40  lv_img_decoder.o(i.lv_img_decoder_close)
    lv_img_decoder_create                    0x00008e79   Thumb Code    52  lv_img_decoder.o(i.lv_img_decoder_create)
    lv_img_decoder_init                      0x00008ec1   Thumb Code    78  lv_img_decoder.o(i.lv_img_decoder_init)
    lv_img_decoder_set_close_cb              0x00008f35   Thumb Code     4  lv_img_decoder.o(i.lv_img_decoder_set_close_cb)
    lv_img_decoder_set_info_cb               0x00008f39   Thumb Code     4  lv_img_decoder.o(i.lv_img_decoder_set_info_cb)
    lv_img_decoder_set_open_cb               0x00008f3d   Thumb Code     4  lv_img_decoder.o(i.lv_img_decoder_set_open_cb)
    lv_img_decoder_set_read_line_cb          0x00008f41   Thumb Code     4  lv_img_decoder.o(i.lv_img_decoder_set_read_line_cb)
    lv_img_src_get_type                      0x00008f45   Thumb Code    42  lv_draw_img.o(i.lv_img_src_get_type)
    lv_indev_get_act                         0x00008f71   Thumb Code     6  lv_indev.o(i.lv_indev_get_act)
    lv_indev_get_next                        0x00008f7d   Thumb Code    24  lv_hal_indev.o(i.lv_indev_get_next)
    lv_indev_init                            0x00008f99   Thumb Code    10  lv_indev.o(i.lv_indev_init)
    lv_indev_is_dragging                     0x00008fa3   Thumb Code    34  lv_indev.o(i.lv_indev_is_dragging)
    lv_indev_reset                           0x00008fc5   Thumb Code    62  lv_indev.o(i.lv_indev_reset)
    lv_init                                  0x00009005   Thumb Code    84  lv_obj.o(i.lv_init)
    lv_inv_area                              0x00009065   Thumb Code   222  lv_refr.o(i.lv_inv_area)
    lv_label_create                          0x00009145   Thumb Code   496  lv_label.o(i.lv_label_create)
    lv_label_get_align                       0x000095e5   Thumb Code    50  lv_label.o(i.lv_label_get_align)
    lv_label_get_body_draw                   0x00009629   Thumb Code    42  lv_label.o(i.lv_label_get_body_draw)
    lv_label_get_letter_on                   0x00009681   Thumb Code   546  lv_label.o(i.lv_label_get_letter_on)
    lv_label_get_long_mode                   0x000098c1   Thumb Code    42  lv_label.o(i.lv_label_get_long_mode)
    lv_label_get_recolor                     0x000098fd   Thumb Code    42  lv_label.o(i.lv_label_get_recolor)
    lv_label_get_text                        0x00009939   Thumb Code    38  lv_label.o(i.lv_label_get_text)
    lv_label_get_text_sel_end                0x00009971   Thumb Code    32  lv_label.o(i.lv_label_get_text_sel_end)
    lv_label_get_text_sel_start              0x000099a1   Thumb Code    32  lv_label.o(i.lv_label_get_text_sel_start)
    lv_label_set_align                       0x00009e85   Thumb Code    66  lv_label.o(i.lv_label_set_align)
    lv_label_set_body_draw                   0x00009ed9   Thumb Code    72  lv_label.o(i.lv_label_set_body_draw)
    lv_label_set_long_mode                   0x00009f91   Thumb Code   150  lv_label.o(i.lv_label_set_long_mode)
    lv_label_set_recolor                     0x0000a079   Thumb Code    66  lv_label.o(i.lv_label_set_recolor)
    lv_label_set_static_text                 0x0000a0cd   Thumb Code   102  lv_label.o(i.lv_label_set_static_text)
    lv_label_set_text                        0x0000a145   Thumb Code   228  lv_label.o(i.lv_label_set_text)
    lv_ll_chg_list                           0x0000a3a1   Thumb Code   112  lv_ll.o(i.lv_ll_chg_list)
    lv_ll_get_head                           0x0000a411   Thumb Code    10  lv_ll.o(i.lv_ll_get_head)
    lv_ll_get_next                           0x0000a41b   Thumb Code    22  lv_ll.o(i.lv_ll_get_next)
    lv_ll_get_prev                           0x0000a431   Thumb Code    20  lv_ll.o(i.lv_ll_get_prev)
    lv_ll_get_tail                           0x0000a445   Thumb Code    10  lv_ll.o(i.lv_ll_get_tail)
    lv_ll_init                               0x0000a44f   Thumb Code    22  lv_ll.o(i.lv_ll_init)
    lv_ll_ins_head                           0x0000a465   Thumb Code    64  lv_ll.o(i.lv_ll_ins_head)
    lv_ll_ins_prev                           0x0000a4a5   Thumb Code   114  lv_ll.o(i.lv_ll_ins_prev)
    lv_ll_ins_tail                           0x0000a517   Thumb Code    70  lv_ll.o(i.lv_ll_ins_tail)
    lv_ll_is_empty                           0x0000a55d   Thumb Code    24  lv_ll.o(i.lv_ll_is_empty)
    lv_ll_move_before                        0x0000a575   Thumb Code   106  lv_ll.o(i.lv_ll_move_before)
    lv_ll_rem                                0x0000a5df   Thumb Code   138  lv_ll.o(i.lv_ll_rem)
    lv_mem_alloc                             0x0000a669   Thumb Code    58  lv_mem.o(i.lv_mem_alloc)
    lv_mem_free                              0x0000a6a9   Thumb Code    36  lv_mem.o(i.lv_mem_free)
    lv_mem_get_size                          0x0000a6d1   Thumb Code    26  lv_mem.o(i.lv_mem_get_size)
    lv_mem_init                              0x0000a6f1   Thumb Code     2  lv_mem.o(i.lv_mem_init)
    lv_mem_realloc                           0x0000a6f3   Thumb Code    86  lv_mem.o(i.lv_mem_realloc)
    lv_obj_align                             0x0000a749   Thumb Code   992  lv_obj.o(i.lv_obj_align)
    lv_obj_align_origo                       0x0000ab39   Thumb Code   804  lv_obj.o(i.lv_obj_align_origo)
    lv_obj_allocate_ext_attr                 0x0000ae6d   Thumb Code    42  lv_obj.o(i.lv_obj_allocate_ext_attr)
    lv_obj_clear_protect                     0x0000aea9   Thumb Code    44  lv_obj.o(i.lv_obj_clear_protect)
    lv_obj_create                            0x0000aee5   Thumb Code   856  lv_obj.o(i.lv_obj_create)
    lv_obj_get_auto_realign                  0x0000b335   Thumb Code    36  lv_obj.o(i.lv_obj_get_auto_realign)
    lv_obj_get_base_dir                      0x0000b369   Thumb Code     6  lv_obj.o(i.lv_obj_get_base_dir)
    lv_obj_get_child                         0x0000b371   Thumb Code    56  lv_obj.o(i.lv_obj_get_child)
    lv_obj_get_coords                        0x0000b3b9   Thumb Code    40  lv_obj.o(i.lv_obj_get_coords)
    lv_obj_get_design_cb                     0x0000b3f1   Thumb Code    30  lv_obj.o(i.lv_obj_get_design_cb)
    lv_obj_get_disp                          0x0000b421   Thumb Code   110  lv_obj.o(i.lv_obj_get_disp)
    lv_obj_get_ext_attr                      0x0000b4a5   Thumb Code    30  lv_obj.o(i.lv_obj_get_ext_attr)
    lv_obj_get_group                         0x0000b4d5   Thumb Code    30  lv_obj.o(i.lv_obj_get_group)
    lv_obj_get_height                        0x0000b505   Thumb Code    40  lv_obj.o(i.lv_obj_get_height)
    lv_obj_get_hidden                        0x0000b53d   Thumb Code    36  lv_obj.o(i.lv_obj_get_hidden)
    lv_obj_get_opa_scale                     0x0000b571   Thumb Code    62  lv_obj.o(i.lv_obj_get_opa_scale)
    lv_obj_get_parent                        0x0000b5c1   Thumb Code    30  lv_obj.o(i.lv_obj_get_parent)
    lv_obj_get_screen                        0x0000b5f1   Thumb Code    48  lv_obj.o(i.lv_obj_get_screen)
    lv_obj_get_signal_cb                     0x0000b631   Thumb Code    30  lv_obj.o(i.lv_obj_get_signal_cb)
    lv_obj_get_style                         0x0000b661   Thumb Code   130  lv_obj.o(i.lv_obj_get_style)
    lv_obj_get_width                         0x0000b6f9   Thumb Code    40  lv_obj.o(i.lv_obj_get_width)
    lv_obj_get_width_fit                     0x0000b731   Thumb Code    54  lv_obj.o(i.lv_obj_get_width_fit)
    lv_obj_get_x                             0x0000b779   Thumb Code    54  lv_obj.o(i.lv_obj_get_x)
    lv_obj_get_y                             0x0000b7c1   Thumb Code    54  lv_obj.o(i.lv_obj_get_y)
    lv_obj_handle_get_type_signal            0x0000b809   Thumb Code    34  lv_obj.o(i.lv_obj_handle_get_type_signal)
    lv_obj_invalidate                        0x0000b82d   Thumb Code   228  lv_obj.o(i.lv_obj_invalidate)
    lv_obj_is_focused                        0x0000b921   Thumb Code    48  lv_obj.o(i.lv_obj_is_focused)
    lv_obj_is_protected                      0x0000b961   Thumb Code    44  lv_obj.o(i.lv_obj_is_protected)
    lv_obj_move_foreground                   0x0000b99d   Thumb Code    84  lv_obj.o(i.lv_obj_move_foreground)
    lv_obj_realign                           0x0000ba01   Thumb Code    84  lv_obj.o(i.lv_obj_realign)
    lv_obj_refresh_ext_draw_pad              0x0000ba65   Thumb Code    48  lv_obj.o(i.lv_obj_refresh_ext_draw_pad)
    lv_obj_refresh_style                     0x0000baa5   Thumb Code    50  lv_obj.o(i.lv_obj_refresh_style)
    lv_obj_report_style_mod                  0x0000bae9   Thumb Code   102  lv_obj.o(i.lv_obj_report_style_mod)
    lv_obj_set_click                         0x0000bb61   Thumb Code    46  lv_obj.o(i.lv_obj_set_click)
    lv_obj_set_design_cb                     0x0000bba1   Thumb Code    32  lv_obj.o(i.lv_obj_set_design_cb)
    lv_obj_set_height                        0x0000bbd1   Thumb Code    48  lv_obj.o(i.lv_obj_set_height)
    lv_obj_set_pos                           0x0000bc11   Thumb Code   184  lv_obj.o(i.lv_obj_set_pos)
    lv_obj_set_protect                       0x0000bcd9   Thumb Code    40  lv_obj.o(i.lv_obj_set_protect)
    lv_obj_set_signal_cb                     0x0000bd11   Thumb Code    32  lv_obj.o(i.lv_obj_set_signal_cb)
    lv_obj_set_size                          0x0000bd41   Thumb Code   202  lv_obj.o(i.lv_obj_set_size)
    lv_obj_set_style                         0x0000be1d   Thumb Code    66  lv_obj.o(i.lv_obj_set_style)
    lv_obj_set_x                             0x0000be81   Thumb Code    48  lv_obj.o(i.lv_obj_set_x)
    lv_obj_set_y                             0x0000bec1   Thumb Code    48  lv_obj.o(i.lv_obj_set_y)
    lv_refr_get_disp_refreshing              0x0000c1a9   Thumb Code     6  lv_refr.o(i.lv_refr_get_disp_refreshing)
    lv_refr_init                             0x0000c233   Thumb Code     2  lv_refr.o(i.lv_refr_init)
    lv_style_copy                            0x0000c4ef   Thumb Code    18  lv_style.o(i.lv_style_copy)
    lv_style_init                            0x0000c501   Thumb Code  1360  lv_style.o(i.lv_style_init)
    lv_task_core_init                        0x0000ca61   Thumb Code    18  lv_task.o(i.lv_task_core_init)
    lv_task_create                           0x0000ca79   Thumb Code    78  lv_task.o(i.lv_task_create)
    lv_task_create_basic                     0x0000cad9   Thumb Code   206  lv_task.o(i.lv_task_create_basic)
    lv_task_del                              0x0000cbc1   Thumb Code    34  lv_task.o(i.lv_task_del)
    lv_task_enable                           0x0000cbf1   Thumb Code     6  lv_task.o(i.lv_task_enable)
    lv_task_handler                          0x0000cc4d   Thumb Code   354  lv_task.o(i.lv_task_handler)
    lv_task_ready                            0x0000cdd9   Thumb Code    18  lv_task.o(i.lv_task_ready)
    lv_task_set_cb                           0x0000cdeb   Thumb Code     4  lv_task.o(i.lv_task_set_cb)
    lv_task_set_period                       0x0000cdef   Thumb Code     4  lv_task.o(i.lv_task_set_period)
    lv_task_set_prio                         0x0000cdf5   Thumb Code    94  lv_task.o(i.lv_task_set_prio)
    lv_theme_get_current                     0x0000ce59   Thumb Code     6  lv_theme.o(i.lv_theme_get_current)
    lv_theme_material_init                   0x0000ce65   Thumb Code   180  lv_theme_material.o(i.lv_theme_material_init)
    lv_theme_set_current                     0x0000cf35   Thumb Code    40  lv_theme.o(i.lv_theme_set_current)
    lv_tick_elaps                            0x0000cf61   Thumb Code    26  lv_hal_tick.o(i.lv_tick_elaps)
    lv_tick_get                              0x0000cf7d   Thumb Code    22  lv_hal_tick.o(i.lv_tick_get)
    lv_tick_inc                              0x0000cf9d   Thumb Code    18  lv_hal_tick.o(i.lv_tick_inc)
    lv_txt_get_next_line                     0x0000cfb9   Thumb Code   182  lv_txt.o(i.lv_txt_get_next_line)
    lv_txt_get_size                          0x0000d211   Thumb Code   204  lv_txt.o(i.lv_txt_get_size)
    lv_txt_get_width                         0x0000d2dd   Thumb Code   140  lv_txt.o(i.lv_txt_get_width)
    lv_txt_is_cmd                            0x0000d36d   Thumb Code    66  lv_txt.o(i.lv_txt_is_cmd)
    lv_utils_bsearch                         0x0000d705   Thumb Code    84  lv_utils.o(i.lv_utils_bsearch)
    main                                     0x0000d759   Thumb Code   338  main.o(i.main)
    my_disp_flush                            0x0000da5f   Thumb Code    90  main.o(i.my_disp_flush)
    setTimeAndDate                           0x0000df49   Thumb Code    64  pcf8523.o(i.setTimeAndDate)
    vGL2ILI_Color                            0x0000e81f   Thumb Code    24  ili9341.o(i.vGL2ILI_Color)
    dBfs                                     0x0000ef4a   Data         512  ili9341.o(.constdata)
    Region$$Table$$Base                      0x000125d8   Number         0  anon$$obj.o(Region$$Table)
    Region$$Table$$Limit                     0x000125f8   Number         0  anon$$obj.o(Region$$Table)
    stat                                     0x20000000   Data           4  main.o(.data)
    i                                        0x20000004   Data           4  main.o(.data)
    isDisplayed                              0x20000008   Data           4  main.o(.data)
    ack_ct                                   0x2000000c   Data           4  pcf8523.o(.data)
    err_code                                 0x20000010   Data           1  pcf8523.o(.data)
    day_string                               0x20000011   Data          35  pcf8523.o(.data)
    RxPutI                                   0x20000034   Data           4  uart.o(.data)
    RxGetI                                   0x20000038   Data           4  uart.o(.data)
    TxPutI                                   0x2000003c   Data           4  uart.o(.data)
    TxGetI                                   0x20000040   Data           4  uart.o(.data)
    StX                                      0x20000044   Data           4  ili9341.o(.data)
    StY                                      0x20000048   Data           4  ili9341.o(.data)
    StTextColor                              0x2000004c   Data           2  ili9341.o(.data)
    Messageindex                             0x20000058   Data           4  ili9341.o(.data)
    Ymax                                     0x2000005c   Data           4  ili9341.o(.data)
    Ymin                                     0x20000060   Data           4  ili9341.o(.data)
    X                                        0x20000064   Data           4  ili9341.o(.data)
    Yrange                                   0x20000068   Data           4  ili9341.o(.data)
    lastj                                    0x2000006c   Data           4  ili9341.o(.data)
    lv_font_roboto_16                        0x200000e0   Data          16  lv_font_roboto_16.o(.data)
    _lv_img_cache_array                      0x20000104   Data           4  lv_gc.o(.data)
    _lv_task_act                             0x20000108   Data           4  lv_gc.o(.data)
    _lv_draw_buf                             0x2000010c   Data           4  lv_gc.o(.data)
    lv_txt_encoded_size                      0x20000128   Data           4  lv_txt.o(.data)
    lv_txt_unicode_to_encoded                0x2000012c   Data           4  lv_txt.o(.data)
    lv_txt_encoded_conv_wc                   0x20000130   Data           4  lv_txt.o(.data)
    lv_txt_encoded_next                      0x20000134   Data           4  lv_txt.o(.data)
    lv_txt_encoded_prev                      0x20000138   Data           4  lv_txt.o(.data)
    lv_txt_encoded_get_byte_id               0x2000013c   Data           4  lv_txt.o(.data)
    lv_txt_encoded_get_char_id               0x20000140   Data           4  lv_txt.o(.data)
    lv_txt_get_encoded_length                0x20000144   Data           4  lv_txt.o(.data)
    dateTime                                 0x20000164   Data          16  main.o(.bss)
    disp_drv                                 0x20002710   Data          40  main.o(.bss)
    lv_style_scr                             0x200027b8   Data          64  lv_style.o(.bss)
    lv_style_transp                          0x200027f8   Data          64  lv_style.o(.bss)
    lv_style_transp_fit                      0x20002838   Data          64  lv_style.o(.bss)
    lv_style_transp_tight                    0x20002878   Data          64  lv_style.o(.bss)
    lv_style_plain                           0x200028b8   Data          64  lv_style.o(.bss)
    lv_style_plain_color                     0x200028f8   Data          64  lv_style.o(.bss)
    lv_style_pretty                          0x20002938   Data          64  lv_style.o(.bss)
    lv_style_pretty_color                    0x20002978   Data          64  lv_style.o(.bss)
    lv_style_btn_rel                         0x200029b8   Data          64  lv_style.o(.bss)
    lv_style_btn_pr                          0x200029f8   Data          64  lv_style.o(.bss)
    lv_style_btn_tgl_rel                     0x20002a38   Data          64  lv_style.o(.bss)
    lv_style_btn_tgl_pr                      0x20002a78   Data          64  lv_style.o(.bss)
    lv_style_btn_ina                         0x20002ab8   Data          64  lv_style.o(.bss)
    _lv_task_ll                              0x20002cd8   Data          12  lv_gc.o(.bss)
    _lv_disp_ll                              0x20002ce4   Data          12  lv_gc.o(.bss)
    _lv_indev_ll                             0x20002cf0   Data          12  lv_gc.o(.bss)
    _lv_drv_ll                               0x20002cfc   Data          12  lv_gc.o(.bss)
    _lv_file_ll                              0x20002d08   Data          12  lv_gc.o(.bss)
    _lv_anim_ll                              0x20002d14   Data          12  lv_gc.o(.bss)
    _lv_group_ll                             0x20002d20   Data          12  lv_gc.o(.bss)
    _lv_img_defoder_ll                       0x20002d2c   Data          12  lv_gc.o(.bss)
    __libspace_start                         0x20005ee8   Data          96  libspace.o(.bss)
    __temporary_stack_top$libspace           0x20005f48   Data           0  libspace.o(.bss)



==============================================================================

Memory Map of the image

  Image Entry point : 0x0000026d

  Load Region LR_1 (Base: 0x00000000, Size: 0x0001275c, Max: 0xffffffff, ABSOLUTE, COMPRESSED[0x0001267c])

    Execution Region ER_RO (Exec base: 0x00000000, Load base: 0x00000000, Size: 0x000125f8, Max: 0xffffffff, ABSOLUTE)

    Exec Addr    Load Addr    Size         Type   Attr      Idx    E Section Name        Object

    0x00000000   0x00000000   0x00000284   Code   RO            3  * RESET               startup.o
    0x00000284   0x00000284   0x00000008   Code   RO        11188  * !!!main             c_w.l(__main.o)
    0x0000028c   0x0000028c   0x00000034   Code   RO        11396    !!!scatter          c_w.l(__scatter.o)
    0x000002c0   0x000002c0   0x0000003a   Code   RO        11394    !!dczerorl          c_w.l(__dczerorl.o)
    0x000002fa   0x000002fa   0x00000002   PAD
    0x000002fc   0x000002fc   0x0000001c   Code   RO        11398    !!handler_zi        c_w.l(__scatter_zi.o)
    0x00000318   0x00000318   0x00000002   Code   RO        11264    .ARM.Collect$$libinit$$00000000  c_w.l(libinit.o)
    0x0000031a   0x0000031a   0x00000000   Code   RO        11277    .ARM.Collect$$libinit$$00000002  c_w.l(libinit2.o)
    0x0000031a   0x0000031a   0x00000000   Code   RO        11279    .ARM.Collect$$libinit$$00000004  c_w.l(libinit2.o)
    0x0000031a   0x0000031a   0x00000000   Code   RO        11282    .ARM.Collect$$libinit$$0000000A  c_w.l(libinit2.o)
    0x0000031a   0x0000031a   0x00000000   Code   RO        11284    .ARM.Collect$$libinit$$0000000C  c_w.l(libinit2.o)
    0x0000031a   0x0000031a   0x00000000   Code   RO        11286    .ARM.Collect$$libinit$$0000000E  c_w.l(libinit2.o)
    0x0000031a   0x0000031a   0x00000000   Code   RO        11289    .ARM.Collect$$libinit$$00000011  c_w.l(libinit2.o)
    0x0000031a   0x0000031a   0x00000000   Code   RO        11291    .ARM.Collect$$libinit$$00000013  c_w.l(libinit2.o)
    0x0000031a   0x0000031a   0x00000000   Code   RO        11293    .ARM.Collect$$libinit$$00000015  c_w.l(libinit2.o)
    0x0000031a   0x0000031a   0x00000000   Code   RO        11295    .ARM.Collect$$libinit$$00000017  c_w.l(libinit2.o)
    0x0000031a   0x0000031a   0x00000000   Code   RO        11297    .ARM.Collect$$libinit$$00000019  c_w.l(libinit2.o)
    0x0000031a   0x0000031a   0x00000000   Code   RO        11299    .ARM.Collect$$libinit$$0000001B  c_w.l(libinit2.o)
    0x0000031a   0x0000031a   0x00000000   Code   RO        11301    .ARM.Collect$$libinit$$0000001D  c_w.l(libinit2.o)
    0x0000031a   0x0000031a   0x00000000   Code   RO        11303    .ARM.Collect$$libinit$$0000001F  c_w.l(libinit2.o)
    0x0000031a   0x0000031a   0x00000000   Code   RO        11305    .ARM.Collect$$libinit$$00000021  c_w.l(libinit2.o)
    0x0000031a   0x0000031a   0x00000000   Code   RO        11307    .ARM.Collect$$libinit$$00000023  c_w.l(libinit2.o)
    0x0000031a   0x0000031a   0x00000000   Code   RO        11309    .ARM.Collect$$libinit$$00000025  c_w.l(libinit2.o)
    0x0000031a   0x0000031a   0x00000000   Code   RO        11313    .ARM.Collect$$libinit$$0000002C  c_w.l(libinit2.o)
    0x0000031a   0x0000031a   0x00000000   Code   RO        11315    .ARM.Collect$$libinit$$0000002E  c_w.l(libinit2.o)
    0x0000031a   0x0000031a   0x00000000   Code   RO        11317    .ARM.Collect$$libinit$$00000030  c_w.l(libinit2.o)
    0x0000031a   0x0000031a   0x00000000   Code   RO        11319    .ARM.Collect$$libinit$$00000032  c_w.l(libinit2.o)
    0x0000031a   0x0000031a   0x00000002   Code   RO        11320    .ARM.Collect$$libinit$$00000033  c_w.l(libinit2.o)
    0x0000031c   0x0000031c   0x00000002   Code   RO        11351    .ARM.Collect$$libshutdown$$00000000  c_w.l(libshutdown.o)
    0x0000031e   0x0000031e   0x00000000   Code   RO        11377    .ARM.Collect$$libshutdown$$00000002  c_w.l(libshutdown2.o)
    0x0000031e   0x0000031e   0x00000000   Code   RO        11379    .ARM.Collect$$libshutdown$$00000004  c_w.l(libshutdown2.o)
    0x0000031e   0x0000031e   0x00000000   Code   RO        11382    .ARM.Collect$$libshutdown$$00000007  c_w.l(libshutdown2.o)
    0x0000031e   0x0000031e   0x00000000   Code   RO        11385    .ARM.Collect$$libshutdown$$0000000A  c_w.l(libshutdown2.o)
    0x0000031e   0x0000031e   0x00000000   Code   RO        11387    .ARM.Collect$$libshutdown$$0000000C  c_w.l(libshutdown2.o)
    0x0000031e   0x0000031e   0x00000000   Code   RO        11390    .ARM.Collect$$libshutdown$$0000000F  c_w.l(libshutdown2.o)
    0x0000031e   0x0000031e   0x00000002   Code   RO        11391    .ARM.Collect$$libshutdown$$00000010  c_w.l(libshutdown2.o)
    0x00000320   0x00000320   0x00000000   Code   RO        11222    .ARM.Collect$$rtentry$$00000000  c_w.l(__rtentry.o)
    0x00000320   0x00000320   0x00000000   Code   RO        11235    .ARM.Collect$$rtentry$$00000002  c_w.l(__rtentry2.o)
    0x00000320   0x00000320   0x00000006   Code   RO        11247    .ARM.Collect$$rtentry$$00000004  c_w.l(__rtentry4.o)
    0x00000326   0x00000326   0x00000000   Code   RO        11237    .ARM.Collect$$rtentry$$00000009  c_w.l(__rtentry2.o)
    0x00000326   0x00000326   0x00000004   Code   RO        11238    .ARM.Collect$$rtentry$$0000000A  c_w.l(__rtentry2.o)
    0x0000032a   0x0000032a   0x00000000   Code   RO        11240    .ARM.Collect$$rtentry$$0000000C  c_w.l(__rtentry2.o)
    0x0000032a   0x0000032a   0x00000008   Code   RO        11241    .ARM.Collect$$rtentry$$0000000D  c_w.l(__rtentry2.o)
    0x00000332   0x00000332   0x00000002   Code   RO        11268    .ARM.Collect$$rtexit$$00000000  c_w.l(rtexit.o)
    0x00000334   0x00000334   0x00000000   Code   RO        11324    .ARM.Collect$$rtexit$$00000002  c_w.l(rtexit2.o)
    0x00000334   0x00000334   0x00000004   Code   RO        11325    .ARM.Collect$$rtexit$$00000003  c_w.l(rtexit2.o)
    0x00000338   0x00000338   0x00000006   Code   RO        11326    .ARM.Collect$$rtexit$$00000004  c_w.l(rtexit2.o)
    0x0000033e   0x0000033e   0x00000002   PAD
    0x00000340   0x00000340   0x00000006   Code   RO           12    .emb_text           main.o
    0x00000346   0x00000346   0x00000002   PAD
    0x00000348   0x00000348   0x00000030   Code   RO            4    .text               startup.o
    0x00000378   0x00000378   0x00000048   Code   RO        11170    .text               c_w.l(strcpy.o)
    0x000003c0   0x000003c0   0x0000003e   Code   RO        11172    .text               c_w.l(strlen.o)
    0x000003fe   0x000003fe   0x0000008a   Code   RO        11174    .text               c_w.l(rt_memcpy_v6.o)
    0x00000488   0x00000488   0x00000064   Code   RO        11176    .text               c_w.l(rt_memcpy_w.o)
    0x000004ec   0x000004ec   0x00000044   Code   RO        11178    .text               c_w.l(rt_memclr.o)
    0x00000530   0x00000530   0x0000004e   Code   RO        11180    .text               c_w.l(rt_memclr_w.o)
    0x0000057e   0x0000057e   0x00000002   PAD
    0x00000580   0x00000580   0x00000080   Code   RO        11184    .text               c_w.l(strcmpv7m.o)
    0x00000600   0x00000600   0x00000006   Code   RO        11186    .text               c_w.l(heapauxi.o)
    0x00000606   0x00000606   0x0000004a   Code   RO        11251    .text               c_w.l(sys_stackheap_outer.o)
    0x00000650   0x00000650   0x00000012   Code   RO        11253    .text               c_w.l(exit.o)
    0x00000662   0x00000662   0x00000002   PAD
    0x00000664   0x00000664   0x00000008   Code   RO        11265    .text               c_w.l(libspace.o)
    0x0000066c   0x0000066c   0x0000000c   Code   RO        11321    .text               c_w.l(sys_exit.o)
    0x00000678   0x00000678   0x00000002   Code   RO        11340    .text               c_w.l(use_no_semi.o)
    0x0000067a   0x0000067a   0x00000000   Code   RO        11342    .text               c_w.l(indicate_semi.o)
    0x0000067a   0x0000067a   0x00000020   Code   RO          584    i.Delay1ms          ili9341.o
    0x0000069a   0x0000069a   0x00000002   PAD
    0x0000069c   0x0000069c   0x00000090   Code   RO        11057    i.Heap_Free         heap.o
    0x0000072c   0x0000072c   0x0000001c   Code   RO        11058    i.Heap_Init         heap.o
    0x00000748   0x00000748   0x00000054   Code   RO        11059    i.Heap_Malloc       heap.o
    0x0000079c   0x0000079c   0x000000f8   Code   RO          361    i.I2C_RTC_Recv_List  pcf8523.o
    0x00000894   0x00000894   0x000000cc   Code   RO          363    i.I2C_RTC_Send_List  pcf8523.o
    0x00000960   0x00000960   0x00000048   Code   RO          591    i.ILI9341_DrawPixel  ili9341.o
    0x000009a8   0x000009a8   0x000000ac   Code   RO          593    i.ILI9341_FillRect  ili9341.o
    0x00000a54   0x00000a54   0x00000024   Code   RO          594    i.ILI9341_FillScreen  ili9341.o
    0x00000a78   0x00000a78   0x0000007c   Code   RO          596    i.ILI9341_InitR     ili9341.o
    0x00000af4   0x00000af4   0x00000020   Code   RO          609    i.ILI9341_SetCursor  ili9341.o
    0x00000b14   0x00000b14   0x00000058   Code   RO           13    i.LittlevGL_Init    main.o
    0x00000b6c   0x00000b6c   0x00000094   Code   RO          364    i.PCF8523_I2C0_Init  pcf8523.o
    0x00000c00   0x00000c00   0x0000007c   Code   RO          569    i.PLL_Init          pll.o
    0x00000c7c   0x00000c7c   0x00000024   Code   RO          430    i.RxFifo_Init       uart.o
    0x00000ca0   0x00000ca0   0x0000003c   Code   RO          431    i.RxFifo_Put        uart.o
    0x00000cdc   0x00000cdc   0x00000014   Code   RO          432    i.RxFifo_Size       uart.o
    0x00000cf0   0x00000cf0   0x00000020   Code   RO           14    i.Timer0A_Handler   main.o
    0x00000d10   0x00000d10   0x00000068   Code   RO           15    i.Timer0_Init       main.o
    0x00000d78   0x00000d78   0x0000003c   Code   RO          433    i.TxFifo_Get        uart.o
    0x00000db4   0x00000db4   0x00000024   Code   RO          434    i.TxFifo_Init       uart.o
    0x00000dd8   0x00000dd8   0x0000003c   Code   RO          435    i.TxFifo_Put        uart.o
    0x00000e14   0x00000e14   0x00000014   Code   RO          436    i.TxFifo_Size       uart.o
    0x00000e28   0x00000e28   0x00000058   Code   RO          437    i.UART0_Handler     uart.o
    0x00000e80   0x00000e80   0x000000cc   Code   RO          443    i.UART_Init         uart.o
    0x00000f4c   0x00000f4c   0x00000034   Code   RO          444    i.UART_OutChar      uart.o
    0x00000f80   0x00000f80   0x00000016   Code   RO          445    i.UART_OutString    uart.o
    0x00000f96   0x00000f96   0x0000002a   Code   RO          446    i.UART_OutUDec      uart.o
    0x00000fc0   0x00000fc0   0x000000b4   Code   RO         4225    i.anim_ready_handler  lv_anim.o
    0x00001074   0x00001074   0x000000d0   Code   RO         4226    i.anim_task         lv_anim.o
    0x00001144   0x00001144   0x00000054   Code   RO         2889    i.antialias_get_opa_circ  lv_draw_rect.o
    0x00001198   0x00001198   0x00000060   Code   RO        10599    i.arc_init          lv_theme_material.o
    0x000011f8   0x000011f8   0x00000088   Code   RO        10600    i.bar_init          lv_theme_material.o
    0x00001280   0x00001280   0x00000144   Code   RO        10601    i.basic_init        lv_theme_material.o
    0x000013c4   0x000013c4   0x00000016   Code   RO          365    i.bcd2arr           pcf8523.o
    0x000013da   0x000013da   0x00000068   Code   RO         3318    i.bits_write        lv_font_fmt_txt.o
    0x00001442   0x00001442   0x00000012   Code   RO        11063    i.blockHeader       heap.o
    0x00001454   0x00001454   0x00000012   Code   RO        11064    i.blockRoom         heap.o
    0x00001466   0x00001466   0x00000012   Code   RO        11065    i.blockTrailer      heap.o
    0x00001478   0x00001478   0x00000008   Code   RO        11066    i.blockUnused       heap.o
    0x00001480   0x00001480   0x00000010   Code   RO        11067    i.blockUsed         heap.o
    0x00001490   0x00001490   0x00000184   Code   RO        10602    i.btn_init          lv_theme_material.o
    0x00001614   0x00001614   0x00000158   Code   RO        10603    i.btnm_init         lv_theme_material.o
    0x0000176c   0x0000176c   0x00000128   Code   RO        10604    i.calendar_init     lv_theme_material.o
    0x00001894   0x00001894   0x000000e4   Code   RO        10605    i.cb_init           lv_theme_material.o
    0x00001978   0x00001978   0x00000010   Code   RO        10606    i.chart_init        lv_theme_material.o
    0x00001988   0x00001988   0x00000024   Code   RO          366    i.checkError        pcf8523.o
    0x000019ac   0x000019ac   0x00000056   Code   RO          618    i.commandList       ili9341.o
    0x00001a02   0x00001a02   0x00000002   PAD
    0x00001a04   0x00001a04   0x00000188   Code   RO          619    i.commonInit        ili9341.o
    0x00001b8c   0x00001b8c   0x00000010   Code   RO        10607    i.cont_init         lv_theme_material.o
    0x00001b9c   0x00001b9c   0x00000028   Code   RO          448    i.copyHardwareToSoftware  uart.o
    0x00001bc4   0x00001bc4   0x0000002c   Code   RO          449    i.copySoftwareToHardware  uart.o
    0x00001bf0   0x00001bf0   0x0000004a   Code   RO           16    i.createButton      main.o
    0x00001c3a   0x00001c3a   0x00000002   PAD
    0x00001c3c   0x00001c3c   0x00000088   Code   RO        10608    i.ddlist_init       lv_theme_material.o
    0x00001cc4   0x00001cc4   0x00000098   Code   RO         3319    i.decompress        lv_font_fmt_txt.o
    0x00001d5c   0x00001d5c   0x0000001a   Code   RO         3320    i.decompress_line   lv_font_fmt_txt.o
    0x00001d76   0x00001d76   0x000000f6   Code   RO         1103    i.focus_next_core   lv_group.o
    0x00001e6c   0x00001e6c   0x00000084   Code   RO        10609    i.gauge_init        lv_theme_material.o
    0x00001ef0   0x00001ef0   0x00000050   Code   RO          367    i.getTimeAndDate    pcf8523.o
    0x00001f40   0x00001f40   0x00000032   Code   RO         3321    i.get_bits          lv_font_fmt_txt.o
    0x00001f72   0x00001f72   0x00000002   PAD
    0x00001f74   0x00001f74   0x0000018c   Code   RO         3322    i.get_glyph_dsc_id  lv_font_fmt_txt.o
    0x00002100   0x00002100   0x000000d4   Code   RO         3323    i.get_kern_value    lv_font_fmt_txt.o
    0x000021d4   0x000021d4   0x00000050   Code   RO         2796    i.hex_char_to_num   lv_draw_label.o
    0x00002224   0x00002224   0x0000006c   Code   RO        10610    i.img_init          lv_theme_material.o
    0x00002290   0x00002290   0x0000001c   Code   RO        11068    i.inHeapRange       heap.o
    0x000022ac   0x000022ac   0x00000058   Code   RO        10611    i.kb_init           lv_theme_material.o
    0x00002304   0x00002304   0x00000020   Code   RO         3324    i.kern_pair_16_compare  lv_font_fmt_txt.o
    0x00002324   0x00002324   0x00000020   Code   RO         3325    i.kern_pair_8_compare  lv_font_fmt_txt.o
    0x00002344   0x00002344   0x00000094   Code   RO        10612    i.label_init        lv_theme_material.o
    0x000023d8   0x000023d8   0x0000008c   Code   RO        10613    i.led_init          lv_theme_material.o
    0x00002464   0x00002464   0x00000010   Code   RO        10614    i.line_init         lv_theme_material.o
    0x00002474   0x00002474   0x00000170   Code   RO        10615    i.list_init         lv_theme_material.o
    0x000025e4   0x000025e4   0x00000058   Code   RO        10616    i.lmeter_init       lv_theme_material.o
    0x0000263c   0x0000263c   0x0000002c   Code   RO         4227    i.lv_anim_core_init  lv_anim.o
    0x00002668   0x00002668   0x00000078   Code   RO         4229    i.lv_anim_create    lv_anim.o
    0x000026e0   0x000026e0   0x00000058   Code   RO         4230    i.lv_anim_del       lv_anim.o
    0x00002738   0x00002738   0x00000034   Code   RO         4236    i.lv_anim_path_linear  lv_anim.o
    0x0000276c   0x0000276c   0x00000030   Code   RO         4239    i.lv_anim_speed_to_time  lv_anim.o
    0x0000279c   0x0000279c   0x0000000a   Code   RO         1551    i.lv_area_copy      lv_obj.o
    0x000027a6   0x000027a6   0x0000000a   Code   RO         2209    i.lv_area_copy      lv_refr.o
    0x000027b0   0x000027b0   0x0000000a   Code   RO         2890    i.lv_area_copy      lv_draw_rect.o
    0x000027ba   0x000027ba   0x0000000a   Code   RO         6815    i.lv_area_copy      lv_cont.o
    0x000027c4   0x000027c4   0x0000000e   Code   RO         2210    i.lv_area_get_height  lv_refr.o
    0x000027d2   0x000027d2   0x0000000e   Code   RO         2891    i.lv_area_get_height  lv_draw_rect.o
    0x000027e0   0x000027e0   0x0000000e   Code   RO         7790    i.lv_area_get_height  lv_label.o
    0x000027ee   0x000027ee   0x00000022   Code   RO         4399    i.lv_area_get_size  lv_area.o
    0x00002810   0x00002810   0x0000000e   Code   RO         2211    i.lv_area_get_width  lv_refr.o
    0x0000281e   0x0000281e   0x0000000e   Code   RO         2583    i.lv_area_get_width  lv_draw_basic.o
    0x0000282c   0x0000282c   0x0000000e   Code   RO         2797    i.lv_area_get_width  lv_draw_label.o
    0x0000283a   0x0000283a   0x0000000e   Code   RO         2892    i.lv_area_get_width  lv_draw_rect.o
    0x00002848   0x00002848   0x0000000e   Code   RO         7791    i.lv_area_get_width  lv_label.o
    0x00002856   0x00002856   0x00000082   Code   RO         4401    i.lv_area_intersect  lv_area.o
    0x000028d8   0x000028d8   0x0000003a   Code   RO         4402    i.lv_area_is_in     lv_area.o
    0x00002912   0x00002912   0x0000003a   Code   RO         4403    i.lv_area_is_on     lv_area.o
    0x0000294c   0x0000294c   0x00000064   Code   RO         4405    i.lv_area_join      lv_area.o
    0x000029b0   0x000029b0   0x0000000e   Code   RO         4406    i.lv_area_set       lv_area.o
    0x000029be   0x000029be   0x00000002   PAD
    0x000029c0   0x000029c0   0x0000017c   Code   RO         5691    i.lv_btn_create     lv_btn.o
    0x00002b3c   0x00002b3c   0x00000038   Code   RO         5692    i.lv_btn_design     lv_btn.o
    0x00002b74   0x00002b74   0x0000003c   Code   RO         5698    i.lv_btn_get_toggle  lv_btn.o
    0x00002bb0   0x00002bb0   0x00000054   Code   RO         5702    i.lv_btn_set_state  lv_btn.o
    0x00002c04   0x00002c04   0x00000074   Code   RO         5703    i.lv_btn_set_style  lv_btn.o
    0x00002c78   0x00002c78   0x00000214   Code   RO         5705    i.lv_btn_signal     lv_btn.o
    0x00002e8c   0x00002e8c   0x00000016   Code   RO         4578    i.lv_circ_cont      lv_circ.o
    0x00002ea2   0x00002ea2   0x00000010   Code   RO         4579    i.lv_circ_init      lv_circ.o
    0x00002eb2   0x00002eb2   0x0000003c   Code   RO         4580    i.lv_circ_next      lv_circ.o
    0x00002eee   0x00002eee   0x0000001c   Code   RO        10617    i.lv_color_hex      lv_theme_material.o
    0x00002f0a   0x00002f0a   0x00000038   Code   RO        10618    i.lv_color_hex3     lv_theme_material.o
    0x00002f42   0x00002f42   0x000000fe   Code   RO         4605    i.lv_color_hsv_to_rgb  lv_color.o
    0x00003040   0x00003040   0x00000030   Code   RO         2321    i.lv_color_make     lv_style.o
    0x00003070   0x00003070   0x00000030   Code   RO         3099    i.lv_color_make     lv_img_decoder.o
    0x000030a0   0x000030a0   0x00000030   Code   RO         4606    i.lv_color_make     lv_color.o
    0x000030d0   0x000030d0   0x00000030   Code   RO        10619    i.lv_color_make     lv_theme_material.o
    0x00003100   0x00003100   0x00000080   Code   RO         1104    i.lv_color_mix      lv_group.o
    0x00003180   0x00003180   0x00000080   Code   RO         2584    i.lv_color_mix      lv_draw_basic.o
    0x00003200   0x00003200   0x00000080   Code   RO         2893    i.lv_color_mix      lv_draw_rect.o
    0x00003280   0x00003280   0x00000080   Code   RO        10620    i.lv_color_mix      lv_theme_material.o
    0x00003300   0x00003300   0x0000012c   Code   RO         6816    i.lv_cont_create    lv_cont.o
    0x0000342c   0x0000342c   0x0000003c   Code   RO         6821    i.lv_cont_get_layout  lv_cont.o
    0x00003468   0x00003468   0x000000ec   Code   RO         6822    i.lv_cont_layout_center  lv_cont.o
    0x00003554   0x00003554   0x000000b6   Code   RO         6823    i.lv_cont_layout_col  lv_cont.o
    0x0000360a   0x0000360a   0x0000011a   Code   RO         6824    i.lv_cont_layout_grid  lv_cont.o
    0x00003724   0x00003724   0x00000244   Code   RO         6825    i.lv_cont_layout_pretty  lv_cont.o
    0x00003968   0x00003968   0x00000104   Code   RO         6826    i.lv_cont_layout_row  lv_cont.o
    0x00003a6c   0x00003a6c   0x0000036e   Code   RO         6827    i.lv_cont_refr_autofit  lv_cont.o
    0x00003dda   0x00003dda   0x0000006a   Code   RO         6828    i.lv_cont_refr_layout  lv_cont.o
    0x00003e44   0x00003e44   0x00000058   Code   RO         6830    i.lv_cont_set_layout  lv_cont.o
    0x00003e9c   0x00003e9c   0x00000012   Code   RO         6831    i.lv_cont_set_style  lv_cont.o
    0x00003eae   0x00003eae   0x00000002   PAD
    0x00003eb0   0x00003eb0   0x000000a8   Code   RO         6832    i.lv_cont_signal    lv_cont.o
    0x00003f58   0x00003f58   0x0000000c   Code   RO          881    i.lv_debug_check_null  lv_debug.o
    0x00003f64   0x00003f64   0x0000001c   Code   RO          885    i.lv_debug_check_style  lv_debug.o
    0x00003f80   0x00003f80   0x0000007c   Code   RO          886    i.lv_debug_log_error  lv_debug.o
    0x00003ffc   0x00003ffc   0x00000022   Code   RO         3906    i.lv_disp_buf_init  lv_hal_disp.o
    0x0000401e   0x0000401e   0x00000002   PAD
    0x00004020   0x00004020   0x0000004c   Code   RO         3907    i.lv_disp_drv_init  lv_hal_disp.o
    0x0000406c   0x0000406c   0x000000f8   Code   RO         3908    i.lv_disp_drv_register  lv_hal_disp.o
    0x00004164   0x00004164   0x0000000e   Code   RO         3910    i.lv_disp_flush_ready  lv_hal_disp.o
    0x00004172   0x00004172   0x0000001a   Code   RO         3911    i.lv_disp_get_antialiasing  lv_hal_disp.o
    0x0000418c   0x0000418c   0x00000006   Code   RO         3912    i.lv_disp_get_buf   lv_hal_disp.o
    0x00004192   0x00004192   0x00000002   PAD
    0x00004194   0x00004194   0x0000000c   Code   RO         3913    i.lv_disp_get_default  lv_hal_disp.o
    0x000041a0   0x000041a0   0x00000026   Code   RO         3914    i.lv_disp_get_hor_res  lv_hal_disp.o
    0x000041c6   0x000041c6   0x00000016   Code   RO          999    i.lv_disp_get_layer_sys  lv_disp.o
    0x000041dc   0x000041dc   0x00000016   Code   RO         1000    i.lv_disp_get_layer_top  lv_disp.o
    0x000041f2   0x000041f2   0x00000002   PAD
    0x000041f4   0x000041f4   0x0000001c   Code   RO         3916    i.lv_disp_get_next  lv_hal_disp.o
    0x00004210   0x00004210   0x00000016   Code   RO         1002    i.lv_disp_get_scr_act  lv_disp.o
    0x00004226   0x00004226   0x00000028   Code   RO         3917    i.lv_disp_get_ver_res  lv_hal_disp.o
    0x0000424e   0x0000424e   0x00000016   Code   RO         3918    i.lv_disp_is_double_buf  lv_hal_disp.o
    0x00004264   0x00004264   0x00000024   Code   RO         3919    i.lv_disp_is_true_double_buf  lv_hal_disp.o
    0x00004288   0x00004288   0x00000160   Code   RO         2212    i.lv_disp_refr_task  lv_refr.o
    0x000043e8   0x000043e8   0x00000034   Code   RO         2396    i.lv_draw_aa_get_opa  lv_draw.o
    0x0000441c   0x0000441c   0x00000044   Code   RO         2894    i.lv_draw_cont_radius_corr  lv_draw_rect.o
    0x00004460   0x00004460   0x000001e4   Code   RO         2585    i.lv_draw_fill      lv_draw_basic.o
    0x00004644   0x00004644   0x00000024   Code   RO         2399    i.lv_draw_free_buf  lv_draw.o
    0x00004668   0x00004668   0x0000008c   Code   RO         2400    i.lv_draw_get_buf   lv_draw.o
    0x000046f4   0x000046f4   0x0000053c   Code   RO         2798    i.lv_draw_label     lv_draw_label.o
    0x00004c30   0x00004c30   0x000005ae   Code   RO         2586    i.lv_draw_letter    lv_draw_basic.o
    0x000051de   0x000051de   0x000000d6   Code   RO         2588    i.lv_draw_px        lv_draw_basic.o
    0x000052b4   0x000052b4   0x00000090   Code   RO         2895    i.lv_draw_rect      lv_draw_rect.o
    0x00005344   0x00005344   0x000010b0   Code   RO         2896    i.lv_draw_rect_border_corner  lv_draw_rect.o
    0x000063f4   0x000063f4   0x00000472   Code   RO         2897    i.lv_draw_rect_border_straight  lv_draw_rect.o
    0x00006866   0x00006866   0x00000c28   Code   RO         2898    i.lv_draw_rect_main_corner  lv_draw_rect.o
    0x0000748e   0x0000748e   0x00000164   Code   RO         2899    i.lv_draw_rect_main_mid  lv_draw_rect.o
    0x000075f2   0x000075f2   0x000000ae   Code   RO         2900    i.lv_draw_shadow    lv_draw_rect.o
    0x000076a0   0x000076a0   0x00000272   Code   RO         2901    i.lv_draw_shadow_bottom  lv_draw_rect.o
    0x00007912   0x00007912   0x000003e6   Code   RO         2902    i.lv_draw_shadow_full  lv_draw_rect.o
    0x00007cf8   0x00007cf8   0x000001b2   Code   RO         2903    i.lv_draw_shadow_full_straight  lv_draw_rect.o
    0x00007eaa   0x00007eaa   0x00000002   PAD
    0x00007eac   0x00007eac   0x0000004c   Code   RO         1554    i.lv_event_send     lv_obj.o
    0x00007ef8   0x00007ef8   0x000000c0   Code   RO         1555    i.lv_event_send_func  lv_obj.o
    0x00007fb8   0x00007fb8   0x000000f8   Code   RO         3326    i.lv_font_get_bitmap_fmt_txt  lv_font_fmt_txt.o
    0x000080b0   0x000080b0   0x00000010   Code   RO         3275    i.lv_font_get_glyph_bitmap  lv_font.o
    0x000080c0   0x000080c0   0x0000001e   Code   RO         3276    i.lv_font_get_glyph_dsc  lv_font.o
    0x000080de   0x000080de   0x00000084   Code   RO         3327    i.lv_font_get_glyph_dsc_fmt_txt  lv_font_fmt_txt.o
    0x00008162   0x00008162   0x00000026   Code   RO         3277    i.lv_font_get_glyph_width  lv_font.o
    0x00008188   0x00008188   0x00000006   Code   RO         7792    i.lv_font_get_line_height  lv_label.o
    0x0000818e   0x0000818e   0x00000032   Code   RO         4637    i.lv_fs_close       lv_fs.o
    0x000081c0   0x000081c0   0x00000030   Code   RO         4644    i.lv_fs_get_drv     lv_fs.o
    0x000081f0   0x000081f0   0x0000003c   Code   RO         4645    i.lv_fs_get_ext     lv_fs.o
    0x0000822c   0x0000822c   0x00000026   Code   RO         4648    i.lv_fs_get_real_path  lv_fs.o
    0x00008252   0x00008252   0x00000002   PAD
    0x00008254   0x00008254   0x00000010   Code   RO         4649    i.lv_fs_init        lv_fs.o
    0x00008264   0x00008264   0x000000bc   Code   RO         4651    i.lv_fs_open        lv_fs.o
    0x00008320   0x00008320   0x00000048   Code   RO         4652    i.lv_fs_read        lv_fs.o
    0x00008368   0x00008368   0x00000028   Code   RO         4655    i.lv_fs_seek        lv_fs.o
    0x00008390   0x00008390   0x0000008c   Code   RO         1105    i.lv_group_add_obj  lv_group.o
    0x0000841c   0x0000841c   0x00000018   Code   RO         1109    i.lv_group_focus_next  lv_group.o
    0x00008434   0x00008434   0x00000018   Code   RO         1111    i.lv_group_focus_prev  lv_group.o
    0x0000844c   0x0000844c   0x00000016   Code   RO         1115    i.lv_group_get_focused  lv_group.o
    0x00008462   0x00008462   0x00000002   PAD
    0x00008464   0x00008464   0x00000010   Code   RO         1119    i.lv_group_init     lv_group.o
    0x00008474   0x00008474   0x0000003e   Code   RO         1120    i.lv_group_mod_style  lv_group.o
    0x000084b2   0x000084b2   0x00000046   Code   RO         1121    i.lv_group_refocus  lv_group.o
    0x000084f8   0x000084f8   0x00000040   Code   RO         1124    i.lv_group_report_style_mod  lv_group.o
    0x00008538   0x00008538   0x00000068   Code   RO         3032    i.lv_img_cache_invalidate_src  lv_img_cache.o
    0x000085a0   0x000085a0   0x000000a4   Code   RO         3034    i.lv_img_cache_set_size  lv_img_cache.o
    0x00008644   0x00008644   0x0000004c   Code   RO         2696    i.lv_img_color_format_get_px_size  lv_draw_img.o
    0x00008690   0x00008690   0x00000030   Code   RO         3100    i.lv_img_decoder_built_in_close  lv_img_decoder.o
    0x000086c0   0x000086c0   0x000000ba   Code   RO         3101    i.lv_img_decoder_built_in_info  lv_img_decoder.o
    0x0000877a   0x0000877a   0x00000002   PAD
    0x0000877c   0x0000877c   0x000001e0   Code   RO         3102    i.lv_img_decoder_built_in_line_alpha  lv_img_decoder.o
    0x0000895c   0x0000895c   0x0000019e   Code   RO         3103    i.lv_img_decoder_built_in_line_indexed  lv_img_decoder.o
    0x00008afa   0x00008afa   0x0000007a   Code   RO         3104    i.lv_img_decoder_built_in_line_true_color  lv_img_decoder.o
    0x00008b74   0x00008b74   0x00000214   Code   RO         3105    i.lv_img_decoder_built_in_open  lv_img_decoder.o
    0x00008d88   0x00008d88   0x000000c8   Code   RO         3106    i.lv_img_decoder_built_in_read_line  lv_img_decoder.o
    0x00008e50   0x00008e50   0x00000028   Code   RO         3107    i.lv_img_decoder_close  lv_img_decoder.o
    0x00008e78   0x00008e78   0x00000048   Code   RO         3108    i.lv_img_decoder_create  lv_img_decoder.o
    0x00008ec0   0x00008ec0   0x00000074   Code   RO         3111    i.lv_img_decoder_init  lv_img_decoder.o
    0x00008f34   0x00008f34   0x00000004   Code   RO         3114    i.lv_img_decoder_set_close_cb  lv_img_decoder.o
    0x00008f38   0x00008f38   0x00000004   Code   RO         3115    i.lv_img_decoder_set_info_cb  lv_img_decoder.o
    0x00008f3c   0x00008f3c   0x00000004   Code   RO         3116    i.lv_img_decoder_set_open_cb  lv_img_decoder.o
    0x00008f40   0x00008f40   0x00000004   Code   RO         3117    i.lv_img_decoder_set_read_line_cb  lv_img_decoder.o
    0x00008f44   0x00008f44   0x0000002a   Code   RO         2700    i.lv_img_src_get_type  lv_draw_img.o
    0x00008f6e   0x00008f6e   0x00000002   PAD
    0x00008f70   0x00008f70   0x0000000c   Code   RO         1381    i.lv_indev_get_act  lv_indev.o
    0x00008f7c   0x00008f7c   0x0000001c   Code   RO         4098    i.lv_indev_get_next  lv_hal_indev.o
    0x00008f98   0x00008f98   0x0000000a   Code   RO         1388    i.lv_indev_init     lv_indev.o
    0x00008fa2   0x00008fa2   0x00000022   Code   RO         1389    i.lv_indev_is_dragging  lv_indev.o
    0x00008fc4   0x00008fc4   0x0000003e   Code   RO         1391    i.lv_indev_reset    lv_indev.o
    0x00009002   0x00009002   0x00000002   PAD
    0x00009004   0x00009004   0x00000060   Code   RO         1556    i.lv_init           lv_obj.o
    0x00009064   0x00009064   0x000000de   Code   RO         2213    i.lv_inv_area       lv_refr.o
    0x00009142   0x00009142   0x00000002   PAD
    0x00009144   0x00009144   0x00000214   Code   RO         7793    i.lv_label_create   lv_label.o
    0x00009358   0x00009358   0x0000025e   Code   RO         7795    i.lv_label_design   lv_label.o
    0x000095b6   0x000095b6   0x0000002c   Code   RO         7796    i.lv_label_dot_tmp_free  lv_label.o
    0x000095e2   0x000095e2   0x00000002   PAD
    0x000095e4   0x000095e4   0x00000044   Code   RO         7797    i.lv_label_get_align  lv_label.o
    0x00009628   0x00009628   0x0000003c   Code   RO         7799    i.lv_label_get_body_draw  lv_label.o
    0x00009664   0x00009664   0x0000001c   Code   RO         7800    i.lv_label_get_dot_tmp  lv_label.o
    0x00009680   0x00009680   0x00000240   Code   RO         7801    i.lv_label_get_letter_on  lv_label.o
    0x000098c0   0x000098c0   0x0000003c   Code   RO         7803    i.lv_label_get_long_mode  lv_label.o
    0x000098fc   0x000098fc   0x0000003c   Code   RO         7804    i.lv_label_get_recolor  lv_label.o
    0x00009938   0x00009938   0x00000038   Code   RO         7805    i.lv_label_get_text  lv_label.o
    0x00009970   0x00009970   0x00000030   Code   RO         7806    i.lv_label_get_text_sel_end  lv_label.o
    0x000099a0   0x000099a0   0x00000030   Code   RO         7807    i.lv_label_get_text_sel_start  lv_label.o
    0x000099d0   0x000099d0   0x0000043c   Code   RO         7810    i.lv_label_refr_text  lv_label.o
    0x00009e0c   0x00009e0c   0x00000078   Code   RO         7811    i.lv_label_revert_dots  lv_label.o
    0x00009e84   0x00009e84   0x00000054   Code   RO         7812    i.lv_label_set_align  lv_label.o
    0x00009ed8   0x00009ed8   0x00000058   Code   RO         7815    i.lv_label_set_body_draw  lv_label.o
    0x00009f30   0x00009f30   0x00000060   Code   RO         7816    i.lv_label_set_dot_tmp  lv_label.o
    0x00009f90   0x00009f90   0x000000b8   Code   RO         7817    i.lv_label_set_long_mode  lv_label.o
    0x0000a048   0x0000a048   0x00000018   Code   RO         7818    i.lv_label_set_offset_x  lv_label.o
    0x0000a060   0x0000a060   0x00000018   Code   RO         7819    i.lv_label_set_offset_y  lv_label.o
    0x0000a078   0x0000a078   0x00000054   Code   RO         7820    i.lv_label_set_recolor  lv_label.o
    0x0000a0cc   0x0000a0cc   0x00000078   Code   RO         7821    i.lv_label_set_static_text  lv_label.o
    0x0000a144   0x0000a144   0x00000104   Code   RO         7822    i.lv_label_set_text  lv_label.o
    0x0000a248   0x0000a248   0x00000158   Code   RO         7826    i.lv_label_signal   lv_label.o
    0x0000a3a0   0x0000a3a0   0x00000070   Code   RO         4851    i.lv_ll_chg_list    lv_ll.o
    0x0000a410   0x0000a410   0x0000000a   Code   RO         4853    i.lv_ll_get_head    lv_ll.o
    0x0000a41a   0x0000a41a   0x00000016   Code   RO         4855    i.lv_ll_get_next    lv_ll.o
    0x0000a430   0x0000a430   0x00000014   Code   RO         4856    i.lv_ll_get_prev    lv_ll.o
    0x0000a444   0x0000a444   0x0000000a   Code   RO         4857    i.lv_ll_get_tail    lv_ll.o
    0x0000a44e   0x0000a44e   0x00000016   Code   RO         4858    i.lv_ll_init        lv_ll.o
    0x0000a464   0x0000a464   0x00000040   Code   RO         4859    i.lv_ll_ins_head    lv_ll.o
    0x0000a4a4   0x0000a4a4   0x00000072   Code   RO         4860    i.lv_ll_ins_prev    lv_ll.o
    0x0000a516   0x0000a516   0x00000046   Code   RO         4861    i.lv_ll_ins_tail    lv_ll.o
    0x0000a55c   0x0000a55c   0x00000018   Code   RO         4862    i.lv_ll_is_empty    lv_ll.o
    0x0000a574   0x0000a574   0x0000006a   Code   RO         4863    i.lv_ll_move_before  lv_ll.o
    0x0000a5de   0x0000a5de   0x0000008a   Code   RO         4864    i.lv_ll_rem         lv_ll.o
    0x0000a668   0x0000a668   0x00000040   Code   RO         4995    i.lv_mem_alloc      lv_mem.o
    0x0000a6a8   0x0000a6a8   0x00000028   Code   RO         4997    i.lv_mem_free       lv_mem.o
    0x0000a6d0   0x0000a6d0   0x00000020   Code   RO         4998    i.lv_mem_get_size   lv_mem.o
    0x0000a6f0   0x0000a6f0   0x00000002   Code   RO         4999    i.lv_mem_init       lv_mem.o
    0x0000a6f2   0x0000a6f2   0x00000056   Code   RO         5001    i.lv_mem_realloc    lv_mem.o
    0x0000a748   0x0000a748   0x000003f0   Code   RO         1557    i.lv_obj_align      lv_obj.o
    0x0000ab38   0x0000ab38   0x00000334   Code   RO         1558    i.lv_obj_align_origo  lv_obj.o
    0x0000ae6c   0x0000ae6c   0x0000003c   Code   RO         1559    i.lv_obj_allocate_ext_attr  lv_obj.o
    0x0000aea8   0x0000aea8   0x0000003c   Code   RO         1561    i.lv_obj_clear_protect  lv_obj.o
    0x0000aee4   0x0000aee4   0x00000388   Code   RO         1564    i.lv_obj_create     lv_obj.o
    0x0000b26c   0x0000b26c   0x000000c6   Code   RO         1568    i.lv_obj_design     lv_obj.o
    0x0000b332   0x0000b332   0x00000002   PAD
    0x0000b334   0x0000b334   0x00000034   Code   RO         1569    i.lv_obj_get_auto_realign  lv_obj.o
    0x0000b368   0x0000b368   0x00000006   Code   RO         1570    i.lv_obj_get_base_dir  lv_obj.o
    0x0000b36e   0x0000b36e   0x00000002   PAD
    0x0000b370   0x0000b370   0x00000048   Code   RO         1571    i.lv_obj_get_child  lv_obj.o
    0x0000b3b8   0x0000b3b8   0x00000038   Code   RO         1574    i.lv_obj_get_coords  lv_obj.o
    0x0000b3f0   0x0000b3f0   0x00000030   Code   RO         1575    i.lv_obj_get_design_cb  lv_obj.o
    0x0000b420   0x0000b420   0x00000084   Code   RO         1576    i.lv_obj_get_disp   lv_obj.o
    0x0000b4a4   0x0000b4a4   0x00000030   Code   RO         1582    i.lv_obj_get_ext_attr  lv_obj.o
    0x0000b4d4   0x0000b4d4   0x00000030   Code   RO         1588    i.lv_obj_get_group  lv_obj.o
    0x0000b504   0x0000b504   0x00000038   Code   RO         1589    i.lv_obj_get_height  lv_obj.o
    0x0000b53c   0x0000b53c   0x00000034   Code   RO         1591    i.lv_obj_get_hidden  lv_obj.o
    0x0000b570   0x0000b570   0x00000050   Code   RO         1593    i.lv_obj_get_opa_scale  lv_obj.o
    0x0000b5c0   0x0000b5c0   0x00000030   Code   RO         1595    i.lv_obj_get_parent  lv_obj.o
    0x0000b5f0   0x0000b5f0   0x00000040   Code   RO         1598    i.lv_obj_get_screen  lv_obj.o
    0x0000b630   0x0000b630   0x00000030   Code   RO         1599    i.lv_obj_get_signal_cb  lv_obj.o
    0x0000b660   0x0000b660   0x00000098   Code   RO         1600    i.lv_obj_get_style  lv_obj.o
    0x0000b6f8   0x0000b6f8   0x00000038   Code   RO         1603    i.lv_obj_get_width  lv_obj.o
    0x0000b730   0x0000b730   0x00000048   Code   RO         1604    i.lv_obj_get_width_fit  lv_obj.o
    0x0000b778   0x0000b778   0x00000048   Code   RO         1605    i.lv_obj_get_x      lv_obj.o
    0x0000b7c0   0x0000b7c0   0x00000048   Code   RO         1606    i.lv_obj_get_y      lv_obj.o
    0x0000b808   0x0000b808   0x00000022   Code   RO         1607    i.lv_obj_handle_get_type_signal  lv_obj.o
    0x0000b82a   0x0000b82a   0x00000002   PAD
    0x0000b82c   0x0000b82c   0x000000f4   Code   RO         1608    i.lv_obj_invalidate  lv_obj.o
    0x0000b920   0x0000b920   0x00000040   Code   RO         1609    i.lv_obj_is_focused  lv_obj.o
    0x0000b960   0x0000b960   0x0000003c   Code   RO         1610    i.lv_obj_is_protected  lv_obj.o
    0x0000b99c   0x0000b99c   0x00000064   Code   RO         1612    i.lv_obj_move_foreground  lv_obj.o
    0x0000ba00   0x0000ba00   0x00000064   Code   RO         1613    i.lv_obj_realign    lv_obj.o
    0x0000ba64   0x0000ba64   0x00000040   Code   RO         1614    i.lv_obj_refresh_ext_draw_pad  lv_obj.o
    0x0000baa4   0x0000baa4   0x00000044   Code   RO         1615    i.lv_obj_refresh_style  lv_obj.o
    0x0000bae8   0x0000bae8   0x00000078   Code   RO         1616    i.lv_obj_report_style_mod  lv_obj.o
    0x0000bb60   0x0000bb60   0x00000040   Code   RO         1619    i.lv_obj_set_click  lv_obj.o
    0x0000bba0   0x0000bba0   0x00000030   Code   RO         1620    i.lv_obj_set_design_cb  lv_obj.o
    0x0000bbd0   0x0000bbd0   0x00000040   Code   RO         1627    i.lv_obj_set_height  lv_obj.o
    0x0000bc10   0x0000bc10   0x000000c8   Code   RO         1633    i.lv_obj_set_pos    lv_obj.o
    0x0000bcd8   0x0000bcd8   0x00000038   Code   RO         1634    i.lv_obj_set_protect  lv_obj.o
    0x0000bd10   0x0000bd10   0x00000030   Code   RO         1635    i.lv_obj_set_signal_cb  lv_obj.o
    0x0000bd40   0x0000bd40   0x000000dc   Code   RO         1636    i.lv_obj_set_size   lv_obj.o
    0x0000be1c   0x0000be1c   0x00000064   Code   RO         1637    i.lv_obj_set_style  lv_obj.o
    0x0000be80   0x0000be80   0x00000040   Code   RO         1640    i.lv_obj_set_x      lv_obj.o
    0x0000bec0   0x0000bec0   0x00000040   Code   RO         1641    i.lv_obj_set_y      lv_obj.o
    0x0000bf00   0x0000bf00   0x00000064   Code   RO         1642    i.lv_obj_signal     lv_obj.o
    0x0000bf64   0x0000bf64   0x0000015c   Code   RO         2214    i.lv_refr_area      lv_refr.o
    0x0000c0c0   0x0000c0c0   0x00000084   Code   RO         2215    i.lv_refr_area_part  lv_refr.o
    0x0000c144   0x0000c144   0x00000064   Code   RO         2216    i.lv_refr_areas     lv_refr.o
    0x0000c1a8   0x0000c1a8   0x0000000c   Code   RO         2217    i.lv_refr_get_disp_refreshing  lv_refr.o
    0x0000c1b4   0x0000c1b4   0x0000007e   Code   RO         2218    i.lv_refr_get_top_obj  lv_refr.o
    0x0000c232   0x0000c232   0x00000002   Code   RO         2219    i.lv_refr_init      lv_refr.o
    0x0000c234   0x0000c234   0x000000dc   Code   RO         2220    i.lv_refr_join_area  lv_refr.o
    0x0000c310   0x0000c310   0x00000100   Code   RO         2222    i.lv_refr_obj       lv_refr.o
    0x0000c410   0x0000c410   0x0000006c   Code   RO         2223    i.lv_refr_obj_and_children  lv_refr.o
    0x0000c47c   0x0000c47c   0x00000064   Code   RO         2225    i.lv_refr_vdb_flush  lv_refr.o
    0x0000c4e0   0x0000c4e0   0x0000000e   Code   RO           18    i.lv_scr_act        main.o
    0x0000c4ee   0x0000c4ee   0x00000012   Code   RO         2325    i.lv_style_copy     lv_style.o
    0x0000c500   0x0000c500   0x00000560   Code   RO         2326    i.lv_style_init     lv_style.o
    0x0000ca60   0x0000ca60   0x00000018   Code   RO         5128    i.lv_task_core_init  lv_task.o
    0x0000ca78   0x0000ca78   0x00000060   Code   RO         5129    i.lv_task_create    lv_task.o
    0x0000cad8   0x0000cad8   0x000000e8   Code   RO         5130    i.lv_task_create_basic  lv_task.o
    0x0000cbc0   0x0000cbc0   0x00000030   Code   RO         5131    i.lv_task_del       lv_task.o
    0x0000cbf0   0x0000cbf0   0x0000000c   Code   RO         5132    i.lv_task_enable    lv_task.o
    0x0000cbfc   0x0000cbfc   0x00000050   Code   RO         5133    i.lv_task_exec      lv_task.o
    0x0000cc4c   0x0000cc4c   0x0000018c   Code   RO         5135    i.lv_task_handler   lv_task.o
    0x0000cdd8   0x0000cdd8   0x00000012   Code   RO         5137    i.lv_task_ready     lv_task.o
    0x0000cdea   0x0000cdea   0x00000004   Code   RO         5139    i.lv_task_set_cb    lv_task.o
    0x0000cdee   0x0000cdee   0x00000004   Code   RO         5140    i.lv_task_set_period  lv_task.o
    0x0000cdf2   0x0000cdf2   0x00000002   PAD
    0x0000cdf4   0x0000cdf4   0x00000064   Code   RO         5141    i.lv_task_set_prio  lv_task.o
    0x0000ce58   0x0000ce58   0x0000000c   Code   RO        10478    i.lv_theme_get_current  lv_theme.o
    0x0000ce64   0x0000ce64   0x000000d0   Code   RO        10622    i.lv_theme_material_init  lv_theme_material.o
    0x0000cf34   0x0000cf34   0x0000002c   Code   RO        10479    i.lv_theme_set_current  lv_theme.o
    0x0000cf60   0x0000cf60   0x0000001a   Code   RO         4193    i.lv_tick_elaps     lv_hal_tick.o
    0x0000cf7a   0x0000cf7a   0x00000002   PAD
    0x0000cf7c   0x0000cf7c   0x00000020   Code   RO         4194    i.lv_tick_get       lv_hal_tick.o
    0x0000cf9c   0x0000cf9c   0x0000001c   Code   RO         4195    i.lv_tick_inc       lv_hal_tick.o
    0x0000cfb8   0x0000cfb8   0x000000bc   Code   RO         5238    i.lv_txt_get_next_line  lv_txt.o
    0x0000d074   0x0000d074   0x0000019c   Code   RO         5239    i.lv_txt_get_next_word  lv_txt.o
    0x0000d210   0x0000d210   0x000000cc   Code   RO         5240    i.lv_txt_get_size   lv_txt.o
    0x0000d2dc   0x0000d2dc   0x00000090   Code   RO         5241    i.lv_txt_get_width  lv_txt.o
    0x0000d36c   0x0000d36c   0x00000048   Code   RO         5243    i.lv_txt_is_cmd     lv_txt.o
    0x0000d3b4   0x0000d3b4   0x000000a4   Code   RO         5244    i.lv_txt_unicode_to_utf8  lv_txt.o
    0x0000d458   0x0000d458   0x0000003e   Code   RO         5245    i.lv_txt_utf8_conv_wc  lv_txt.o
    0x0000d496   0x0000d496   0x00000002   PAD
    0x0000d498   0x0000d498   0x00000038   Code   RO         5246    i.lv_txt_utf8_get_byte_id  lv_txt.o
    0x0000d4d0   0x0000d4d0   0x00000028   Code   RO         5247    i.lv_txt_utf8_get_char_id  lv_txt.o
    0x0000d4f8   0x0000d4f8   0x00000028   Code   RO         5248    i.lv_txt_utf8_get_length  lv_txt.o
    0x0000d520   0x0000d520   0x00000148   Code   RO         5249    i.lv_txt_utf8_next  lv_txt.o
    0x0000d668   0x0000d668   0x00000060   Code   RO         5250    i.lv_txt_utf8_prev  lv_txt.o
    0x0000d6c8   0x0000d6c8   0x0000003c   Code   RO         5251    i.lv_txt_utf8_size  lv_txt.o
    0x0000d704   0x0000d704   0x00000054   Code   RO         5334    i.lv_utils_bsearch  lv_utils.o
    0x0000d758   0x0000d758   0x000001f0   Code   RO           19    i.main              main.o
    0x0000d948   0x0000d948   0x00000030   Code   RO        11069    i.markBlockUnused   heap.o
    0x0000d978   0x0000d978   0x00000030   Code   RO        11070    i.markBlockUsed     heap.o
    0x0000d9a8   0x0000d9a8   0x00000088   Code   RO        10623    i.mbox_init         lv_theme_material.o
    0x0000da30   0x0000da30   0x0000002e   Code   RO        11071    i.mergeBlockWithBelow  heap.o
    0x0000da5e   0x0000da5e   0x0000005a   Code   RO           20    i.my_disp_flush     main.o
    0x0000dab8   0x0000dab8   0x0000000e   Code   RO        11072    i.nextBlockHeader   heap.o
    0x0000dac6   0x0000dac6   0x00000030   Code   RO         4866    i.node_set_next     lv_ll.o
    0x0000daf6   0x0000daf6   0x0000002c   Code   RO         4867    i.node_set_prev     lv_ll.o
    0x0000db22   0x0000db22   0x0000002c   Code   RO         1133    i.obj_to_foreground  lv_group.o
    0x0000db4e   0x0000db4e   0x00000002   PAD
    0x0000db50   0x0000db50   0x00000028   Code   RO        10624    i.page_init         lv_theme_material.o
    0x0000db78   0x0000db78   0x00000010   Code   RO        10625    i.preload_init      lv_theme_material.o
    0x0000db88   0x0000db88   0x0000000c   Code   RO        11073    i.previousBlockHeader  heap.o
    0x0000db94   0x0000db94   0x00000012   Code   RO          624    i.pushColor         ili9341.o
    0x0000dba6   0x0000dba6   0x00000050   Code   RO         1644    i.refresh_children_position  lv_obj.o
    0x0000dbf6   0x0000dbf6   0x00000042   Code   RO         1645    i.refresh_children_style  lv_obj.o
    0x0000dc38   0x0000dc38   0x00000030   Code   RO         1134    i.refresh_theme     lv_group.o
    0x0000dc68   0x0000dc68   0x0000003c   Code   RO         1646    i.report_style_mod_core  lv_obj.o
    0x0000dca4   0x0000dca4   0x00000034   Code   RO         3328    i.rle_init          lv_font_fmt_txt.o
    0x0000dcd8   0x0000dcd8   0x0000016c   Code   RO         3329    i.rle_next          lv_font_fmt_txt.o
    0x0000de44   0x0000de44   0x00000070   Code   RO        10626    i.roller_init       lv_theme_material.o
    0x0000deb4   0x0000deb4   0x00000094   Code   RO          625    i.setAddrWindow     ili9341.o
    0x0000df48   0x0000df48   0x00000040   Code   RO          368    i.setTimeAndDate    pcf8523.o
    0x0000df88   0x0000df88   0x00000048   Code   RO        10627    i.slider_init       lv_theme_material.o
    0x0000dfd0   0x0000dfd0   0x00000024   Code   RO        10628    i.spinbox_init      lv_theme_material.o
    0x0000dff4   0x0000dff4   0x0000004c   Code   RO        11074    i.splitAndMarkBlockUsed  heap.o
    0x0000e040   0x0000e040   0x000000c8   Code   RO        10629    i.style_mod         lv_theme_material.o
    0x0000e108   0x0000e108   0x000000c0   Code   RO         1135    i.style_mod_def     lv_group.o
    0x0000e1c8   0x0000e1c8   0x000000c8   Code   RO        10630    i.style_mod_edit    lv_theme_material.o
    0x0000e290   0x0000e290   0x000000c0   Code   RO         1136    i.style_mod_edit_def  lv_group.o
    0x0000e350   0x0000e350   0x00000148   Code   RO         2589    i.sw_color_fill     lv_draw_basic.o
    0x0000e498   0x0000e498   0x000000b8   Code   RO        10631    i.sw_init           lv_theme_material.o
    0x0000e550   0x0000e550   0x00000074   Code   RO        10632    i.ta_init           lv_theme_material.o
    0x0000e5c4   0x0000e5c4   0x00000040   Code   RO        10633    i.table_init        lv_theme_material.o
    0x0000e604   0x0000e604   0x000001ec   Code   RO        10634    i.tabview_init      lv_theme_material.o
    0x0000e7f0   0x0000e7f0   0x00000024   Code   RO        10635    i.tileview_init     lv_theme_material.o
    0x0000e814   0x0000e814   0x0000000a   Code   RO         3330    i.unicode_list_compare  lv_font_fmt_txt.o
    0x0000e81e   0x0000e81e   0x00000018   Code   RO          626    i.vGL2ILI_Color     ili9341.o
    0x0000e836   0x0000e836   0x00000002   PAD
    0x0000e838   0x0000e838   0x00000108   Code   RO        10636    i.win_init          lv_theme_material.o
    0x0000e940   0x0000e940   0x00000030   Code   RO          627    i.writecommand      ili9341.o
    0x0000e970   0x0000e970   0x00000024   Code   RO          628    i.writedata         ili9341.o
    0x0000e994   0x0000e994   0x000007b6   Data   RO          630    .constdata          ili9341.o
    0x0000f14a   0x0000f14a   0x00000011   Data   RO          888    .constdata          lv_debug.o
    0x0000f15b   0x0000f15b   0x00000001   PAD
    0x0000f15c   0x0000f15c   0x0000002e   Data   RO         1137    .constdata          lv_group.o
    0x0000f18a   0x0000f18a   0x00000002   PAD
    0x0000f18c   0x0000f18c   0x00000016   Data   RO         2331    .constdata          lv_style.o
    0x0000f1a2   0x0000f1a2   0x00000024   Data   RO         2401    .constdata          lv_draw.o
    0x0000f1c6   0x0000f1c6   0x00000011   Data   RO         2904    .constdata          lv_draw_rect.o
    0x0000f1d7   0x0000f1d7   0x00000001   PAD
    0x0000f1d8   0x0000f1d8   0x000033e8   Data   RO         3747    .constdata          lv_font_roboto_16.o
    0x000125c0   0x000125c0   0x00000002   Data   RO         3923    .constdata          lv_hal_disp.o
    0x000125c2   0x000125c2   0x00000002   PAD
    0x000125c4   0x000125c4   0x00000012   Data   RO        10638    .constdata          lv_theme_material.o
    0x000125d6   0x000125d6   0x00000002   PAD
    0x000125d8   0x000125d8   0x00000020   Data   RO        11392    Region$$Table       anon$$obj.o


    Execution Region ER_RW (Exec base: 0x20000000, Load base: 0x000125f8, Size: 0x00000164, Max: 0xffffffff, ABSOLUTE, COMPRESSED[0x00000084])

    Exec Addr    Load Addr    Size         Type   Attr      Idx    E Section Name        Object

    0x20000000   COMPRESSED   0x0000000c   Data   RW           22    .data               main.o
    0x2000000c   COMPRESSED   0x00000028   Data   RW          369    .data               pcf8523.o
    0x20000034   COMPRESSED   0x00000010   Data   RW          451    .data               uart.o
    0x20000044   COMPRESSED   0x0000002c   Data   RW          631    .data               ili9341.o
    0x20000070   COMPRESSED   0x00000008   Data   RW         1397    .data               lv_indev.o
    0x20000078   COMPRESSED   0x0000000c   Data   RW         1647    .data               lv_obj.o
    0x20000084   COMPRESSED   0x00000008   Data   RW         2226    .data               lv_refr.o
    0x2000008c   COMPRESSED   0x00000024   Data   RW         2402    .data               lv_draw.o
    0x200000b0   COMPRESSED   0x00000002   Data   RW         2592    .data               lv_draw_basic.o
    0x200000b2   COMPRESSED   0x00000002   Data   RW         3035    .data               lv_img_cache.o
    0x200000b4   COMPRESSED   0x00000010   Data   RW         3331    .data               lv_font_fmt_txt.o
    0x200000c4   COMPRESSED   0x0000002c   Data   RW         3748    .data               lv_font_roboto_16.o
    0x200000f0   COMPRESSED   0x00000004   Data   RW         3924    .data               lv_hal_disp.o
    0x200000f4   COMPRESSED   0x00000005   Data   RW         4196    .data               lv_hal_tick.o
    0x200000f9   COMPRESSED   0x00000003   PAD
    0x200000fc   COMPRESSED   0x00000005   Data   RW         4240    .data               lv_anim.o
    0x20000101   COMPRESSED   0x00000003   PAD
    0x20000104   COMPRESSED   0x0000000c   Data   RW         4819    .data               lv_gc.o
    0x20000110   COMPRESSED   0x00000004   Data   RW         5002    .data               lv_mem.o
    0x20000114   COMPRESSED   0x00000014   Data   RW         5142    .data               lv_task.o
    0x20000128   COMPRESSED   0x00000020   Data   RW         5252    .data               lv_txt.o
    0x20000148   COMPRESSED   0x00000008   Data   RW         5707    .data               lv_btn.o
    0x20000150   COMPRESSED   0x00000004   Data   RW         6833    .data               lv_cont.o
    0x20000154   COMPRESSED   0x00000004   Data   RW         7827    .data               lv_label.o
    0x20000158   COMPRESSED   0x00000004   Data   RW        10480    .data               lv_theme.o
    0x2000015c   COMPRESSED   0x00000008   Data   RW        10639    .data               lv_theme_material.o


    Execution Region ER_ZI (Exec base: 0x20000164, Load base: 0x0001267c, Size: 0x00006de4, Max: 0xffffffff, ABSOLUTE)

    Exec Addr    Load Addr    Size         Type   Attr      Idx    E Section Name        Object

    0x20000164        -       0x000025d4   Zero   RW           21    .bss                main.o
    0x20002738        -       0x00000080   Zero   RW          450    .bss                uart.o
    0x200027b8        -       0x00000340   Zero   RW         2330    .bss                lv_style.o
    0x20002af8        -       0x000001e0   Zero   RW         2591    .bss                lv_draw_basic.o
    0x20002cd8        -       0x00000060   Zero   RW         4818    .bss                lv_gc.o
    0x20002d38        -       0x000011b0   Zero   RW        10637    .bss                lv_theme_material.o
    0x20003ee8        -       0x00002000   Zero   RW        11075    .bss                heap.o
    0x20005ee8        -       0x00000060   Zero   RW        11266    .bss                c_w.l(libspace.o)
    0x20005f48        -       0x00000000   Zero   RW            2    HEAP                startup.o
    0x20005f48        -       0x00001000   Zero   RW            1    STACK               startup.o


==============================================================================

Image component sizes


      Code (inc. data)   RO Data    RW Data    ZI Data      Debug   Object Name

       606         28          0          0       8192       9026   heap.o
      1220        146       1974         44          0      11660   ili9341.o
       740         66          0          5          0      11273   lv_anim.o
         0          0          0          0          0      22674   lv_arc.o
       394          0          0          0          0       4392   lv_area.o
         0          0          0          0          0       1896   lv_async.o
         0          0          0          0          0       7207   lv_bar.o
         0          0          0          0          0       7428   lv_bidi.o
      1228        130          0          8          0      13666   lv_btn.o
         0          0          0          0          0       3886   lv_calendar.o
        98          0          0          0          0       1965   lv_circ.o
       302          6          0          0          0       6198   lv_color.o
      3168         76          0          4          0      18119   lv_cont.o
       164          8         17          0          0      24436   lv_debug.o
        66          0          0          0          0      21948   lv_disp.o
       228         36         36         36          0      18261   lv_draw.o
      2622         34          0          2        480      25267   lv_draw_basic.o
       118         16          0          0          0      11814   lv_draw_img.o
      1434         22          0          0          0      14174   lv_draw_label.o
     11572         16         17          0          0      27229   lv_draw_rect.o
        84          0          0          0          0       7345   lv_font.o
      1810         92          0         16          0      13053   lv_font_fmt_txt.o
         0          0          0          0          0       1712   lv_font_roboto_12.o
         0          0      13288         44          0       2156   lv_font_roboto_16.o
       512         34          0          0          0       7198   lv_fs.o
         0          0          0         12         96       7782   lv_gc.o
      1272         64         46          0          0      26473   lv_group.o
       580         48          2          4          0      31304   lv_hal_disp.o
        28          4          0          0          0      23782   lv_hal_indev.o
        86         20          0          5          0       2196   lv_hal_tick.o
       268         36          0          2          0      14344   lv_img_cache.o
      2274        104          0          0          0      22395   lv_img_decoder.o
       118          6          0          8          0       5591   lv_indev.o
      4732        372          0          4          0      30372   lv_label.o
       804          0          0          0          0       9226   lv_ll.o
       224         16          0          4          0       4370   lv_mem.o
      6746        852          0         12          0      45636   lv_obj.o
      2016         48          0          8          0      10403   lv_refr.o
      1442         72         22          0        832      10122   lv_style.o
      1014        126          0         20          0       7442   lv_task.o
        56         10          0          4          0      29292   lv_theme.o
      5504        694         18          8       4528      37795   lv_theme_material.o
      1866         58          0         32          0      14143   lv_txt.o
        84          0          0          0          0        875   lv_utils.o
       904        206          0         12       9684      38508   main.o
       802         58          0         40          0       5986   pcf8523.o
       124          4          0          0          0        467   pll.o
       692        632          0          0       4096        964   startup.o
       784        120          0         16        128       8084   uart.o

    ----------------------------------------------------------------------
     58838       4260      15460        356      28036     681535   Object Totals
         0          0         32          0          0          0   (incl. Generated)
        52          0          8          6          0          0   (incl. Padding)

    ----------------------------------------------------------------------

      Code (inc. data)   RO Data    RW Data    ZI Data      Debug   Library Member Name

        58          0          0          0          0          0   __dczerorl.o
         8          0          0          0          0         68   __main.o
         0          0          0          0          0          0   __rtentry.o
        12          0          0          0          0          0   __rtentry2.o
         6          0          0          0          0          0   __rtentry4.o
        52          8          0          0          0          0   __scatter.o
        28          0          0          0          0          0   __scatter_zi.o
        18          0          0          0          0         80   exit.o
         6          0          0          0          0        152   heapauxi.o
         0          0          0          0          0          0   indicate_semi.o
         2          0          0          0          0          0   libinit.o
         2          0          0          0          0          0   libinit2.o
         2          0          0          0          0          0   libshutdown.o
         2          0          0          0          0          0   libshutdown2.o
         8          4          0          0         96         68   libspace.o
        68          0          0          0          0         68   rt_memclr.o
        78          0          0          0          0         80   rt_memclr_w.o
       138          0          0          0          0         68   rt_memcpy_v6.o
       100          0          0          0          0         80   rt_memcpy_w.o
         2          0          0          0          0          0   rtexit.o
        10          0          0          0          0          0   rtexit2.o
       128          0          0          0          0         68   strcmpv7m.o
        72          0          0          0          0         80   strcpy.o
        62          0          0          0          0         76   strlen.o
        12          4          0          0          0         68   sys_exit.o
        74          0          0          0          0         80   sys_stackheap_outer.o
         2          0          0          0          0         68   use_no_semi.o

    ----------------------------------------------------------------------
       958         16          0          0         96       1104   Library Totals
         8          0          0          0          0          0   (incl. Padding)

    ----------------------------------------------------------------------

      Code (inc. data)   RO Data    RW Data    ZI Data      Debug   Library Name

       950         16          0          0         96       1104   c_w.l

    ----------------------------------------------------------------------
       958         16          0          0         96       1104   Library Totals

    ----------------------------------------------------------------------

==============================================================================


      Code (inc. data)   RO Data    RW Data    ZI Data      Debug   

     59796       4276      15460        356      28132     662407   Grand Totals
     59796       4276      15460        132      28132     662407   ELF Image Totals (compressed)
     59796       4276      15460        132          0          0   ROM Totals

==============================================================================

    Total RO  Size (Code + RO Data)                75256 (  73.49kB)
    Total RW  Size (RW Data + ZI Data)             28488 (  27.82kB)
    Total ROM Size (Code + RO Data + RW Data)      75388 (  73.62kB)

==============================================================================

