Component: ARM Compiler 5.06 update 6 (build 750) Tool: armlink [4d35ed]

==============================================================================

Section Cross References

    startup.o(STACK) refers (Special) to heapauxi.o(.text) for __use_two_region_memory
    startup.o(HEAP) refers (Special) to heapauxi.o(.text) for __use_two_region_memory
    startup.o(RESET) refers (Special) to heapauxi.o(.text) for __use_two_region_memory
    startup.o(RESET) refers to startup.o(STACK) for StackMem
    startup.o(RESET) refers to uart_putty.o(i.UART0_Handler) for UART0_Handler
    startup.o(RESET) refers to ui_components.o(i.Timer0A_Handler) for Timer0A_Handler
    startup.o(RESET) refers to main.o(i.Timer1A_Handler) for Timer1A_Handler
    startup.o(RESET) refers to matrix.o(i.Timer2A_Handler) for Timer2A_Handler
    startup.o(RESET) refers to uart.o(i.UART5_Handler) for UART5_Handler
    startup.o(RESET) refers to __main.o(!!!main) for __main
    startup.o(.text) refers (Special) to heapauxi.o(.text) for __use_two_region_memory
    startup.o(.text) refers to startup.o(HEAP) for HeapMem
    startup.o(.text) refers to startup.o(STACK) for StackMem
    main.o(i.Timer1A_Handler) refers to main.o(.data) for updateClock
    main.o(i.callBusyDelete) refers to lv_obj.o(i.lv_obj_del) for lv_obj_del
    main.o(i.callBusyDelete) refers to main.o(.data) for main_fn_text
    main.o(i.callBusyDisplay) refers to rt_memcpy_w.o(.text) for __aeabi_memcpy4
    main.o(i.callBusyDisplay) refers to strcat.o(.text) for strcat
    main.o(i.callBusyDisplay) refers to ui_components.o(i.createMainText) for createMainText
    main.o(i.callBusyDisplay) refers to main.o(.constdata) for .constdata
    main.o(i.callBusyDisplay) refers to main.o(.data) for phoneNumber
    main.o(i.callDelete) refers to lv_obj.o(i.lv_obj_del) for lv_obj_del
    main.o(i.callDelete) refers to main.o(.data) for phoneTextArea
    main.o(i.callDisplay) refers to ui_components.o(i.createPhoneTextArea) for createPhoneTextArea
    main.o(i.callDisplay) refers to lv_ta.o(i.lv_ta_set_cursor_type) for lv_ta_set_cursor_type
    main.o(i.callDisplay) refers to ui_components.o(i.createCallTextButton) for createCallTextButton
    main.o(i.callDisplay) refers to main.o(.data) for phoneTextArea
    main.o(i.getDisplayTime) refers to pcf8523.o(i.getTimeAndDate) for getTimeAndDate
    main.o(i.getDisplayTime) refers to pcf8523.o(i.bcd2arr) for bcd2arr
    main.o(i.getDisplayTime) refers to strcpy.o(.text) for strcpy
    main.o(i.getDisplayTime) refers to strcat.o(.text) for strcat
    main.o(i.getDisplayTime) refers to lv_label.o(i.lv_label_set_align) for lv_label_set_align
    main.o(i.getDisplayTime) refers to lv_label.o(i.lv_label_set_text) for lv_label_set_text
    main.o(i.getDisplayTime) refers to main.o(.bss) for dateTime
    main.o(i.getDisplayTime) refers to main.o(.data) for full_time
    main.o(i.getDisplayTime) refers to ui_components.o(.data) for time_label
    main.o(i.handleInput) refers to lv_ta.o(i.lv_ta_get_text) for lv_ta_get_text
    main.o(i.handleInput) refers to lv_ta.o(i.lv_ta_add_char) for lv_ta_add_char
    main.o(i.handleInput) refers to main.o(i.switchTextBox) for switchTextBox
    main.o(i.handleInput) refers to matrix.o(i.numpad2TextInput) for numpad2TextInput
    main.o(i.handleInput) refers to lv_ta.o(i.lv_ta_del_char) for lv_ta_del_char
    main.o(i.handleInput) refers to main.o(.data) for curScreen
    main.o(i.handleInput) refers to ui_components.o(.data) for isDisplayed
    main.o(i.main) refers to pll.o(i.PLL_Init) for PLL_Init
    main.o(i.main) refers to uart_putty.o(i.UART0_Init) for UART0_Init
    main.o(i.main) refers to uart_putty.o(i.UART0_OutString) for UART0_OutString
    main.o(i.main) refers to sim800h.o(i.SIM800H_Init) for SIM800H_Init
    main.o(i.main) refers to sim800h.o(i.SIM800H_SendText) for SIM800H_SendText
    main.o(i.mainDelete) refers to lv_obj.o(i.lv_obj_del) for lv_obj_del
    main.o(i.mainDelete) refers to main.o(.data) for mainText
    main.o(i.mainDisplay) refers to ui_components.o(i.createCallIcon) for createCallIcon
    main.o(i.mainDisplay) refers to ui_components.o(i.createTextIcon) for createTextIcon
    main.o(i.mainDisplay) refers to ui_components.o(i.createTime) for createTime
    main.o(i.mainDisplay) refers to ui_components.o(i.createMainText) for createMainText
    main.o(i.mainDisplay) refers to main.o(.constdata) for Call_icon
    main.o(i.mainDisplay) refers to main.o(.data) for call_btn
    main.o(i.switchTextBox) refers to lv_ta.o(i.lv_ta_set_cursor_type) for lv_ta_set_cursor_type
    main.o(i.switchTextBox) refers to lv_ta.o(i.lv_ta_get_text) for lv_ta_get_text
    main.o(i.switchTextBox) refers to main.o(.data) for chooseBox
    main.o(i.switchTextBox) refers to ui_components.o(.data) for isDisplayed
    main.o(i.textBusyDelete) refers to lv_obj.o(i.lv_obj_del) for lv_obj_del
    main.o(i.textBusyDelete) refers to main.o(.data) for main_fn_text
[...]
    _memset                                  0x00000501   Thumb Code     0  rt_memclr.o(.text)
    __aeabi_memclr4                          0x00000541   Thumb Code     0  rt_memclr_w.o(.text)
    __aeabi_memclr8                          0x00000541   Thumb Code     0  rt_memclr_w.o(.text)
    __rt_memclr_w                            0x00000541   Thumb Code    78  rt_memclr_w.o(.text)
    _memset_w                                0x00000545   Thumb Code     0  rt_memclr_w.o(.text)
    strcmp                                   0x00000591   Thumb Code   128  strcmpv7m.o(.text)
    __use_two_region_memory                  0x00000611   Thumb Code     2  heapauxi.o(.text)
    __rt_heap_escrow$2region                 0x00000613   Thumb Code     2  heapauxi.o(.text)
    __rt_heap_expand$2region                 0x00000615   Thumb Code     2  heapauxi.o(.text)
    __user_setup_stackheap                   0x00000617   Thumb Code    74  sys_stackheap_outer.o(.text)
    exit                                     0x00000661   Thumb Code    18  exit.o(.text)
    __user_libspace                          0x00000675   Thumb Code     8  libspace.o(.text)
    __user_perproc_libspace                  0x00000675   Thumb Code     0  libspace.o(.text)
    __user_perthread_libspace                0x00000675   Thumb Code     0  libspace.o(.text)
    _sys_exit                                0x0000067d   Thumb Code     8  sys_exit.o(.text)
    __I$use$semihosting                      0x00000689   Thumb Code     0  use_no_semi.o(.text)
    __use_no_semihosting_swi                 0x00000689   Thumb Code     2  use_no_semi.o(.text)
    __semihosting_library_function           0x0000068b   Thumb Code     0  indicate_semi.o(.text)
    Fifo_Get                                 0x0000068d   Thumb Code    54  fifo_custom.o(i.Fifo_Get)
    Fifo_Init                                0x000006d1   Thumb Code    12  fifo_custom.o(i.Fifo_Init)
    Fifo_Put                                 0x000006e5   Thumb Code    66  fifo_custom.o(i.Fifo_Put)
    MatrixFifo_Put                           0x00000735   Thumb Code    48  matrix.o(i.MatrixFifo_Put)
    MatrixKeypad_Scan                        0x00000771   Thumb Code    90  matrix.o(i.MatrixKeypad_Scan)
    PLL_Init                                 0x000007dd   Thumb Code   120  pll.o(i.PLL_Init)
    RxFifo_Init                              0x00000859   Thumb Code    26  uart_putty.o(i.RxFifo_Init)
    RxFifo_Put                               0x0000087d   Thumb Code    48  uart_putty.o(i.RxFifo_Put)
    RxFifo_Size                              0x000008b9   Thumb Code    12  uart_putty.o(i.RxFifo_Size)
    SIM800H_Init                             0x000008cd   Thumb Code   156  sim800h.o(i.SIM800H_Init)
    SIM800H_SendText                         0x00000985   Thumb Code   110  sim800h.o(i.SIM800H_SendText)
    SysTick_Init                             0x00000a29   Thumb Code    22  systick.o(i.SysTick_Init)
    SysTick_Wait                             0x00000a3f   Thumb Code    30  systick.o(i.SysTick_Wait)
    SysTick_Wait10ms                         0x00000a5d   Thumb Code    22  systick.o(i.SysTick_Wait10ms)
    Timer0A_Handler                          0x00000a79   Thumb Code    22  ui_components.o(i.Timer0A_Handler)
    Timer1A_Handler                          0x00000a99   Thumb Code    12  main.o(i.Timer1A_Handler)
    Timer2A_Handler                          0x00000aad   Thumb Code    64  matrix.o(i.Timer2A_Handler)
    TxFifo_Get                               0x00000af9   Thumb Code    46  uart_putty.o(i.TxFifo_Get)
    TxFifo_Init                              0x00000b35   Thumb Code    26  uart_putty.o(i.TxFifo_Init)
    TxFifo_Put                               0x00000b59   Thumb Code    48  uart_putty.o(i.TxFifo_Put)
    TxFifo_Size                              0x00000b95   Thumb Code    12  uart_putty.o(i.TxFifo_Size)
    UART0_Handler                            0x00000ba9   Thumb Code    82  uart_putty.o(i.UART0_Handler)
    UART0_Init                               0x00000c01   Thumb Code   180  uart_putty.o(i.UART0_Init)
    UART0_OutChar                            0x00000ccd   Thumb Code    46  uart_putty.o(i.UART0_OutChar)
    UART0_OutString                          0x00000d01   Thumb Code    22  uart_putty.o(i.UART0_OutString)
    UART5_Handler                            0x00000d19   Thumb Code    46  uart.o(i.UART5_Handler)
    UART_Init                                0x00000d51   Thumb Code   240  uart.o(i.UART_Init)
    UART_OutChar                             0x00000e61   Thumb Code    46  uart.o(i.UART_OutChar)
    UART_OutString                           0x00000e95   Thumb Code    22  uart.o(i.UART_OutString)
    WaitForOK                                0x00000eab   Thumb Code    76  sim800h.o(i.WaitForOK)
    callBusyDelete                           0x00000f4d   Thumb Code    12  main.o(i.callBusyDelete)
    callBusyDisplay                          0x00000f5d   Thumb Code    38  main.o(i.callBusyDisplay)
    callDelete                               0x00000f91   Thumb Code    20  main.o(i.callDelete)
    callDisplay                              0x00000fad   Thumb Code    32  main.o(i.callDisplay)
    createCallIcon                           0x000010d5   Thumb Code   122  ui_components.o(i.createCallIcon)
    createCallTextButton                     0x0000115d   Thumb Code    76  ui_components.o(i.createCallTextButton)
    createMainText                           0x000011a9   Thumb Code    56  ui_components.o(i.createMainText)
    createPhoneTextArea                      0x000011e1   Thumb Code    80  ui_components.o(i.createPhoneTextArea)
    createTextIcon                           0x00001245   Thumb Code   122  ui_components.o(i.createTextIcon)
    createTextMessageArea                    0x000012cd   Thumb Code    80  ui_components.o(i.createTextMessageArea)
    createTime                               0x0000132d   Thumb Code    90  ui_components.o(i.createTime)
    lv_anim_create                           0x000017ad   Thumb Code    96  lv_anim.o(i.lv_anim_create)
    lv_anim_del                              0x00001825   Thumb Code    80  lv_anim.o(i.lv_anim_del)
    lv_anim_path_linear                      0x0000187d   Thumb Code    52  lv_anim.o(i.lv_anim_path_linear)
    lv_anim_path_step                        0x000018b1   Thumb Code    24  lv_anim.o(i.lv_anim_path_step)
    lv_anim_speed_to_time                    0x000018c9   Thumb Code    48  lv_anim.o(i.lv_anim_speed_to_time)
    lv_area_intersect                        0x000019cf   Thumb Code   130  lv_area.o(i.lv_area_intersect)
    lv_area_is_in                            0x00001a51   Thumb Code    58  lv_area.o(i.lv_area_is_in)
    lv_area_is_on                            0x00001a8b   Thumb Code    58  lv_area.o(i.lv_area_is_on)
    lv_area_set                              0x00001ac5   Thumb Code    14  lv_area.o(i.lv_area_set)
    lv_area_set_height                       0x00001ad3   Thumb Code    12  lv_area.o(i.lv_area_set_height)
    lv_area_set_pos                          0x00001adf   Thumb Code    58  lv_area.o(i.lv_area_set_pos)
    lv_area_set_width                        0x00001b19   Thumb Code    12  lv_area.o(i.lv_area_set_width)
    lv_btn_create                            0x00001b25   Thumb Code   326  lv_btn.o(i.lv_btn_create)
    lv_btn_get_toggle                        0x00001cd9   Thumb Code    42  lv_btn.o(i.lv_btn_get_toggle)
    lv_btn_set_state                         0x00001d15   Thumb Code    68  lv_btn.o(i.lv_btn_set_state)
    lv_btn_set_style                         0x00001d69   Thumb Code    98  lv_btn.o(i.lv_btn_set_style)
    lv_circ_cont                             0x00001ff1   Thumb Code    22  lv_circ.o(i.lv_circ_cont)
    lv_circ_init                             0x00002007   Thumb Code    16  lv_circ.o(i.lv_circ_init)
    lv_circ_next                             0x00002017   Thumb Code    60  lv_circ.o(i.lv_circ_next)
    lv_cont_create                           0x00002155   Thumb Code   272  lv_cont.o(i.lv_cont_create)
    lv_cont_get_fit_left                     0x00002281   Thumb Code    42  lv_cont.o(i.lv_cont_get_fit_left)
    lv_cont_get_fit_right                    0x000022bd   Thumb Code    40  lv_cont.o(i.lv_cont_get_fit_right)
    lv_cont_get_fit_top                      0x000022f5   Thumb Code    42  lv_cont.o(i.lv_cont_get_fit_top)
    lv_cont_get_layout                       0x00002331   Thumb Code    42  lv_cont.o(i.lv_cont_get_layout)
    lv_cont_set_fit4                         0x00002d49   Thumb Code   140  lv_cont.o(i.lv_cont_set_fit4)
    lv_cont_set_layout                       0x00002de5   Thumb Code    70  lv_cont.o(i.lv_cont_set_layout)
    lv_debug_check_null                      0x00002ef9   Thumb Code    12  lv_debug.o(i.lv_debug_check_null)
    lv_debug_check_style                     0x00002f05   Thumb Code    24  lv_debug.o(i.lv_debug_check_style)
    lv_debug_log_error                       0x00002f21   Thumb Code   120  lv_debug.o(i.lv_debug_log_error)
    lv_disp_get_antialiasing                 0x00002f9d   Thumb Code    26  lv_hal_disp.o(i.lv_disp_get_antialiasing)
    lv_disp_get_buf                          0x00002fb7   Thumb Code     6  lv_hal_disp.o(i.lv_disp_get_buf)
    lv_disp_get_default                      0x00002fbd   Thumb Code     6  lv_hal_disp.o(i.lv_disp_get_default)
    lv_disp_get_hor_res                      0x00002fc9   Thumb Code    38  lv_hal_disp.o(i.lv_disp_get_hor_res)
    lv_disp_get_layer_sys                    0x00002fef   Thumb Code    22  lv_disp.o(i.lv_disp_get_layer_sys)
    lv_disp_get_layer_top                    0x00003005   Thumb Code    22  lv_disp.o(i.lv_disp_get_layer_top)
    lv_disp_get_scr_act                      0x0000301b   Thumb Code    22  lv_disp.o(i.lv_disp_get_scr_act)
    lv_disp_get_ver_res                      0x00003031   Thumb Code    40  lv_hal_disp.o(i.lv_disp_get_ver_res)
    lv_draw_aa_get_opa                       0x00003059   Thumb Code    48  lv_draw.o(i.lv_draw_aa_get_opa)
    lv_draw_fill                             0x000030d1   Thumb Code   474  lv_draw_basic.o(i.lv_draw_fill)
    lv_draw_get_buf                          0x000032b5   Thumb Code   116  lv_draw.o(i.lv_draw_get_buf)
    lv_draw_img                              0x00003341   Thumb Code   132  lv_draw_img.o(i.lv_draw_img)
    lv_draw_label                            0x000033d1   Thumb Code  1324  lv_draw_label.o(i.lv_draw_label)
    lv_draw_letter                           0x0000390d   Thumb Code  1454  lv_draw_basic.o(i.lv_draw_letter)
    lv_draw_map                              0x00003ebb   Thumb Code   816  lv_draw_basic.o(i.lv_draw_map)
    lv_draw_px                               0x000041eb   Thumb Code   214  lv_draw_basic.o(i.lv_draw_px)
    lv_draw_rect                             0x000042c1   Thumb Code   144  lv_draw_rect.o(i.lv_draw_rect)
    lv_event_get_data                        0x00006eb9   Thumb Code     6  lv_obj.o(i.lv_event_get_data)
    lv_event_send                            0x00006ee5   Thumb Code    58  lv_obj.o(i.lv_event_send)
    lv_event_send_func                       0x00006f31   Thumb Code   168  lv_obj.o(i.lv_event_send_func)
    lv_font_get_glyph_bitmap                 0x00006ff1   Thumb Code    16  lv_font.o(i.lv_font_get_glyph_bitmap)
    lv_font_get_glyph_dsc                    0x00007001   Thumb Code    30  lv_font.o(i.lv_font_get_glyph_dsc)
    lv_font_get_glyph_width                  0x0000701f   Thumb Code    38  lv_font.o(i.lv_font_get_glyph_width)
    lv_group_add_obj                         0x00007051   Thumb Code   122  lv_group.o(i.lv_group_add_obj)
    lv_group_focus_next                      0x000070dd   Thumb Code    16  lv_group.o(i.lv_group_focus_next)
    lv_group_focus_prev                      0x000070f5   Thumb Code    16  lv_group.o(i.lv_group_focus_prev)
    lv_group_get_editing                     0x0000710d   Thumb Code    18  lv_group.o(i.lv_group_get_editing)
    lv_group_get_focused                     0x0000711f   Thumb Code    22  lv_group.o(i.lv_group_get_focused)
    lv_group_mod_style                       0x00007135   Thumb Code    62  lv_group.o(i.lv_group_mod_style)
    lv_group_remove_obj                      0x000071b9   Thumb Code   136  lv_group.o(i.lv_group_remove_obj)
    lv_img_cache_open                        0x00007241   Thumb Code   356  lv_img_cache.o(i.lv_img_cache_open)
    lv_img_color_format_has_alpha            0x000073b1   Thumb Code    58  lv_draw_img.o(i.lv_img_color_format_has_alpha)
    lv_img_color_format_is_chroma_keyed      0x000073eb   Thumb Code    44  lv_draw_img.o(i.lv_img_color_format_is_chroma_keyed)
    lv_img_create                            0x00007419   Thumb Code   270  lv_img.o(i.lv_img_create)
    lv_img_decoder_close                     0x00007549   Thumb Code    40  lv_img_decoder.o(i.lv_img_decoder_close)
    lv_img_decoder_get_info                  0x00007571   Thumb Code    74  lv_img_decoder.o(i.lv_img_decoder_get_info)
    lv_img_decoder_open                      0x000075c1   Thumb Code   164  lv_img_decoder.o(i.lv_img_decoder_open)
    lv_img_decoder_read_line                 0x00007669   Thumb Code    52  lv_img_decoder.o(i.lv_img_decoder_read_line)
    lv_img_get_auto_size                     0x000079bd   Thumb Code    42  lv_img.o(i.lv_img_get_auto_size)
    lv_img_set_src                           0x000079f9   Thumb Code   384  lv_img.o(i.lv_img_set_src)
    lv_img_src_get_type                      0x00007c25   Thumb Code    42  lv_draw_img.o(i.lv_img_src_get_type)
    lv_indev_get_act                         0x00007c51   Thumb Code     6  lv_indev.o(i.lv_indev_get_act)
    lv_indev_get_next                        0x00007c5d   Thumb Code    24  lv_hal_indev.o(i.lv_indev_get_next)
    lv_indev_get_obj_act                     0x00007c79   Thumb Code     6  lv_indev.o(i.lv_indev_get_obj_act)
    lv_indev_get_point                       0x00007c85   Thumb Code    32  lv_indev.o(i.lv_indev_get_point)
    lv_indev_get_type                        0x00007ca5   Thumb Code    12  lv_indev.o(i.lv_indev_get_type)
    lv_indev_get_vect                        0x00007cb1   Thumb Code    42  lv_indev.o(i.lv_indev_get_vect)
    lv_indev_is_dragging                     0x00007cdb   Thumb Code    34  lv_indev.o(i.lv_indev_is_dragging)
    lv_indev_reset                           0x00007cfd   Thumb Code    62  lv_indev.o(i.lv_indev_reset)
    lv_inv_area                              0x00007d3b   Thumb Code   222  lv_refr.o(i.lv_inv_area)
    lv_label_create                          0x00007e19   Thumb Code   496  lv_label.o(i.lv_label_create)
    lv_label_get_align                       0x000082b9   Thumb Code    50  lv_label.o(i.lv_label_get_align)
    lv_label_get_body_draw                   0x000082fd   Thumb Code    42  lv_label.o(i.lv_label_get_body_draw)
    lv_label_get_letter_on                   0x00008355   Thumb Code   546  lv_label.o(i.lv_label_get_letter_on)
    lv_label_get_letter_pos                  0x00008595   Thumb Code   474  lv_label.o(i.lv_label_get_letter_pos)
    lv_label_get_long_mode                   0x00008785   Thumb Code    42  lv_label.o(i.lv_label_get_long_mode)
    lv_label_get_recolor                     0x000087c1   Thumb Code    42  lv_label.o(i.lv_label_get_recolor)
    lv_label_get_text                        0x000087fd   Thumb Code    38  lv_label.o(i.lv_label_get_text)
    lv_label_get_text_sel_end                0x00008835   Thumb Code    32  lv_label.o(i.lv_label_get_text_sel_end)
    lv_label_get_text_sel_start              0x00008865   Thumb Code    32  lv_label.o(i.lv_label_get_text_sel_start)
    lv_label_ins_text                        0x00008895   Thumb Code   180  lv_label.o(i.lv_label_ins_text)
    lv_label_set_align                       0x00008e21   Thumb Code    66  lv_label.o(i.lv_label_set_align)
    lv_label_set_body_draw                   0x00008e75   Thumb Code    72  lv_label.o(i.lv_label_set_body_draw)
    lv_label_set_long_mode                   0x00008f2d   Thumb Code   150  lv_label.o(i.lv_label_set_long_mode)
    lv_label_set_recolor                     0x00009015   Thumb Code    66  lv_label.o(i.lv_label_set_recolor)
    lv_label_set_static_text                 0x00009069   Thumb Code   102  lv_label.o(i.lv_label_set_static_text)
    lv_label_set_text                        0x000090e1   Thumb Code   228  lv_label.o(i.lv_label_set_text)
    lv_ll_chg_list                           0x0000933d   Thumb Code   112  lv_ll.o(i.lv_ll_chg_list)
    lv_ll_get_head                           0x000093ad   Thumb Code    10  lv_ll.o(i.lv_ll_get_head)
    lv_ll_get_next                           0x000093b7   Thumb Code    22  lv_ll.o(i.lv_ll_get_next)
    lv_ll_get_prev                           0x000093cd   Thumb Code    20  lv_ll.o(i.lv_ll_get_prev)
    lv_ll_get_tail                           0x000093e1   Thumb Code    10  lv_ll.o(i.lv_ll_get_tail)
    lv_ll_init                               0x000093eb   Thumb Code    22  lv_ll.o(i.lv_ll_init)
    lv_ll_ins_head                           0x00009401   Thumb Code    64  lv_ll.o(i.lv_ll_ins_head)
    lv_ll_ins_tail                           0x00009441   Thumb Code    70  lv_ll.o(i.lv_ll_ins_tail)
    lv_ll_is_empty                           0x00009487   Thumb Code    24  lv_ll.o(i.lv_ll_is_empty)
    lv_ll_rem                                0x0000949f   Thumb Code   138  lv_ll.o(i.lv_ll_rem)
    lv_mem_alloc                             0x00009529   Thumb Code    58  lv_mem.o(i.lv_mem_alloc)
    lv_mem_free                              0x00009569   Thumb Code    88  lv_mem.o(i.lv_mem_free)
    lv_mem_get_size                          0x000095c5   Thumb Code    26  lv_mem.o(i.lv_mem_get_size)
    lv_mem_realloc                           0x000095e5   Thumb Code   108  lv_mem.o(i.lv_mem_realloc)
    lv_obj_align                             0x00009651   Thumb Code   992  lv_obj.o(i.lv_obj_align)
    lv_obj_align_origo                       0x00009a41   Thumb Code   804  lv_obj.o(i.lv_obj_align_origo)
    lv_obj_allocate_ext_attr                 0x00009d75   Thumb Code    42  lv_obj.o(i.lv_obj_allocate_ext_attr)
    lv_obj_clear_protect                     0x00009db1   Thumb Code    44  lv_obj.o(i.lv_obj_clear_protect)
    lv_obj_create                            0x00009ded   Thumb Code   856  lv_obj.o(i.lv_obj_create)
    lv_obj_del                               0x0000a175   Thumb Code   260  lv_obj.o(i.lv_obj_del)
    lv_obj_get_auto_realign                  0x0000a351   Thumb Code    36  lv_obj.o(i.lv_obj_get_auto_realign)
    lv_obj_get_base_dir                      0x0000a385   Thumb Code     6  lv_obj.o(i.lv_obj_get_base_dir)
    lv_obj_get_child                         0x0000a38d   Thumb Code    56  lv_obj.o(i.lv_obj_get_child)
    lv_obj_get_coords                        0x0000a3d5   Thumb Code    40  lv_obj.o(i.lv_obj_get_coords)
    lv_obj_get_design_cb                     0x0000a40d   Thumb Code    30  lv_obj.o(i.lv_obj_get_design_cb)
    lv_obj_get_disp                          0x0000a43d   Thumb Code   110  lv_obj.o(i.lv_obj_get_disp)
    lv_obj_get_ext_attr                      0x0000a4c1   Thumb Code    30  lv_obj.o(i.lv_obj_get_ext_attr)
    lv_obj_get_group                         0x0000a4f1   Thumb Code    30  lv_obj.o(i.lv_obj_get_group)
    lv_obj_get_height                        0x0000a521   Thumb Code    40  lv_obj.o(i.lv_obj_get_height)
    lv_obj_get_hidden                        0x0000a559   Thumb Code    36  lv_obj.o(i.lv_obj_get_hidden)
    lv_obj_get_opa_scale                     0x0000a58d   Thumb Code    62  lv_obj.o(i.lv_obj_get_opa_scale)
    lv_obj_get_parent                        0x0000a5dd   Thumb Code    30  lv_obj.o(i.lv_obj_get_parent)
    lv_obj_get_screen                        0x0000a60d   Thumb Code    48  lv_obj.o(i.lv_obj_get_screen)
    lv_obj_get_signal_cb                     0x0000a64d   Thumb Code    30  lv_obj.o(i.lv_obj_get_signal_cb)
    lv_obj_get_style                         0x0000a67d   Thumb Code   130  lv_obj.o(i.lv_obj_get_style)
    lv_obj_get_width                         0x0000a715   Thumb Code    40  lv_obj.o(i.lv_obj_get_width)
    lv_obj_get_width_fit                     0x0000a74d   Thumb Code    54  lv_obj.o(i.lv_obj_get_width_fit)
    lv_obj_get_x                             0x0000a795   Thumb Code    54  lv_obj.o(i.lv_obj_get_x)
    lv_obj_get_y                             0x0000a7dd   Thumb Code    54  lv_obj.o(i.lv_obj_get_y)
    lv_obj_handle_get_type_signal            0x0000a825   Thumb Code    34  lv_obj.o(i.lv_obj_handle_get_type_signal)
    lv_obj_invalidate                        0x0000a849   Thumb Code   228  lv_obj.o(i.lv_obj_invalidate)
    lv_obj_is_focused                        0x0000a93d   Thumb Code    48  lv_obj.o(i.lv_obj_is_focused)
    lv_obj_is_protected                      0x0000a97d   Thumb Code    44  lv_obj.o(i.lv_obj_is_protected)
    lv_obj_move_foreground                   0x0000a9b9   Thumb Code    84  lv_obj.o(i.lv_obj_move_foreground)
    lv_obj_realign                           0x0000aa1d   Thumb Code    84  lv_obj.o(i.lv_obj_realign)
    lv_obj_refresh_ext_draw_pad              0x0000aa81   Thumb Code    48  lv_obj.o(i.lv_obj_refresh_ext_draw_pad)
    lv_obj_refresh_style                     0x0000aac1   Thumb Code    50  lv_obj.o(i.lv_obj_refresh_style)
    lv_obj_set_click                         0x0000ab05   Thumb Code    46  lv_obj.o(i.lv_obj_set_click)
    lv_obj_set_design_cb                     0x0000ab45   Thumb Code    32  lv_obj.o(i.lv_obj_set_design_cb)
    lv_obj_set_drag                          0x0000ab75   Thumb Code    58  lv_obj.o(i.lv_obj_set_drag)
    lv_obj_set_drag_throw                    0x0000abc1   Thumb Code    46  lv_obj.o(i.lv_obj_set_drag_throw)
    lv_obj_set_event_cb                      0x0000ac01   Thumb Code    32  lv_obj.o(i.lv_obj_set_event_cb)
    lv_obj_set_height                        0x0000ac31   Thumb Code    48  lv_obj.o(i.lv_obj_set_height)
    lv_obj_set_hidden                        0x0000ac71   Thumb Code    90  lv_obj.o(i.lv_obj_set_hidden)
    lv_obj_set_parent                        0x0000acdd   Thumb Code   148  lv_obj.o(i.lv_obj_set_parent)
    lv_obj_set_pos                           0x0000ad81   Thumb Code   184  lv_obj.o(i.lv_obj_set_pos)
    lv_obj_set_protect                       0x0000ae49   Thumb Code    40  lv_obj.o(i.lv_obj_set_protect)
    lv_obj_set_signal_cb                     0x0000ae81   Thumb Code    32  lv_obj.o(i.lv_obj_set_signal_cb)
    lv_obj_set_size                          0x0000aeb1   Thumb Code   202  lv_obj.o(i.lv_obj_set_size)
    lv_obj_set_style                         0x0000af8d   Thumb Code    66  lv_obj.o(i.lv_obj_set_style)
    lv_obj_set_width                         0x0000aff1   Thumb Code    48  lv_obj.o(i.lv_obj_set_width)
    lv_obj_set_x                             0x0000b031   Thumb Code    48  lv_obj.o(i.lv_obj_set_x)
    lv_obj_set_y                             0x0000b071   Thumb Code    48  lv_obj.o(i.lv_obj_set_y)
    lv_page_create                           0x0000b115   Thumb Code   586  lv_page.o(i.lv_page_create)
    lv_page_get_edge_flash                   0x0000b66d   Thumb Code    44  lv_page.o(i.lv_page_get_edge_flash)
    lv_page_get_fit_width                    0x0000b6a9   Thumb Code    74  lv_page.o(i.lv_page_get_fit_width)
    lv_page_get_scrl                         0x0000b705   Thumb Code    38  lv_page.o(i.lv_page_get_scrl)
    lv_page_get_style                        0x0000b751   Thumb Code    96  lv_page.o(i.lv_page_get_style)
    lv_page_scroll_hor                       0x0000bbd1   Thumb Code   100  lv_page.o(i.lv_page_scroll_hor)
    lv_page_scroll_ver                       0x0000bc3d   Thumb Code   100  lv_page.o(i.lv_page_scroll_ver)
    lv_page_set_edge_flash                   0x0000c1c5   Thumb Code    50  lv_page.o(i.lv_page_set_edge_flash)
    lv_page_set_sb_mode                      0x0000c209   Thumb Code   146  lv_page.o(i.lv_page_set_sb_mode)
    lv_page_set_style                        0x0000c2d1   Thumb Code   136  lv_page.o(i.lv_page_set_style)
    lv_page_start_edge_flash                 0x0000c69d   Thumb Code   112  lv_page.o(i.lv_page_start_edge_flash)
    lv_refr_get_disp_refreshing              0x0000c719   Thumb Code     6  lv_refr.o(i.lv_refr_get_disp_refreshing)
    lv_style_copy                            0x0000c7dd   Thumb Code    18  lv_style.o(i.lv_style_copy)
    lv_ta_add_char                           0x0000c7f1   Thumb Code   400  lv_ta.o(i.lv_ta_add_char)
    lv_ta_add_text                           0x0000c9b5   Thumb Code   454  lv_ta.o(i.lv_ta_add_text)
    lv_ta_clear_selection                    0x0000cbb9   Thumb Code    28  lv_ta.o(i.lv_ta_clear_selection)
    lv_ta_create                             0x0000cbe5   Thumb Code   772  lv_ta.o(i.lv_ta_create)
    lv_ta_cursor_down                        0x0000cf35   Thumb Code   146  lv_ta.o(i.lv_ta_cursor_down)
    lv_ta_cursor_left                        0x0000cfd9   Thumb Code    52  lv_ta.o(i.lv_ta_cursor_left)
    lv_ta_cursor_right                       0x0000d01d   Thumb Code    48  lv_ta.o(i.lv_ta_cursor_right)
    lv_ta_cursor_up                          0x0000d05d   Thumb Code   130  lv_ta.o(i.lv_ta_cursor_up)
    lv_ta_del_char                           0x0000d0f1   Thumb Code   310  lv_ta.o(i.lv_ta_del_char)
    lv_ta_del_char_forward                   0x0000d259   Thumb Code    62  lv_ta.o(i.lv_ta_del_char_forward)
    lv_ta_get_accepted_chars                 0x0000d2ed   Thumb Code    38  lv_ta.o(i.lv_ta_get_accepted_chars)
    lv_ta_get_cursor_pos                     0x0000d325   Thumb Code    40  lv_ta.o(i.lv_ta_get_cursor_pos)
    lv_ta_get_cursor_type                    0x0000d35d   Thumb Code    44  lv_ta.o(i.lv_ta_get_cursor_type)
    lv_ta_get_label                          0x0000d3a5   Thumb Code    38  lv_ta.o(i.lv_ta_get_label)
    lv_ta_get_max_length                     0x0000d3dd   Thumb Code    40  lv_ta.o(i.lv_ta_get_max_length)
    lv_ta_get_style                          0x0000d415   Thumb Code   124  lv_ta.o(i.lv_ta_get_style)
    lv_ta_get_text                           0x0000d4a1   Thumb Code    60  lv_ta.o(i.lv_ta_get_text)
    lv_ta_set_cursor_pos                     0x0000d7b1   Thumb Code   454  lv_ta.o(i.lv_ta_set_cursor_pos)
    lv_ta_set_cursor_type                    0x0000d995   Thumb Code    72  lv_ta.o(i.lv_ta_set_cursor_type)
    lv_ta_set_one_line                       0x0000d9fd   Thumb Code   290  lv_ta.o(i.lv_ta_set_one_line)
    lv_ta_set_placeholder_text               0x0000db31   Thumb Code   136  lv_ta.o(i.lv_ta_set_placeholder_text)
    lv_ta_set_style                          0x0000dbc9   Thumb Code   140  lv_ta.o(i.lv_ta_set_style)
    lv_ta_set_text                           0x0000dc65   Thumb Code   380  lv_ta.o(i.lv_ta_set_text)
    lv_ta_set_text_align                     0x0000de15   Thumb Code   186  lv_ta.o(i.lv_ta_set_text_align)
    lv_theme_get_current                     0x0000e1cd   Thumb Code     6  lv_theme.o(i.lv_theme_get_current)
    lv_tick_elaps                            0x0000e1d9   Thumb Code    26  lv_hal_tick.o(i.lv_tick_elaps)
    lv_tick_get                              0x0000e1f5   Thumb Code    22  lv_hal_tick.o(i.lv_tick_get)
    lv_tick_inc                              0x0000e215   Thumb Code    18  lv_hal_tick.o(i.lv_tick_inc)
    lv_txt_cut                               0x0000e231   Thumb Code    66  lv_txt.o(i.lv_txt_cut)
    lv_txt_get_next_line                     0x0000e279   Thumb Code   182  lv_txt.o(i.lv_txt_get_next_line)
    lv_txt_get_size                          0x0000e4d1   Thumb Code   204  lv_txt.o(i.lv_txt_get_size)
    lv_txt_get_width                         0x0000e59d   Thumb Code   140  lv_txt.o(i.lv_txt_get_width)
    lv_txt_ins                               0x0000e62d   Thumb Code    74  lv_txt.o(i.lv_txt_ins)
    lv_txt_is_cmd                            0x0000e67d   Thumb Code    66  lv_txt.o(i.lv_txt_is_cmd)
    main                                     0x0000ea15   Thumb Code    34  main.o(i.main)
    mainDelete                               0x0000ea85   Thumb Code    36  main.o(i.mainDelete)
    mainDisplay                              0x0000eab9   Thumb Code    54  main.o(i.mainDisplay)
    textBusyDelete                           0x0000f265   Thumb Code    12  main.o(i.textBusyDelete)
    textBusyDisplay                          0x0000f275   Thumb Code    38  main.o(i.textBusyDisplay)
    textDelete                               0x0000f2a9   Thumb Code    28  main.o(i.textDelete)
    textDisplay                              0x0000f2d1   Thumb Code    40  main.o(i.textDisplay)
    Longhorn_map                             0x0000f3e4   Data       33282  main.o(.constdata)
    Longhorn                                 0x000175e8   Data          12  main.o(.constdata)
    Call_icon_map                            0x000175f4   Data       16562  main.o(.constdata)
    Call_icon                                0x0001b6a8   Data          12  main.o(.constdata)
    Text_icon_map                            0x0001b6b4   Data       16562  main.o(.constdata)
    Text_icon                                0x0001f768   Data          12  main.o(.constdata)
    ScanTab                                  0x0001f7ac   Data          40  matrix.o(.constdata)
    Region$$Table$$Base                      0x0001f81c   Number         0  anon$$obj.o(Region$$Table)
    Region$$Table$$Limit                     0x0001f83c   Number         0  anon$$obj.o(Region$$Table)
    curScreen                                0x20000000   Data           1  main.o(.data)
    nextScreen                               0x20000001   Data           1  main.o(.data)
    stat                                     0x20000004   Data           4  main.o(.data)
    i                                        0x20000008   Data           4  main.o(.data)
    updateClock                              0x2000000c   Data           4  main.o(.data)
    full_time                                0x20000010   Data           4  main.o(.data)
    full_date                                0x20000014   Data           4  main.o(.data)
    displayStr                               0x20000018   Data           4  main.o(.data)
    chooseBox                                0x2000001c   Data           4  main.o(.data)
    phoneNumber                              0x20000020   Data           4  main.o(.data)
    textMessageString                        0x20000024   Data           4  main.o(.data)
    callTextBusy                             0x20000028   Data           4  main.o(.data)
    phoneLabel                               0x2000002c   Data           4  main.o(.data)
    textLabel                                0x20000030   Data           4  main.o(.data)
    callTextBtn                              0x20000034   Data           4  main.o(.data)
    call_btn                                 0x20000038   Data           4  main.o(.data)
    text_btn                                 0x2000003c   Data           4  main.o(.data)
    time_field                               0x20000040   Data           4  main.o(.data)
    mainText                                 0x20000044   Data           4  main.o(.data)
    phoneTextArea                            0x20000048   Data           4  main.o(.data)
    textMessageArea                          0x2000004c   Data           4  main.o(.data)
    main_fn_text                             0x20000050   Data           4  main.o(.data)
    renderScreen                             0x20000054   Data          20  main.o(.data)
    deleteScreen                             0x20000068   Data          20  main.o(.data)
    isDisplayed                              0x20000080   Data           4  ui_components.o(.data)
    time_label                               0x20000084   Data           4  ui_components.o(.data)
    Counts                                   0x20000088   Data           4  matrix.o(.data)
    MatrixPutI                               0x2000008c   Data           4  matrix.o(.data)
    MatrixGetI                               0x20000090   Data           4  matrix.o(.data)
    HeartBeat                                0x20000094   Data           4  matrix.o(.data)
    numSchema                                0x20000099   Data         110  matrix.o(.data)
    curIndex                                 0x20000108   Data           4  matrix.o(.data)
    prevInput                                0x2000010c   Data           4  matrix.o(.data)
    RxPutI                                   0x20000114   Data           4  uart_putty.o(.data)
    RxGetI                                   0x20000118   Data           4  uart_putty.o(.data)
    TxPutI                                   0x2000011c   Data           4  uart_putty.o(.data)
    TxGetI                                   0x20000120   Data           4  uart_putty.o(.data)
    _lv_img_cache_array                      0x2000017c   Data           4  lv_gc.o(.data)
    _lv_task_act                             0x20000180   Data           4  lv_gc.o(.data)
    _lv_draw_buf                             0x20000184   Data           4  lv_gc.o(.data)
    lv_txt_encoded_size                      0x20000190   Data           4  lv_txt.o(.data)
    lv_txt_unicode_to_encoded                0x20000194   Data           4  lv_txt.o(.data)
    lv_txt_encoded_conv_wc                   0x20000198   Data           4  lv_txt.o(.data)
    lv_txt_encoded_next                      0x2000019c   Data           4  lv_txt.o(.data)
    lv_txt_encoded_prev                      0x200001a0   Data           4  lv_txt.o(.data)
    lv_txt_encoded_get_byte_id               0x200001a4   Data           4  lv_txt.o(.data)
    lv_txt_encoded_get_char_id               0x200001a8   Data           4  lv_txt.o(.data)
    lv_txt_get_encoded_length                0x200001ac   Data           4  lv_txt.o(.data)
    lv_style_scr                             0x200002b4   Data          64  lv_style.o(.bss)
    lv_style_transp                          0x200002f4   Data          64  lv_style.o(.bss)
    lv_style_transp_fit                      0x20000334   Data          64  lv_style.o(.bss)
    lv_style_transp_tight                    0x20000374   Data          64  lv_style.o(.bss)
    lv_style_plain                           0x200003b4   Data          64  lv_style.o(.bss)
    lv_style_plain_color                     0x200003f4   Data          64  lv_style.o(.bss)
    lv_style_pretty                          0x20000434   Data          64  lv_style.o(.bss)
    lv_style_pretty_color                    0x20000474   Data          64  lv_style.o(.bss)
    lv_style_btn_rel                         0x200004b4   Data          64  lv_style.o(.bss)
    lv_style_btn_pr                          0x200004f4   Data          64  lv_style.o(.bss)
    lv_style_btn_tgl_rel                     0x20000534   Data          64  lv_style.o(.bss)
    lv_style_btn_tgl_pr                      0x20000574   Data          64  lv_style.o(.bss)
    lv_style_btn_ina                         0x200005b4   Data          64  lv_style.o(.bss)
    _lv_task_ll                              0x200007d4   Data          12  lv_gc.o(.bss)
    _lv_disp_ll                              0x200007e0   Data          12  lv_gc.o(.bss)
    _lv_indev_ll                             0x200007ec   Data          12  lv_gc.o(.bss)
    _lv_drv_ll                               0x200007f8   Data          12  lv_gc.o(.bss)
    _lv_file_ll                              0x20000804   Data          12  lv_gc.o(.bss)
    _lv_anim_ll                              0x20000810   Data          12  lv_gc.o(.bss)
    _lv_group_ll                             0x2000081c   Data          12  lv_gc.o(.bss)
    _lv_img_defoder_ll                       0x20000828   Data          12  lv_gc.o(.bss)
    __libspace_start                         0x20000834   Data          96  libspace.o(.bss)
    __temporary_stack_top$libspace           0x20000894   Data           0  libspace.o(.bss)



==============================================================================

Memory Map of the image

  Image Entry point : 0x0000026d

  Load Region LR_1 (Base: 0x00000000, Size: 0x0001fa20, Max: 0xffffffff, ABSOLUTE, COMPRESSED[0x0001f8f8])

    Execution Region ER_RO (Exec base: 0x00000000, Load base: 0x00000000, Size: 0x0001f83c, Max: 0xffffffff, ABSOLUTE)

    Exec Addr    Load Addr    Size         Type   Attr      Idx    E Section Name        Object

    0x00000000   0x00000000   0x00000284   Code   RO            3  * RESET               startup.o
    0x00000284   0x00000284   0x00000008   Code   RO        11983  * !!!main             c_w.l(__main.o)
    0x0000028c   0x0000028c   0x00000034   Code   RO        12191    !!!scatter          c_w.l(__scatter.o)
    0x000002c0   0x000002c0   0x0000003a   Code   RO        12189    !!dczerorl          c_w.l(__dczerorl.o)
    0x000002fa   0x000002fa   0x00000002   PAD
    0x000002fc   0x000002fc   0x0000001c   Code   RO        12193    !!handler_zi        c_w.l(__scatter_zi.o)
    0x00000318   0x00000318   0x00000002   Code   RO        12059    .ARM.Collect$$libinit$$00000000  c_w.l(libinit.o)
    0x0000031a   0x0000031a   0x00000000   Code   RO        12072    .ARM.Collect$$libinit$$00000002  c_w.l(libinit2.o)
    0x0000031a   0x0000031a   0x00000000   Code   RO        12074    .ARM.Collect$$libinit$$00000004  c_w.l(libinit2.o)
    0x0000031a   0x0000031a   0x00000000   Code   RO        12077    .ARM.Collect$$libinit$$0000000A  c_w.l(libinit2.o)
    0x0000031a   0x0000031a   0x00000000   Code   RO        12079    .ARM.Collect$$libinit$$0000000C  c_w.l(libinit2.o)
    0x0000031a   0x0000031a   0x00000000   Code   RO        12081    .ARM.Collect$$libinit$$0000000E  c_w.l(libinit2.o)
    0x0000031a   0x0000031a   0x00000000   Code   RO        12084    .ARM.Collect$$libinit$$00000011  c_w.l(libinit2.o)
    0x0000031a   0x0000031a   0x00000000   Code   RO        12086    .ARM.Collect$$libinit$$00000013  c_w.l(libinit2.o)
    0x0000031a   0x0000031a   0x00000000   Code   RO        12088    .ARM.Collect$$libinit$$00000015  c_w.l(libinit2.o)
    0x0000031a   0x0000031a   0x00000000   Code   RO        12090    .ARM.Collect$$libinit$$00000017  c_w.l(libinit2.o)
    0x0000031a   0x0000031a   0x00000000   Code   RO        12092    .ARM.Collect$$libinit$$00000019  c_w.l(libinit2.o)
    0x0000031a   0x0000031a   0x00000000   Code   RO        12094    .ARM.Collect$$libinit$$0000001B  c_w.l(libinit2.o)
    0x0000031a   0x0000031a   0x00000000   Code   RO        12096    .ARM.Collect$$libinit$$0000001D  c_w.l(libinit2.o)
    0x0000031a   0x0000031a   0x00000000   Code   RO        12098    .ARM.Collect$$libinit$$0000001F  c_w.l(libinit2.o)
    0x0000031a   0x0000031a   0x00000000   Code   RO        12100    .ARM.Collect$$libinit$$00000021  c_w.l(libinit2.o)
    0x0000031a   0x0000031a   0x00000000   Code   RO        12102    .ARM.Collect$$libinit$$00000023  c_w.l(libinit2.o)
    0x0000031a   0x0000031a   0x00000000   Code   RO        12104    .ARM.Collect$$libinit$$00000025  c_w.l(libinit2.o)
    0x0000031a   0x0000031a   0x00000000   Code   RO        12108    .ARM.Collect$$libinit$$0000002C  c_w.l(libinit2.o)
    0x0000031a   0x0000031a   0x00000000   Code   RO        12110    .ARM.Collect$$libinit$$0000002E  c_w.l(libinit2.o)
    0x0000031a   0x0000031a   0x00000000   Code   RO        12112    .ARM.Collect$$libinit$$00000030  c_w.l(libinit2.o)
    0x0000031a   0x0000031a   0x00000000   Code   RO        12114    .ARM.Collect$$libinit$$00000032  c_w.l(libinit2.o)
    0x0000031a   0x0000031a   0x00000002   Code   RO        12115    .ARM.Collect$$libinit$$00000033  c_w.l(libinit2.o)
    0x0000031c   0x0000031c   0x00000002   Code   RO        12146    .ARM.Collect$$libshutdown$$00000000  c_w.l(libshutdown.o)
    0x0000031e   0x0000031e   0x00000000   Code   RO        12172    .ARM.Collect$$libshutdown$$00000002  c_w.l(libshutdown2.o)
    0x0000031e   0x0000031e   0x00000000   Code   RO        12174    .ARM.Collect$$libshutdown$$00000004  c_w.l(libshutdown2.o)
    0x0000031e   0x0000031e   0x00000000   Code   RO        12177    .ARM.Collect$$libshutdown$$00000007  c_w.l(libshutdown2.o)
    0x0000031e   0x0000031e   0x00000000   Code   RO        12180    .ARM.Collect$$libshutdown$$0000000A  c_w.l(libshutdown2.o)
    0x0000031e   0x0000031e   0x00000000   Code   RO        12182    .ARM.Collect$$libshutdown$$0000000C  c_w.l(libshutdown2.o)
    0x0000031e   0x0000031e   0x00000000   Code   RO        12185    .ARM.Collect$$libshutdown$$0000000F  c_w.l(libshutdown2.o)
    0x0000031e   0x0000031e   0x00000002   Code   RO        12186    .ARM.Collect$$libshutdown$$00000010  c_w.l(libshutdown2.o)
    0x00000320   0x00000320   0x00000000   Code   RO        12017    .ARM.Collect$$rtentry$$00000000  c_w.l(__rtentry.o)
    0x00000320   0x00000320   0x00000000   Code   RO        12030    .ARM.Collect$$rtentry$$00000002  c_w.l(__rtentry2.o)
    0x00000320   0x00000320   0x00000006   Code   RO        12042    .ARM.Collect$$rtentry$$00000004  c_w.l(__rtentry4.o)
    0x00000326   0x00000326   0x00000000   Code   RO        12032    .ARM.Collect$$rtentry$$00000009  c_w.l(__rtentry2.o)
    0x00000326   0x00000326   0x00000004   Code   RO        12033    .ARM.Collect$$rtentry$$0000000A  c_w.l(__rtentry2.o)
    0x0000032a   0x0000032a   0x00000000   Code   RO        12035    .ARM.Collect$$rtentry$$0000000C  c_w.l(__rtentry2.o)
    0x0000032a   0x0000032a   0x00000008   Code   RO        12036    .ARM.Collect$$rtentry$$0000000D  c_w.l(__rtentry2.o)
    0x00000332   0x00000332   0x00000002   Code   RO        12063    .ARM.Collect$$rtexit$$00000000  c_w.l(rtexit.o)
    0x00000334   0x00000334   0x00000000   Code   RO        12119    .ARM.Collect$$rtexit$$00000002  c_w.l(rtexit2.o)
    0x00000334   0x00000334   0x00000004   Code   RO        12120    .ARM.Collect$$rtexit$$00000003  c_w.l(rtexit2.o)
    0x00000338   0x00000338   0x00000006   Code   RO        12121    .ARM.Collect$$rtexit$$00000004  c_w.l(rtexit2.o)
    0x0000033e   0x0000033e   0x00000002   PAD
    0x00000340   0x00000340   0x00000030   Code   RO            4    .text               startup.o
    0x00000370   0x00000370   0x00000048   Code   RO        11963    .text               c_w.l(strcpy.o)
    0x000003b8   0x000003b8   0x0000003e   Code   RO        11965    .text               c_w.l(strlen.o)
    0x000003f6   0x000003f6   0x00000018   Code   RO        11967    .text               c_w.l(strcat.o)
    0x0000040e   0x0000040e   0x0000008a   Code   RO        11969    .text               c_w.l(rt_memcpy_v6.o)
    0x00000498   0x00000498   0x00000064   Code   RO        11971    .text               c_w.l(rt_memcpy_w.o)
    0x000004fc   0x000004fc   0x00000044   Code   RO        11973    .text               c_w.l(rt_memclr.o)
    0x00000540   0x00000540   0x0000004e   Code   RO        11975    .text               c_w.l(rt_memclr_w.o)
    0x0000058e   0x0000058e   0x00000002   PAD
    0x00000590   0x00000590   0x00000080   Code   RO        11979    .text               c_w.l(strcmpv7m.o)
    0x00000610   0x00000610   0x00000006   Code   RO        11981    .text               c_w.l(heapauxi.o)
    0x00000616   0x00000616   0x0000004a   Code   RO        12046    .text               c_w.l(sys_stackheap_outer.o)
    0x00000660   0x00000660   0x00000012   Code   RO        12048    .text               c_w.l(exit.o)
    0x00000672   0x00000672   0x00000002   PAD
    0x00000674   0x00000674   0x00000008   Code   RO        12060    .text               c_w.l(libspace.o)
    0x0000067c   0x0000067c   0x0000000c   Code   RO        12116    .text               c_w.l(sys_exit.o)
    0x00000688   0x00000688   0x00000002   Code   RO        12135    .text               c_w.l(use_no_semi.o)
    0x0000068a   0x0000068a   0x00000000   Code   RO        12137    .text               c_w.l(indicate_semi.o)
    0x0000068a   0x0000068a   0x00000002   PAD
    0x0000068c   0x0000068c   0x00000044   Code   RO         1469    i.Fifo_Get          fifo_custom.o
    0x000006d0   0x000006d0   0x00000014   Code   RO         1470    i.Fifo_Init         fifo_custom.o
    0x000006e4   0x000006e4   0x00000050   Code   RO         1471    i.Fifo_Put          fifo_custom.o
    0x00000734   0x00000734   0x0000003c   Code   RO         1252    i.MatrixFifo_Put    matrix.o
    0x00000770   0x00000770   0x0000006c   Code   RO         1255    i.MatrixKeypad_Scan  matrix.o
    0x000007dc   0x000007dc   0x0000007c   Code   RO          599    i.PLL_Init          pll.o
    0x00000858   0x00000858   0x00000024   Code   RO         1500    i.RxFifo_Init       uart_putty.o
    0x0000087c   0x0000087c   0x0000003c   Code   RO         1501    i.RxFifo_Put        uart_putty.o
    0x000008b8   0x000008b8   0x00000014   Code   RO         1502    i.RxFifo_Size       uart_putty.o
    0x000008cc   0x000008cc   0x000000b8   Code   RO         1335    i.SIM800H_Init      sim800h.o
    0x00000984   0x00000984   0x000000a4   Code   RO         1338    i.SIM800H_SendText  sim800h.o
    0x00000a28   0x00000a28   0x00000016   Code   RO         1433    i.SysTick_Init      systick.o
    0x00000a3e   0x00000a3e   0x0000001e   Code   RO         1434    i.SysTick_Wait      systick.o
    0x00000a5c   0x00000a5c   0x0000001c   Code   RO         1435    i.SysTick_Wait10ms  systick.o
    0x00000a78   0x00000a78   0x00000020   Code   RO          886    i.Timer0A_Handler   ui_components.o
    0x00000a98   0x00000a98   0x00000014   Code   RO           13    i.Timer1A_Handler   main.o
    0x00000aac   0x00000aac   0x0000004c   Code   RO         1258    i.Timer2A_Handler   matrix.o
    0x00000af8   0x00000af8   0x0000003c   Code   RO         1503    i.TxFifo_Get        uart_putty.o
    0x00000b34   0x00000b34   0x00000024   Code   RO         1504    i.TxFifo_Init       uart_putty.o
    0x00000b58   0x00000b58   0x0000003c   Code   RO         1505    i.TxFifo_Put        uart_putty.o
    0x00000b94   0x00000b94   0x00000014   Code   RO         1506    i.TxFifo_Size       uart_putty.o
    0x00000ba8   0x00000ba8   0x00000058   Code   RO         1507    i.UART0_Handler     uart_putty.o
    0x00000c00   0x00000c00   0x000000cc   Code   RO         1513    i.UART0_Init        uart_putty.o
    0x00000ccc   0x00000ccc   0x00000034   Code   RO         1514    i.UART0_OutChar     uart_putty.o
    0x00000d00   0x00000d00   0x00000016   Code   RO         1515    i.UART0_OutString   uart_putty.o
    0x00000d16   0x00000d16   0x00000002   PAD
    0x00000d18   0x00000d18   0x00000038   Code   RO          513    i.UART5_Handler     uart.o
    0x00000d50   0x00000d50   0x00000110   Code   RO          518    i.UART_Init         uart.o
    0x00000e60   0x00000e60   0x00000034   Code   RO          519    i.UART_OutChar      uart.o
    0x00000e94   0x00000e94   0x00000016   Code   RO          520    i.UART_OutString    uart.o
    0x00000eaa   0x00000eaa   0x0000004c   Code   RO         1341    i.WaitForOK         sim800h.o
    0x00000ef6   0x00000ef6   0x00000002   PAD
    0x00000ef8   0x00000ef8   0x00000054   Code   RO         3666    i.antialias_get_opa_circ  lv_draw_rect.o
    0x00000f4c   0x00000f4c   0x00000010   Code   RO           15    i.callBusyDelete    main.o
    0x00000f5c   0x00000f5c   0x00000034   Code   RO           16    i.callBusyDisplay   main.o
    0x00000f90   0x00000f90   0x0000001c   Code   RO           17    i.callDelete        main.o
    0x00000fac   0x00000fac   0x00000034   Code   RO           18    i.callDisplay       main.o
    0x00000fe0   0x00000fe0   0x00000074   Code   RO        10259    i.char_is_accepted  lv_ta.o
    0x00001054   0x00001054   0x00000028   Code   RO         1518    i.copyHardwareToSoftware  uart_putty.o
    0x0000107c   0x0000107c   0x0000002c   Code   RO          524    i.copySoftwareToHardware  uart.o
    0x000010a8   0x000010a8   0x0000002c   Code   RO         1519    i.copySoftwareToHardware  uart_putty.o
    0x000010d4   0x000010d4   0x00000088   Code   RO          887    i.createCallIcon    ui_components.o
    0x0000115c   0x0000115c   0x0000004c   Code   RO          888    i.createCallTextButton  ui_components.o
    0x000011a8   0x000011a8   0x00000038   Code   RO          889    i.createMainText    ui_components.o
    0x000011e0   0x000011e0   0x00000064   Code   RO          891    i.createPhoneTextArea  ui_components.o
    0x00001244   0x00001244   0x00000088   Code   RO          893    i.createTextIcon    ui_components.o
    0x000012cc   0x000012cc   0x00000060   Code   RO          895    i.createTextMessageArea  ui_components.o
    0x0000132c   0x0000132c   0x00000060   Code   RO          896    i.createTime        ui_components.o
    0x0000138c   0x0000138c   0x000000a2   Code   RO        10260    i.cursor_blink_anim  lv_ta.o
    0x0000142e   0x0000142e   0x000000c8   Code   RO         2327    i.delete_children   lv_obj.o
    0x000014f6   0x000014f6   0x00000018   Code   RO         9473    i.edge_flash_anim   lv_page.o
    0x0000150e   0x0000150e   0x0000003e   Code   RO         9474    i.edge_flash_anim_end  lv_page.o
    0x0000154c   0x0000154c   0x00000030   Code   RO         5772    i.ent_alloc         lv_mem.o
    0x0000157c   0x0000157c   0x00000030   Code   RO         5773    i.ent_get_next      lv_mem.o
    0x000015ac   0x000015ac   0x0000004c   Code   RO         5774    i.ent_trunc         lv_mem.o
    0x000015f8   0x000015f8   0x000000f6   Code   RO         1880    i.focus_next_core   lv_group.o
    0x000016ee   0x000016ee   0x0000006c   Code   RO        10261    i.get_cursor_style  lv_ta.o
    0x0000175a   0x0000175a   0x00000050   Code   RO         3573    i.hex_char_to_num   lv_draw_label.o
    0x000017aa   0x000017aa   0x00000002   PAD
    0x000017ac   0x000017ac   0x00000078   Code   RO         5006    i.lv_anim_create    lv_anim.o
    0x00001824   0x00001824   0x00000058   Code   RO         5007    i.lv_anim_del       lv_anim.o
    0x0000187c   0x0000187c   0x00000034   Code   RO         5013    i.lv_anim_path_linear  lv_anim.o
    0x000018b0   0x000018b0   0x00000018   Code   RO         5015    i.lv_anim_path_step  lv_anim.o
    0x000018c8   0x000018c8   0x00000030   Code   RO         5016    i.lv_anim_speed_to_time  lv_anim.o
    0x000018f8   0x000018f8   0x0000000a   Code   RO         2328    i.lv_area_copy      lv_obj.o
    0x00001902   0x00001902   0x0000000a   Code   RO         2986    i.lv_area_copy      lv_refr.o
    0x0000190c   0x0000190c   0x0000000a   Code   RO         3667    i.lv_area_copy      lv_draw_rect.o
    0x00001916   0x00001916   0x0000000a   Code   RO         7605    i.lv_area_copy      lv_cont.o
    0x00001920   0x00001920   0x0000000a   Code   RO         9475    i.lv_area_copy      lv_page.o
    0x0000192a   0x0000192a   0x0000000a   Code   RO        10262    i.lv_area_copy      lv_ta.o
    0x00001934   0x00001934   0x0000000e   Code   RO         3668    i.lv_area_get_height  lv_draw_rect.o
    0x00001942   0x00001942   0x0000000e   Code   RO         8580    i.lv_area_get_height  lv_label.o
    0x00001950   0x00001950   0x0000000e   Code   RO         9476    i.lv_area_get_height  lv_page.o
    0x0000195e   0x0000195e   0x0000000e   Code   RO        10263    i.lv_area_get_height  lv_ta.o
    0x0000196c   0x0000196c   0x0000000e   Code   RO         3360    i.lv_area_get_width  lv_draw_basic.o
    0x0000197a   0x0000197a   0x0000000e   Code   RO         3463    i.lv_area_get_width  lv_draw_img.o
    0x00001988   0x00001988   0x0000000e   Code   RO         3574    i.lv_area_get_width  lv_draw_label.o
    0x00001996   0x00001996   0x0000000e   Code   RO         3669    i.lv_area_get_width  lv_draw_rect.o
    0x000019a4   0x000019a4   0x0000000e   Code   RO         8581    i.lv_area_get_width  lv_label.o
    0x000019b2   0x000019b2   0x0000000e   Code   RO         9477    i.lv_area_get_width  lv_page.o
    0x000019c0   0x000019c0   0x0000000e   Code   RO        10264    i.lv_area_get_width  lv_ta.o
    0x000019ce   0x000019ce   0x00000082   Code   RO         5178    i.lv_area_intersect  lv_area.o
    0x00001a50   0x00001a50   0x0000003a   Code   RO         5179    i.lv_area_is_in     lv_area.o
    0x00001a8a   0x00001a8a   0x0000003a   Code   RO         5180    i.lv_area_is_on     lv_area.o
    0x00001ac4   0x00001ac4   0x0000000e   Code   RO         5183    i.lv_area_set       lv_area.o
    0x00001ad2   0x00001ad2   0x0000000c   Code   RO         5184    i.lv_area_set_height  lv_area.o
    0x00001ade   0x00001ade   0x0000003a   Code   RO         5185    i.lv_area_set_pos   lv_area.o
    0x00001b18   0x00001b18   0x0000000c   Code   RO         5186    i.lv_area_set_width  lv_area.o
    0x00001b24   0x00001b24   0x0000017c   Code   RO         6481    i.lv_btn_create     lv_btn.o
    0x00001ca0   0x00001ca0   0x00000038   Code   RO         6482    i.lv_btn_design     lv_btn.o
    0x00001cd8   0x00001cd8   0x0000003c   Code   RO         6488    i.lv_btn_get_toggle  lv_btn.o
    0x00001d14   0x00001d14   0x00000054   Code   RO         6492    i.lv_btn_set_state  lv_btn.o
    0x00001d68   0x00001d68   0x00000074   Code   RO         6493    i.lv_btn_set_style  lv_btn.o
    0x00001ddc   0x00001ddc   0x00000214   Code   RO         6495    i.lv_btn_signal     lv_btn.o
    0x00001ff0   0x00001ff0   0x00000016   Code   RO         5355    i.lv_circ_cont      lv_circ.o
    0x00002006   0x00002006   0x00000010   Code   RO         5356    i.lv_circ_init      lv_circ.o
    0x00002016   0x00002016   0x0000003c   Code   RO         5357    i.lv_circ_next      lv_circ.o
    0x00002052   0x00002052   0x00000080   Code   RO         3361    i.lv_color_mix      lv_draw_basic.o
    0x000020d2   0x000020d2   0x00000080   Code   RO         3670    i.lv_color_mix      lv_draw_rect.o
    0x00002152   0x00002152   0x00000002   PAD
    0x00002154   0x00002154   0x0000012c   Code   RO         7606    i.lv_cont_create    lv_cont.o
    0x00002280   0x00002280   0x0000003c   Code   RO         7608    i.lv_cont_get_fit_left  lv_cont.o
    0x000022bc   0x000022bc   0x00000038   Code   RO         7609    i.lv_cont_get_fit_right  lv_cont.o
    0x000022f4   0x000022f4   0x0000003c   Code   RO         7610    i.lv_cont_get_fit_top  lv_cont.o
    0x00002330   0x00002330   0x0000003c   Code   RO         7611    i.lv_cont_get_layout  lv_cont.o
    0x0000236c   0x0000236c   0x000000ec   Code   RO         7612    i.lv_cont_layout_center  lv_cont.o
    0x00002458   0x00002458   0x000000b6   Code   RO         7613    i.lv_cont_layout_col  lv_cont.o
    0x0000250e   0x0000250e   0x0000011a   Code   RO         7614    i.lv_cont_layout_grid  lv_cont.o
    0x00002628   0x00002628   0x00000244   Code   RO         7615    i.lv_cont_layout_pretty  lv_cont.o
    0x0000286c   0x0000286c   0x00000104   Code   RO         7616    i.lv_cont_layout_row  lv_cont.o
    0x00002970   0x00002970   0x0000036e   Code   RO         7617    i.lv_cont_refr_autofit  lv_cont.o
    0x00002cde   0x00002cde   0x0000006a   Code   RO         7618    i.lv_cont_refr_layout  lv_cont.o
    0x00002d48   0x00002d48   0x0000009c   Code   RO         7619    i.lv_cont_set_fit4  lv_cont.o
    0x00002de4   0x00002de4   0x00000058   Code   RO         7620    i.lv_cont_set_layout  lv_cont.o
    0x00002e3c   0x00002e3c   0x00000012   Code   RO         7621    i.lv_cont_set_style  lv_cont.o
    0x00002e4e   0x00002e4e   0x00000002   PAD
    0x00002e50   0x00002e50   0x000000a8   Code   RO         7622    i.lv_cont_signal    lv_cont.o
    0x00002ef8   0x00002ef8   0x0000000c   Code   RO         1667    i.lv_debug_check_null  lv_debug.o
    0x00002f04   0x00002f04   0x0000001c   Code   RO         1671    i.lv_debug_check_style  lv_debug.o
    0x00002f20   0x00002f20   0x0000007c   Code   RO         1672    i.lv_debug_log_error  lv_debug.o
    0x00002f9c   0x00002f9c   0x0000001a   Code   RO         4688    i.lv_disp_get_antialiasing  lv_hal_disp.o
    0x00002fb6   0x00002fb6   0x00000006   Code   RO         4689    i.lv_disp_get_buf   lv_hal_disp.o
    0x00002fbc   0x00002fbc   0x0000000c   Code   RO         4690    i.lv_disp_get_default  lv_hal_disp.o
    0x00002fc8   0x00002fc8   0x00000026   Code   RO         4691    i.lv_disp_get_hor_res  lv_hal_disp.o
    0x00002fee   0x00002fee   0x00000016   Code   RO         1779    i.lv_disp_get_layer_sys  lv_disp.o
    0x00003004   0x00003004   0x00000016   Code   RO         1780    i.lv_disp_get_layer_top  lv_disp.o
    0x0000301a   0x0000301a   0x00000016   Code   RO         1782    i.lv_disp_get_scr_act  lv_disp.o
    0x00003030   0x00003030   0x00000028   Code   RO         4694    i.lv_disp_get_ver_res  lv_hal_disp.o
    0x00003058   0x00003058   0x00000034   Code   RO         3173    i.lv_draw_aa_get_opa  lv_draw.o
    0x0000308c   0x0000308c   0x00000044   Code   RO         3671    i.lv_draw_cont_radius_corr  lv_draw_rect.o
    0x000030d0   0x000030d0   0x000001e4   Code   RO         3362    i.lv_draw_fill      lv_draw_basic.o
    0x000032b4   0x000032b4   0x0000008c   Code   RO         3177    i.lv_draw_get_buf   lv_draw.o
    0x00003340   0x00003340   0x00000090   Code   RO         3464    i.lv_draw_img       lv_draw_img.o
    0x000033d0   0x000033d0   0x0000053c   Code   RO         3575    i.lv_draw_label     lv_draw_label.o
    0x0000390c   0x0000390c   0x000005ae   Code   RO         3363    i.lv_draw_letter    lv_draw_basic.o
    0x00003eba   0x00003eba   0x00000330   Code   RO         3364    i.lv_draw_map       lv_draw_basic.o
    0x000041ea   0x000041ea   0x000000d6   Code   RO         3365    i.lv_draw_px        lv_draw_basic.o
    0x000042c0   0x000042c0   0x00000090   Code   RO         3672    i.lv_draw_rect      lv_draw_rect.o
    0x00004350   0x00004350   0x000010b0   Code   RO         3673    i.lv_draw_rect_border_corner  lv_draw_rect.o
    0x00005400   0x00005400   0x00000472   Code   RO         3674    i.lv_draw_rect_border_straight  lv_draw_rect.o
    0x00005872   0x00005872   0x00000c28   Code   RO         3675    i.lv_draw_rect_main_corner  lv_draw_rect.o
    0x0000649a   0x0000649a   0x00000164   Code   RO         3676    i.lv_draw_rect_main_mid  lv_draw_rect.o
    0x000065fe   0x000065fe   0x000000ae   Code   RO         3677    i.lv_draw_shadow    lv_draw_rect.o
    0x000066ac   0x000066ac   0x00000272   Code   RO         3678    i.lv_draw_shadow_bottom  lv_draw_rect.o
    0x0000691e   0x0000691e   0x000003e6   Code   RO         3679    i.lv_draw_shadow_full  lv_draw_rect.o
    0x00006d04   0x00006d04   0x000001b2   Code   RO         3680    i.lv_draw_shadow_full_straight  lv_draw_rect.o
    0x00006eb6   0x00006eb6   0x00000002   PAD
    0x00006eb8   0x00006eb8   0x0000000c   Code   RO         2329    i.lv_event_get_data  lv_obj.o
    0x00006ec4   0x00006ec4   0x00000020   Code   RO         2330    i.lv_event_mark_deleted  lv_obj.o
    0x00006ee4   0x00006ee4   0x0000004c   Code   RO         2331    i.lv_event_send     lv_obj.o
    0x00006f30   0x00006f30   0x000000c0   Code   RO         2332    i.lv_event_send_func  lv_obj.o
    0x00006ff0   0x00006ff0   0x00000010   Code   RO         4052    i.lv_font_get_glyph_bitmap  lv_font.o
    0x00007000   0x00007000   0x0000001e   Code   RO         4053    i.lv_font_get_glyph_dsc  lv_font.o
    0x0000701e   0x0000701e   0x00000026   Code   RO         4054    i.lv_font_get_glyph_width  lv_font.o
    0x00007044   0x00007044   0x00000006   Code   RO         8582    i.lv_font_get_line_height  lv_label.o
    0x0000704a   0x0000704a   0x00000006   Code   RO        10265    i.lv_font_get_line_height  lv_ta.o
    0x00007050   0x00007050   0x0000008c   Code   RO         1882    i.lv_group_add_obj  lv_group.o
    0x000070dc   0x000070dc   0x00000018   Code   RO         1886    i.lv_group_focus_next  lv_group.o
    0x000070f4   0x000070f4   0x00000018   Code   RO         1888    i.lv_group_focus_prev  lv_group.o
    0x0000710c   0x0000710c   0x00000012   Code   RO         1890    i.lv_group_get_editing  lv_group.o
    0x0000711e   0x0000711e   0x00000016   Code   RO         1892    i.lv_group_get_focused  lv_group.o
    0x00007134   0x00007134   0x0000003e   Code   RO         1897    i.lv_group_mod_style  lv_group.o
    0x00007172   0x00007172   0x00000046   Code   RO         1898    i.lv_group_refocus  lv_group.o
    0x000071b8   0x000071b8   0x00000088   Code   RO         1900    i.lv_group_remove_obj  lv_group.o
    0x00007240   0x00007240   0x00000170   Code   RO         3810    i.lv_img_cache_open  lv_img_cache.o
    0x000073b0   0x000073b0   0x0000003a   Code   RO         3474    i.lv_img_color_format_has_alpha  lv_draw_img.o
    0x000073ea   0x000073ea   0x0000002c   Code   RO         3475    i.lv_img_color_format_is_chroma_keyed  lv_draw_img.o
    0x00007416   0x00007416   0x00000002   PAD
    0x00007418   0x00007418   0x00000130   Code   RO         8295    i.lv_img_create     lv_img.o
    0x00007548   0x00007548   0x00000028   Code   RO         3884    i.lv_img_decoder_close  lv_img_decoder.o
    0x00007570   0x00007570   0x00000050   Code   RO         3887    i.lv_img_decoder_get_info  lv_img_decoder.o
    0x000075c0   0x000075c0   0x000000a8   Code   RO         3889    i.lv_img_decoder_open  lv_img_decoder.o
    0x00007668   0x00007668   0x00000034   Code   RO         3890    i.lv_img_decoder_read_line  lv_img_decoder.o
    0x0000769c   0x0000769c   0x000001a0   Code   RO         8296    i.lv_img_design     lv_img.o
    0x0000783c   0x0000783c   0x00000180   Code   RO         3476    i.lv_img_draw_core  lv_draw_img.o
    0x000079bc   0x000079bc   0x0000003c   Code   RO         8297    i.lv_img_get_auto_size  lv_img.o
    0x000079f8   0x000079f8   0x000001a0   Code   RO         8305    i.lv_img_set_src    lv_img.o
    0x00007b98   0x00007b98   0x0000008c   Code   RO         8306    i.lv_img_signal     lv_img.o
    0x00007c24   0x00007c24   0x0000002a   Code   RO         3477    i.lv_img_src_get_type  lv_draw_img.o
    0x00007c4e   0x00007c4e   0x00000002   PAD
    0x00007c50   0x00007c50   0x0000000c   Code   RO         2158    i.lv_indev_get_act  lv_indev.o
    0x00007c5c   0x00007c5c   0x0000001c   Code   RO         4875    i.lv_indev_get_next  lv_hal_indev.o
    0x00007c78   0x00007c78   0x0000000c   Code   RO         2160    i.lv_indev_get_obj_act  lv_indev.o
    0x00007c84   0x00007c84   0x00000020   Code   RO         2161    i.lv_indev_get_point  lv_indev.o
    0x00007ca4   0x00007ca4   0x0000000c   Code   RO         2163    i.lv_indev_get_type  lv_indev.o
    0x00007cb0   0x00007cb0   0x0000002a   Code   RO         2164    i.lv_indev_get_vect  lv_indev.o
    0x00007cda   0x00007cda   0x00000022   Code   RO         2166    i.lv_indev_is_dragging  lv_indev.o
    0x00007cfc   0x00007cfc   0x0000003e   Code   RO         2168    i.lv_indev_reset    lv_indev.o
    0x00007d3a   0x00007d3a   0x000000de   Code   RO         2990    i.lv_inv_area       lv_refr.o
    0x00007e18   0x00007e18   0x00000214   Code   RO         8583    i.lv_label_create   lv_label.o
    0x0000802c   0x0000802c   0x0000025e   Code   RO         8585    i.lv_label_design   lv_label.o
    0x0000828a   0x0000828a   0x0000002c   Code   RO         8586    i.lv_label_dot_tmp_free  lv_label.o
    0x000082b6   0x000082b6   0x00000002   PAD
    0x000082b8   0x000082b8   0x00000044   Code   RO         8587    i.lv_label_get_align  lv_label.o
    0x000082fc   0x000082fc   0x0000003c   Code   RO         8589    i.lv_label_get_body_draw  lv_label.o
    0x00008338   0x00008338   0x0000001c   Code   RO         8590    i.lv_label_get_dot_tmp  lv_label.o
    0x00008354   0x00008354   0x00000240   Code   RO         8591    i.lv_label_get_letter_on  lv_label.o
    0x00008594   0x00008594   0x000001f0   Code   RO         8592    i.lv_label_get_letter_pos  lv_label.o
    0x00008784   0x00008784   0x0000003c   Code   RO         8593    i.lv_label_get_long_mode  lv_label.o
    0x000087c0   0x000087c0   0x0000003c   Code   RO         8594    i.lv_label_get_recolor  lv_label.o
    0x000087fc   0x000087fc   0x00000038   Code   RO         8595    i.lv_label_get_text  lv_label.o
    0x00008834   0x00008834   0x00000030   Code   RO         8596    i.lv_label_get_text_sel_end  lv_label.o
    0x00008864   0x00008864   0x00000030   Code   RO         8597    i.lv_label_get_text_sel_start  lv_label.o
    0x00008894   0x00008894   0x000000d8   Code   RO         8598    i.lv_label_ins_text  lv_label.o
    0x0000896c   0x0000896c   0x0000043c   Code   RO         8600    i.lv_label_refr_text  lv_label.o
    0x00008da8   0x00008da8   0x00000078   Code   RO         8601    i.lv_label_revert_dots  lv_label.o
    0x00008e20   0x00008e20   0x00000054   Code   RO         8602    i.lv_label_set_align  lv_label.o
    0x00008e74   0x00008e74   0x00000058   Code   RO         8605    i.lv_label_set_body_draw  lv_label.o
    0x00008ecc   0x00008ecc   0x00000060   Code   RO         8606    i.lv_label_set_dot_tmp  lv_label.o
    0x00008f2c   0x00008f2c   0x000000b8   Code   RO         8607    i.lv_label_set_long_mode  lv_label.o
    0x00008fe4   0x00008fe4   0x00000018   Code   RO         8608    i.lv_label_set_offset_x  lv_label.o
    0x00008ffc   0x00008ffc   0x00000018   Code   RO         8609    i.lv_label_set_offset_y  lv_label.o
    0x00009014   0x00009014   0x00000054   Code   RO         8610    i.lv_label_set_recolor  lv_label.o
    0x00009068   0x00009068   0x00000078   Code   RO         8611    i.lv_label_set_static_text  lv_label.o
    0x000090e0   0x000090e0   0x00000104   Code   RO         8612    i.lv_label_set_text  lv_label.o
    0x000091e4   0x000091e4   0x00000158   Code   RO         8616    i.lv_label_signal   lv_label.o
    0x0000933c   0x0000933c   0x00000070   Code   RO         5628    i.lv_ll_chg_list    lv_ll.o
    0x000093ac   0x000093ac   0x0000000a   Code   RO         5630    i.lv_ll_get_head    lv_ll.o
    0x000093b6   0x000093b6   0x00000016   Code   RO         5632    i.lv_ll_get_next    lv_ll.o
    0x000093cc   0x000093cc   0x00000014   Code   RO         5633    i.lv_ll_get_prev    lv_ll.o
    0x000093e0   0x000093e0   0x0000000a   Code   RO         5634    i.lv_ll_get_tail    lv_ll.o
    0x000093ea   0x000093ea   0x00000016   Code   RO         5635    i.lv_ll_init        lv_ll.o
    0x00009400   0x00009400   0x00000040   Code   RO         5636    i.lv_ll_ins_head    lv_ll.o
    0x00009440   0x00009440   0x00000046   Code   RO         5638    i.lv_ll_ins_tail    lv_ll.o
    0x00009486   0x00009486   0x00000018   Code   RO         5639    i.lv_ll_is_empty    lv_ll.o
    0x0000949e   0x0000949e   0x0000008a   Code   RO         5641    i.lv_ll_rem         lv_ll.o
    0x00009528   0x00009528   0x00000040   Code   RO         5775    i.lv_mem_alloc      lv_mem.o
    0x00009568   0x00009568   0x0000005c   Code   RO         5777    i.lv_mem_free       lv_mem.o
    0x000095c4   0x000095c4   0x00000020   Code   RO         5778    i.lv_mem_get_size   lv_mem.o
    0x000095e4   0x000095e4   0x0000006c   Code   RO         5781    i.lv_mem_realloc    lv_mem.o
    0x00009650   0x00009650   0x000003f0   Code   RO         2334    i.lv_obj_align      lv_obj.o
    0x00009a40   0x00009a40   0x00000334   Code   RO         2335    i.lv_obj_align_origo  lv_obj.o
    0x00009d74   0x00009d74   0x0000003c   Code   RO         2336    i.lv_obj_allocate_ext_attr  lv_obj.o
    0x00009db0   0x00009db0   0x0000003c   Code   RO         2338    i.lv_obj_clear_protect  lv_obj.o
    0x00009dec   0x00009dec   0x00000388   Code   RO         2341    i.lv_obj_create     lv_obj.o
    0x0000a174   0x0000a174   0x00000114   Code   RO         2342    i.lv_obj_del        lv_obj.o
    0x0000a288   0x0000a288   0x000000c6   Code   RO         2345    i.lv_obj_design     lv_obj.o
    0x0000a34e   0x0000a34e   0x00000002   PAD
    0x0000a350   0x0000a350   0x00000034   Code   RO         2346    i.lv_obj_get_auto_realign  lv_obj.o
    0x0000a384   0x0000a384   0x00000006   Code   RO         2347    i.lv_obj_get_base_dir  lv_obj.o
    0x0000a38a   0x0000a38a   0x00000002   PAD
    0x0000a38c   0x0000a38c   0x00000048   Code   RO         2348    i.lv_obj_get_child  lv_obj.o
    0x0000a3d4   0x0000a3d4   0x00000038   Code   RO         2351    i.lv_obj_get_coords  lv_obj.o
    0x0000a40c   0x0000a40c   0x00000030   Code   RO         2352    i.lv_obj_get_design_cb  lv_obj.o
    0x0000a43c   0x0000a43c   0x00000084   Code   RO         2353    i.lv_obj_get_disp   lv_obj.o
    0x0000a4c0   0x0000a4c0   0x00000030   Code   RO         2359    i.lv_obj_get_ext_attr  lv_obj.o
    0x0000a4f0   0x0000a4f0   0x00000030   Code   RO         2365    i.lv_obj_get_group  lv_obj.o
    0x0000a520   0x0000a520   0x00000038   Code   RO         2366    i.lv_obj_get_height  lv_obj.o
    0x0000a558   0x0000a558   0x00000034   Code   RO         2368    i.lv_obj_get_hidden  lv_obj.o
    0x0000a58c   0x0000a58c   0x00000050   Code   RO         2370    i.lv_obj_get_opa_scale  lv_obj.o
    0x0000a5dc   0x0000a5dc   0x00000030   Code   RO         2372    i.lv_obj_get_parent  lv_obj.o
    0x0000a60c   0x0000a60c   0x00000040   Code   RO         2375    i.lv_obj_get_screen  lv_obj.o
    0x0000a64c   0x0000a64c   0x00000030   Code   RO         2376    i.lv_obj_get_signal_cb  lv_obj.o
    0x0000a67c   0x0000a67c   0x00000098   Code   RO         2377    i.lv_obj_get_style  lv_obj.o
    0x0000a714   0x0000a714   0x00000038   Code   RO         2380    i.lv_obj_get_width  lv_obj.o
    0x0000a74c   0x0000a74c   0x00000048   Code   RO         2381    i.lv_obj_get_width_fit  lv_obj.o
    0x0000a794   0x0000a794   0x00000048   Code   RO         2382    i.lv_obj_get_x      lv_obj.o
    0x0000a7dc   0x0000a7dc   0x00000048   Code   RO         2383    i.lv_obj_get_y      lv_obj.o
    0x0000a824   0x0000a824   0x00000022   Code   RO         2384    i.lv_obj_handle_get_type_signal  lv_obj.o
    0x0000a846   0x0000a846   0x00000002   PAD
    0x0000a848   0x0000a848   0x000000f4   Code   RO         2385    i.lv_obj_invalidate  lv_obj.o
    0x0000a93c   0x0000a93c   0x00000040   Code   RO         2386    i.lv_obj_is_focused  lv_obj.o
    0x0000a97c   0x0000a97c   0x0000003c   Code   RO         2387    i.lv_obj_is_protected  lv_obj.o
    0x0000a9b8   0x0000a9b8   0x00000064   Code   RO         2389    i.lv_obj_move_foreground  lv_obj.o
    0x0000aa1c   0x0000aa1c   0x00000064   Code   RO         2390    i.lv_obj_realign    lv_obj.o
    0x0000aa80   0x0000aa80   0x00000040   Code   RO         2391    i.lv_obj_refresh_ext_draw_pad  lv_obj.o
    0x0000aac0   0x0000aac0   0x00000044   Code   RO         2392    i.lv_obj_refresh_style  lv_obj.o
    0x0000ab04   0x0000ab04   0x00000040   Code   RO         2396    i.lv_obj_set_click  lv_obj.o
    0x0000ab44   0x0000ab44   0x00000030   Code   RO         2397    i.lv_obj_set_design_cb  lv_obj.o
    0x0000ab74   0x0000ab74   0x0000004c   Code   RO         2398    i.lv_obj_set_drag   lv_obj.o
    0x0000abc0   0x0000abc0   0x00000040   Code   RO         2401    i.lv_obj_set_drag_throw  lv_obj.o
    0x0000ac00   0x0000ac00   0x00000030   Code   RO         2402    i.lv_obj_set_event_cb  lv_obj.o
    0x0000ac30   0x0000ac30   0x00000040   Code   RO         2404    i.lv_obj_set_height  lv_obj.o
    0x0000ac70   0x0000ac70   0x0000006c   Code   RO         2405    i.lv_obj_set_hidden  lv_obj.o
    0x0000acdc   0x0000acdc   0x000000a4   Code   RO         2408    i.lv_obj_set_parent  lv_obj.o
    0x0000ad80   0x0000ad80   0x000000c8   Code   RO         2410    i.lv_obj_set_pos    lv_obj.o
    0x0000ae48   0x0000ae48   0x00000038   Code   RO         2411    i.lv_obj_set_protect  lv_obj.o
    0x0000ae80   0x0000ae80   0x00000030   Code   RO         2412    i.lv_obj_set_signal_cb  lv_obj.o
    0x0000aeb0   0x0000aeb0   0x000000dc   Code   RO         2413    i.lv_obj_set_size   lv_obj.o
    0x0000af8c   0x0000af8c   0x00000064   Code   RO         2414    i.lv_obj_set_style  lv_obj.o
    0x0000aff0   0x0000aff0   0x00000040   Code   RO         2416    i.lv_obj_set_width  lv_obj.o
    0x0000b030   0x0000b030   0x00000040   Code   RO         2417    i.lv_obj_set_x      lv_obj.o
    0x0000b070   0x0000b070   0x00000040   Code   RO         2418    i.lv_obj_set_y      lv_obj.o
    0x0000b0b0   0x0000b0b0   0x00000064   Code   RO         2419    i.lv_obj_signal     lv_obj.o
    0x0000b114   0x0000b114   0x00000288   Code   RO         9479    i.lv_page_create    lv_page.o
    0x0000b39c   0x0000b39c   0x000002d0   Code   RO         9480    i.lv_page_design    lv_page.o
    0x0000b66c   0x0000b66c   0x0000003c   Code   RO         9483    i.lv_page_get_edge_flash  lv_page.o
    0x0000b6a8   0x0000b6a8   0x0000005c   Code   RO         9485    i.lv_page_get_fit_width  lv_page.o
    0x0000b704   0x0000b704   0x00000038   Code   RO         9487    i.lv_page_get_scrl  lv_page.o
    0x0000b73c   0x0000b73c   0x00000012   Code   RO         9488    i.lv_page_get_scrl_width  lv_page.o
    0x0000b74e   0x0000b74e   0x00000002   PAD
    0x0000b750   0x0000b750   0x00000070   Code   RO         9490    i.lv_page_get_style  lv_page.o
    0x0000b7c0   0x0000b7c0   0x00000410   Code   RO         9493    i.lv_page_sb_refresh  lv_page.o
    0x0000bbd0   0x0000bbd0   0x0000006c   Code   RO         9494    i.lv_page_scroll_hor  lv_page.o
    0x0000bc3c   0x0000bc3c   0x0000006c   Code   RO         9495    i.lv_page_scroll_ver  lv_page.o
    0x0000bca8   0x0000bca8   0x0000051a   Code   RO         9496    i.lv_page_scrollable_signal  lv_page.o
    0x0000c1c2   0x0000c1c2   0x00000002   PAD
    0x0000c1c4   0x0000c1c4   0x00000044   Code   RO         9498    i.lv_page_set_edge_flash  lv_page.o
    0x0000c208   0x0000c208   0x000000a4   Code   RO         9499    i.lv_page_set_sb_mode  lv_page.o
    0x0000c2ac   0x0000c2ac   0x00000022   Code   RO        10266    i.lv_page_set_scrl_fit2  lv_ta.o
    0x0000c2ce   0x0000c2ce   0x00000002   PAD
    0x0000c2d0   0x0000c2d0   0x00000098   Code   RO         9501    i.lv_page_set_style  lv_page.o
    0x0000c368   0x0000c368   0x00000334   Code   RO         9502    i.lv_page_signal    lv_page.o
    0x0000c69c   0x0000c69c   0x0000007c   Code   RO         9503    i.lv_page_start_edge_flash  lv_page.o
    0x0000c718   0x0000c718   0x0000000c   Code   RO         2994    i.lv_refr_get_disp_refreshing  lv_refr.o
    0x0000c724   0x0000c724   0x0000000e   Code   RO          897    i.lv_scr_act        ui_components.o
    0x0000c732   0x0000c732   0x00000002   PAD
    0x0000c734   0x0000c734   0x000000a8   Code   RO         9504    i.lv_scrl_design    lv_page.o
    0x0000c7dc   0x0000c7dc   0x00000012   Code   RO         3102    i.lv_style_copy     lv_style.o
    0x0000c7ee   0x0000c7ee   0x00000002   PAD
    0x0000c7f0   0x0000c7f0   0x000001c4   Code   RO        10267    i.lv_ta_add_char    lv_ta.o
    0x0000c9b4   0x0000c9b4   0x00000204   Code   RO        10268    i.lv_ta_add_text    lv_ta.o
    0x0000cbb8   0x0000cbb8   0x0000002c   Code   RO        10269    i.lv_ta_clear_selection  lv_ta.o
    0x0000cbe4   0x0000cbe4   0x00000350   Code   RO        10270    i.lv_ta_create      lv_ta.o
    0x0000cf34   0x0000cf34   0x000000a4   Code   RO        10271    i.lv_ta_cursor_down  lv_ta.o
    0x0000cfd8   0x0000cfd8   0x00000044   Code   RO        10272    i.lv_ta_cursor_left  lv_ta.o
    0x0000d01c   0x0000d01c   0x00000040   Code   RO        10273    i.lv_ta_cursor_right  lv_ta.o
    0x0000d05c   0x0000d05c   0x00000094   Code   RO        10274    i.lv_ta_cursor_up   lv_ta.o
    0x0000d0f0   0x0000d0f0   0x00000168   Code   RO        10275    i.lv_ta_del_char    lv_ta.o
    0x0000d258   0x0000d258   0x00000050   Code   RO        10276    i.lv_ta_del_char_forward  lv_ta.o
    0x0000d2a8   0x0000d2a8   0x00000044   Code   RO        10277    i.lv_ta_design      lv_ta.o
    0x0000d2ec   0x0000d2ec   0x00000038   Code   RO        10278    i.lv_ta_get_accepted_chars  lv_ta.o
    0x0000d324   0x0000d324   0x00000038   Code   RO        10281    i.lv_ta_get_cursor_pos  lv_ta.o
    0x0000d35c   0x0000d35c   0x0000003c   Code   RO        10282    i.lv_ta_get_cursor_type  lv_ta.o
    0x0000d398   0x0000d398   0x0000000c   Code   RO        10283    i.lv_ta_get_edge_flash  lv_ta.o
    0x0000d3a4   0x0000d3a4   0x00000038   Code   RO        10284    i.lv_ta_get_label   lv_ta.o
    0x0000d3dc   0x0000d3dc   0x00000038   Code   RO        10285    i.lv_ta_get_max_length  lv_ta.o
    0x0000d414   0x0000d414   0x0000008c   Code   RO        10290    i.lv_ta_get_style   lv_ta.o
    0x0000d4a0   0x0000d4a0   0x0000004c   Code   RO        10291    i.lv_ta_get_text    lv_ta.o
    0x0000d4ec   0x0000d4ec   0x000001c4   Code   RO        10293    i.lv_ta_scrollable_design  lv_ta.o
    0x0000d6b0   0x0000d6b0   0x00000100   Code   RO        10294    i.lv_ta_scrollable_signal  lv_ta.o
    0x0000d7b0   0x0000d7b0   0x000001e4   Code   RO        10298    i.lv_ta_set_cursor_pos  lv_ta.o
    0x0000d994   0x0000d994   0x00000058   Code   RO        10299    i.lv_ta_set_cursor_type  lv_ta.o
    0x0000d9ec   0x0000d9ec   0x00000010   Code   RO        10300    i.lv_ta_set_edge_flash  lv_ta.o
    0x0000d9fc   0x0000d9fc   0x00000134   Code   RO        10303    i.lv_ta_set_one_line  lv_ta.o
    0x0000db30   0x0000db30   0x00000098   Code   RO        10304    i.lv_ta_set_placeholder_text  lv_ta.o
    0x0000dbc8   0x0000dbc8   0x0000009c   Code   RO        10307    i.lv_ta_set_style   lv_ta.o
    0x0000dc64   0x0000dc64   0x000001b0   Code   RO        10308    i.lv_ta_set_text    lv_ta.o
    0x0000de14   0x0000de14   0x000000cc   Code   RO        10309    i.lv_ta_set_text_align  lv_ta.o
    0x0000dee0   0x0000dee0   0x000002ec   Code   RO        10311    i.lv_ta_signal      lv_ta.o
    0x0000e1cc   0x0000e1cc   0x0000000c   Code   RO        11268    i.lv_theme_get_current  lv_theme.o
    0x0000e1d8   0x0000e1d8   0x0000001a   Code   RO         4970    i.lv_tick_elaps     lv_hal_tick.o
    0x0000e1f2   0x0000e1f2   0x00000002   PAD
    0x0000e1f4   0x0000e1f4   0x00000020   Code   RO         4971    i.lv_tick_get       lv_hal_tick.o
    0x0000e214   0x0000e214   0x0000001c   Code   RO         4972    i.lv_tick_inc       lv_hal_tick.o
    0x0000e230   0x0000e230   0x00000048   Code   RO         6027    i.lv_txt_cut        lv_txt.o
    0x0000e278   0x0000e278   0x000000bc   Code   RO         6028    i.lv_txt_get_next_line  lv_txt.o
    0x0000e334   0x0000e334   0x0000019c   Code   RO         6029    i.lv_txt_get_next_word  lv_txt.o
    0x0000e4d0   0x0000e4d0   0x000000cc   Code   RO         6030    i.lv_txt_get_size   lv_txt.o
    0x0000e59c   0x0000e59c   0x00000090   Code   RO         6031    i.lv_txt_get_width  lv_txt.o
    0x0000e62c   0x0000e62c   0x00000050   Code   RO         6032    i.lv_txt_ins        lv_txt.o
    0x0000e67c   0x0000e67c   0x00000048   Code   RO         6033    i.lv_txt_is_cmd     lv_txt.o
    0x0000e6c4   0x0000e6c4   0x000000a4   Code   RO         6034    i.lv_txt_unicode_to_utf8  lv_txt.o
    0x0000e768   0x0000e768   0x0000003e   Code   RO         6035    i.lv_txt_utf8_conv_wc  lv_txt.o
    0x0000e7a6   0x0000e7a6   0x00000002   PAD
    0x0000e7a8   0x0000e7a8   0x00000038   Code   RO         6036    i.lv_txt_utf8_get_byte_id  lv_txt.o
    0x0000e7e0   0x0000e7e0   0x00000028   Code   RO         6037    i.lv_txt_utf8_get_char_id  lv_txt.o
    0x0000e808   0x0000e808   0x00000028   Code   RO         6038    i.lv_txt_utf8_get_length  lv_txt.o
    0x0000e830   0x0000e830   0x00000148   Code   RO         6039    i.lv_txt_utf8_next  lv_txt.o
    0x0000e978   0x0000e978   0x00000060   Code   RO         6040    i.lv_txt_utf8_prev  lv_txt.o
    0x0000e9d8   0x0000e9d8   0x0000003c   Code   RO         6041    i.lv_txt_utf8_size  lv_txt.o
    0x0000ea14   0x0000ea14   0x00000070   Code   RO           21    i.main              main.o
    0x0000ea84   0x0000ea84   0x00000034   Code   RO           22    i.mainDelete        main.o
    0x0000eab8   0x0000eab8   0x00000074   Code   RO           23    i.mainDisplay       main.o
    0x0000eb2c   0x0000eb2c   0x00000030   Code   RO         5643    i.node_set_next     lv_ll.o
    0x0000eb5c   0x0000eb5c   0x0000002c   Code   RO         5644    i.node_set_prev     lv_ll.o
    0x0000eb88   0x0000eb88   0x0000002c   Code   RO         1910    i.obj_to_foreground  lv_group.o
    0x0000ebb4   0x0000ebb4   0x00000074   Code   RO        10313    i.placeholder_update  lv_ta.o
    0x0000ec28   0x0000ec28   0x00000060   Code   RO        10314    i.pwd_char_hider    lv_ta.o
    0x0000ec88   0x0000ec88   0x00000002   Code   RO        10315    i.pwd_char_hider_anim  lv_ta.o
    0x0000ec8a   0x0000ec8a   0x0000000e   Code   RO        10316    i.pwd_char_hider_anim_ready  lv_ta.o
    0x0000ec98   0x0000ec98   0x00000354   Code   RO        10317    i.refr_cursor_area  lv_ta.o
    0x0000efec   0x0000efec   0x00000050   Code   RO         2421    i.refresh_children_position  lv_obj.o
    0x0000f03c   0x0000f03c   0x00000042   Code   RO         2422    i.refresh_children_style  lv_obj.o
    0x0000f07e   0x0000f07e   0x0000004e   Code   RO         9505    i.scrl_def_event_cb  lv_page.o
    0x0000f0cc   0x0000f0cc   0x00000148   Code   RO         3366    i.sw_color_fill     lv_draw_basic.o
    0x0000f214   0x0000f214   0x00000050   Code   RO         3367    i.sw_mem_blend      lv_draw_basic.o
    0x0000f264   0x0000f264   0x00000010   Code   RO           25    i.textBusyDelete    main.o
    0x0000f274   0x0000f274   0x00000034   Code   RO           26    i.textBusyDisplay   main.o
    0x0000f2a8   0x0000f2a8   0x00000028   Code   RO           27    i.textDelete        main.o
    0x0000f2d0   0x0000f2d0   0x00000040   Code   RO           28    i.textDisplay       main.o
    0x0000f310   0x0000f310   0x000000d2   Code   RO        10318    i.update_cursor_position_on_click  lv_ta.o
    0x0000f3e2   0x0000f3e2   0x00000002   PAD
    0x0000f3e4   0x0000f3e4   0x000103c5   Data   RO           30    .constdata          main.o
    0x0001f7a9   0x0001f7a9   0x00000003   PAD
    0x0001f7ac   0x0001f7ac   0x00000028   Data   RO         1262    .constdata          matrix.o
    0x0001f7d4   0x0001f7d4   0x00000011   Data   RO         1674    .constdata          lv_debug.o
    0x0001f7e5   0x0001f7e5   0x00000024   Data   RO         3178    .constdata          lv_draw.o
    0x0001f809   0x0001f809   0x00000011   Data   RO         3681    .constdata          lv_draw_rect.o
    0x0001f81a   0x0001f81a   0x00000002   PAD
    0x0001f81c   0x0001f81c   0x00000020   Data   RO        12187    Region$$Table       anon$$obj.o


    Execution Region ER_RW (Exec base: 0x20000000, Load base: 0x0001f83c, Size: 0x000001e4, Max: 0xffffffff, ABSOLUTE, COMPRESSED[0x000000bc])

    Exec Addr    Load Addr    Size         Type   Attr      Idx    E Section Name        Object

    0x20000000   COMPRESSED   0x0000007c   Data   RW           31    .data               main.o
    0x2000007c   COMPRESSED   0x00000001   Data   RW          525    .data               uart.o
    0x2000007d   COMPRESSED   0x00000003   PAD
    0x20000080   COMPRESSED   0x00000008   Data   RW          900    .data               ui_components.o
    0x20000088   COMPRESSED   0x00000088   Data   RW         1263    .data               matrix.o
    0x20000110   COMPRESSED   0x00000002   Data   RW         1473    .data               fifo_custom.o
    0x20000112   COMPRESSED   0x00000002   PAD
    0x20000114   COMPRESSED   0x00000010   Data   RW         1523    .data               uart_putty.o
    0x20000124   COMPRESSED   0x00000008   Data   RW         2174    .data               lv_indev.o
    0x2000012c   COMPRESSED   0x0000000c   Data   RW         2424    .data               lv_obj.o
    0x20000138   COMPRESSED   0x00000008   Data   RW         3003    .data               lv_refr.o
    0x20000140   COMPRESSED   0x00000024   Data   RW         3179    .data               lv_draw.o
    0x20000164   COMPRESSED   0x00000002   Data   RW         3369    .data               lv_draw_basic.o
    0x20000166   COMPRESSED   0x00000002   Data   RW         3812    .data               lv_img_cache.o
    0x20000168   COMPRESSED   0x00000004   Data   RW         4701    .data               lv_hal_disp.o
    0x2000016c   COMPRESSED   0x00000005   Data   RW         4973    .data               lv_hal_tick.o
    0x20000171   COMPRESSED   0x00000003   PAD
    0x20000174   COMPRESSED   0x00000005   Data   RW         5017    .data               lv_anim.o
    0x20000179   COMPRESSED   0x00000003   PAD
    0x2000017c   COMPRESSED   0x0000000c   Data   RW         5596    .data               lv_gc.o
    0x20000188   COMPRESSED   0x00000008   Data   RW         5783    .data               lv_mem.o
    0x20000190   COMPRESSED   0x00000020   Data   RW         6042    .data               lv_txt.o
    0x200001b0   COMPRESSED   0x00000008   Data   RW         6497    .data               lv_btn.o
    0x200001b8   COMPRESSED   0x00000004   Data   RW         7623    .data               lv_cont.o
    0x200001bc   COMPRESSED   0x00000004   Data   RW         8307    .data               lv_img.o
    0x200001c0   COMPRESSED   0x00000004   Data   RW         8617    .data               lv_label.o
    0x200001c4   COMPRESSED   0x00000008   Data   RW         9506    .data               lv_page.o
    0x200001cc   COMPRESSED   0x00000014   Data   RW        10319    .data               lv_ta.o
    0x200001e0   COMPRESSED   0x00000004   Data   RW        11270    .data               lv_theme.o


    Execution Region ER_ZI (Exec base: 0x200001e4, Load base: 0x0001f8f8, Size: 0x00000eb4, Max: 0xffffffff, ABSOLUTE)

    Exec Addr    Load Addr    Size         Type   Attr      Idx    E Section Name        Object

    0x200001e4        -       0x00000010   Zero   RW         1261    .bss                matrix.o
    0x200001f4        -       0x00000040   Zero   RW         1472    .bss                fifo_custom.o
    0x20000234        -       0x00000080   Zero   RW         1522    .bss                uart_putty.o
    0x200002b4        -       0x00000340   Zero   RW         3107    .bss                lv_style.o
    0x200005f4        -       0x000001e0   Zero   RW         3368    .bss                lv_draw_basic.o
    0x200007d4        -       0x00000060   Zero   RW         5595    .bss                lv_gc.o
    0x20000834        -       0x00000060   Zero   RW        12061    .bss                c_w.l(libspace.o)
    0x20000894   0x0001f8f8   0x00000004   PAD
    0x20000898        -       0x00000000   Zero   RW            2    HEAP                startup.o
    0x20000898        -       0x00000800   Zero   RW            1    STACK               startup.o


==============================================================================

Image component sizes


      Code (inc. data)   RO Data    RW Data    ZI Data      Debug   Object Name

       168         36          0          2         64       2142   fifo_custom.o
       332         32          0          5          0       9977   lv_anim.o
         0          0          0          0          0      24958   lv_arc.o
       342          0          0          0          0       4969   lv_area.o
         0          0          0          0          0       1156   lv_async.o
         0          0          0          0          0       7207   lv_bar.o
         0          0          0          0          0       7428   lv_bidi.o
      1228        130          0          8          0      13666   lv_btn.o
         0          0          0          0          0       3886   lv_calendar.o
        98          0          0          0          0       1965   lv_circ.o
      3500        144          0          4          0      20583   lv_cont.o
       164          8         17          0          0      24420   lv_debug.o
        66          0          0          0          0      21932   lv_disp.o
       192         28         36         36          0      17786   lv_draw.o
      3518         34          0          2        480      28089   lv_draw_basic.o
       686         38          0          0          0      15972   lv_draw_img.o
      1434         22          0          0          0      14174   lv_draw_label.o
     11572         16         17          0          0      27229   lv_draw_rect.o
        84          0          0          0          0       3617   lv_font.o
         0          0          0         12         96       7782   lv_gc.o
       786         34          0          0          0      24386   lv_group.o
       122          6          0          4          0      27109   lv_hal_disp.o
        28          4          0          0          0      23766   lv_hal_indev.o
        86         20          0          5          0       2196   lv_hal_tick.o
      1336         98          0          4          0       6040   lv_img.o
       368         12          0          2          0      14258   lv_img_cache.o
       340         10          0          0          0      13244   lv_img_decoder.o
       206         12          0          8          0       7199   lv_indev.o
      5444        430          0          4          0      32518   lv_label.o
       584          0          0          0          0       7777   lv_ll.o
       468         22          0          8          0       5308   lv_mem.o
      7514        952          0         12          0      49904   lv_obj.o
      5966        238          0          8          0      50391   lv_page.o
       244          6          0          8          0       2580   lv_refr.o
         0          0          0          0          0       4988   lv_roller.o
        18          0          0          0        832       8638   lv_style.o
      8374        702          0         20          0      44567   lv_ta.o
        12          6          0          4          0      28757   lv_theme.o
      2018         70          0         32          0      15505   lv_txt.o
       620        264      66501        124          0      38186   main.o
       244         42         40        136         16       2993   matrix.o
       124          4          0          0          0        467   pll.o
       424         82          0          0          0       1738   sim800h.o
       692        632          0          0       2048        964   startup.o
        80          6          0          0          0       1449   systick.o
       446         54          0          1          0       2464   uart.o
       742        120          0         16        128       7776   uart_putty.o
       742         80          0          8          0      35979   ui_components.o

    ----------------------------------------------------------------------
     61452       4394      66648        484       3664     720085   Object Totals
         0          0         32          0          0          0   (incl. Generated)
        40          0          5         11          0          0   (incl. Padding)

    ----------------------------------------------------------------------

      Code (inc. data)   RO Data    RW Data    ZI Data      Debug   Library Member Name

        58          0          0          0          0          0   __dczerorl.o
         8          0          0          0          0         68   __main.o
         0          0          0          0          0          0   __rtentry.o
        12          0          0          0          0          0   __rtentry2.o
         6          0          0          0          0          0   __rtentry4.o
        52          8          0          0          0          0   __scatter.o
        28          0          0          0          0          0   __scatter_zi.o
        18          0          0          0          0         80   exit.o
         6          0          0          0          0        152   heapauxi.o
         0          0          0          0          0          0   indicate_semi.o
         2          0          0          0          0          0   libinit.o
         2          0          0          0          0          0   libinit2.o
         2          0          0          0          0          0   libshutdown.o
         2          0          0          0          0          0   libshutdown2.o
         8          4          0          0         96         68   libspace.o
        68          0          0          0          0         68   rt_memclr.o
        78          0          0          0          0         80   rt_memclr_w.o
       138          0          0          0          0         68   rt_memcpy_v6.o
       100          0          0          0          0         80   rt_memcpy_w.o
         2          0          0          0          0          0   rtexit.o
        10          0          0          0          0          0   rtexit2.o
        24          0          0          0          0         68   strcat.o
       128          0          0          0          0         68   strcmpv7m.o
        72          0          0          0          0         80   strcpy.o
        62          0          0          0          0         76   strlen.o
        12          4          0          0          0         68   sys_exit.o
        74          0          0          0          0         80   sys_stackheap_outer.o
         2          0          0          0          0         68   use_no_semi.o

    ----------------------------------------------------------------------
       984         16          0          0        100       1172   Library Totals
        10          0          0          0          4          0   (incl. Padding)

    ----------------------------------------------------------------------

      Code (inc. data)   RO Data    RW Data    ZI Data      Debug   Library Name

       974         16          0          0         96       1172   c_w.l

    ----------------------------------------------------------------------
       984         16          0          0        100       1172   Library Totals

    ----------------------------------------------------------------------

==============================================================================


      Code (inc. data)   RO Data    RW Data    ZI Data      Debug   

     62436       4410      66648        484       3764     702013   Grand Totals
     62436       4410      66648        188       3764     702013   ELF Image Totals (compressed)
     62436       4410      66648        188          0          0   ROM Totals

==============================================================================

    Total RO  Size (Code + RO Data)               129084 ( 126.06kB)
    Total RW  Size (RW Data + ZI Data)              4248 (   4.15kB)
    Total ROM Size (Code + RO Data + RW Data)     129272 ( 126.24kB)

==============================================================================

